    Start  xexm110   Fri Jul 24 21:59:38 PDT 2026


**********************************************************************************
Restart Step was NOT included in the job execution. Job will run from the beginning.
**********************************************************************************




**************************************************************************************************************
Calling:  xex015.ksh    Datetime: 07/24/26 21:59:38   Script: /tmp/xexm110_xex015.ksh_run
**************************************************************************************************************


: xex015.ksh,v 1.16 2020/11/19 18:06:16 pb0690 Exp $
export PROCNAME=$(basename $0 .ksh_run)
+ basename /tmp/xexm110_xex015.ksh_run .ksh_run
+ export PROCNAME=xexm110_xex015
trap 'abndalrt.ksh $?' err
+ trap abndalrt.ksh $? err
print ProcessId = $$
+ print ProcessId = 11731522
ProcessId = 11731522
         
############################################################################
# Initialize variables.                                                    #
#                                                                          #
# NOTE: No Step number here since this process should be performed each    #
#       time the script is run.                                            #
#                                                                          #
# Get JOB parm file values from zxex000.prm                                #
#  a) set parm file name                                                   #
#  b) set version flag (PR or WP)                                          #
#  c) set restart flag (T=restart, F=start from beginning)                 #
#  d) set unix_subdir subdirectory                                         #
#  e) set ftp machine                                                      #
#  f) set ftp directory                                                    #
############################################################################

#   use Korn shell '  grep' command to get job parm values
    PARMFILE=`        grep $JOBNAME.ksh $RACE/prm/zxex000.prm |awk '{print $2}'`
+ + grep xexm110.ksh /prod/race/ext/prm/zxex000.prm
+ awk {print $2}
PARMFILE=zxex100a.prm
    VERSION=`         grep $JOBNAME.ksh $RACE/prm/zxex000.prm |awk '{print $3}'`
+ + awk {print $3}
+ grep xexm110.ksh /prod/race/ext/prm/zxex000.prm
VERSION=PR
    RESTART_FLAG=`    grep $JOBNAME.ksh $RACE/prm/zxex000.prm |awk '{print $4}'`
+ + awk {print $4}
+ grep xexm110.ksh /prod/race/ext/prm/zxex000.prm
RESTART_FLAG=F
    FTP_MACHINE=`     grep $JOBNAME.ksh $RACE/prm/zxex000.prm |awk '{print $5}'`
+ + grep xexm110.ksh /prod/race/ext/prm/zxex000.prm
+ awk {print $5}
FTP_MACHINE=OPT006
    FTP_DEST_PATH=`   grep $JOBNAME.ksh $RACE/prm/zxex000.prm |awk '{print $6}'`
+ + awk {print $6}
+ grep xexm110.ksh /prod/race/ext/prm/zxex000.prm
FTP_DEST_PATH=d:/Data/Txtfiles
    RUN_TYPE=`        grep $JOBNAME.ksh $RACE/prm/zxex000.prm |awk '{print $8}'`
+ + grep xexm110.ksh /prod/race/ext/prm/zxex000.prm
+ awk {print $8}
RUN_TYPE=FULL
    SYS_DATE=`date +%EY%Om%d%H%M%OS`
+ + date +%EY%Om%d%H%M%OS
SYS_DATE=20260724215938

    export SQL_JOBNAME=$JOBNAME
+ export SQL_JOBNAME=xexm110
    export SQL_PARMFILE=$PARMFILE
+ export SQL_PARMFILE=zxex100a.prm
    export SQL_PARMFILE_PATH=$OBJ_PRMDIR
+ export SQL_PARMFILE_PATH=RACE_EXT_PRM_DIR
    export SQL_VERSION=$VERSION
+ export SQL_VERSION=PR
    export SQL_RESTART_FLAG=$RESTART_FLAG
+ export SQL_RESTART_FLAG=F
    export SQL_FTP_MACHINE=$FTP_MACHINE
+ export SQL_FTP_MACHINE=OPT006
    export SQL_FTP_DEST_PATH=$FTP_DEST_PATH
+ export SQL_FTP_DEST_PATH=d:/Data/Txtfiles
    export SQL_RUN_TYPE=$RUN_TYPE
+ export SQL_RUN_TYPE=FULL
    export SQL_SYS_DATE=$SYS_DATE
+ export SQL_SYS_DATE=20260724215938

    export EXTUSERID=`cat $RACE/prm/zxexpass.prm`
+ cat /prod/race/ext/prm/zxexpass.prm
+ export EXTUSERID=ext/f00tba11
    export EXTMUSERID=`cat $RACE/prm/zxexmini_pass.prm`
+ cat /prod/race/ext/prm/zxexmini_pass.prm
+ export EXTMUSERID=extm/gkz3swplk6f

    export FULL_LOG1=$RACE/log/${JOBNAME}_full_1_${SYS_DATE}.log1
+ export FULL_LOG1=/prod/race/ext/log/xexm110_full_1_20260724215938.log1
    export FULL_LOG2=$RACE/log/${JOBNAME}_full_2_${SYS_DATE}.log2
+ export FULL_LOG2=/prod/race/ext/log/xexm110_full_2_20260724215938.log2



#STEP Step010R
     export STEPNAME=Step010R
+ export STEPNAME=Step010R
     echo "    Start ${STEPNAME}    "$(date)
+ date
+ echo     Start Step010R    Fri Jul 24 21:59:38 PDT 2026
    Start Step010R    Fri Jul 24 21:59:38 PDT 2026
#######################################################################
#  Step010R   1. Execute SqlPlus script to create error report        #
#                Prefix of ${JOBNAME}a_ is added by report pgm.       #
#######################################################################

    set -

SQL*Plus: Release 11.2.0.4.0 Production on Fri Jul 24 21:59:38 2026

Copyright (c) 1982, 2013, Oracle.  All rights reserved.

Enter user-name: 
Connected to:
Oracle Database 11g Enterprise Edition Release 11.2.0.4.0 - 64bit Production
With the Partitioning option

SQL> SQL> SQL> SQL> SQL> SQL> SQL> SQL> SQL> SQL> SQL> SQL> SQL> SQL> SQL> 
Table dropped.

SQL>   2    3    4    5    6    7  
Table created.

SQL> SQL>   2    3    4    5    6    7    8    9   10   11   12   13   14   15   16   17   18   19   20   21   22   23   24   25   26   27   28   29   30   31   32   33   34   35   36   37   38   39   40   41   42   43   44   45   46   47   48   49   50   51   52   53   54   55   56   57   58   59   60   61   62   63   64   65   66   67   68   69   70   71   72   73   74   75   76   77   78   79   80   81   82   83   84   85   86   87   88   89   90   91   92   93   94   95   96   97   98   99  100  101  102  103  104  105  106  107  108  109  110  111  112  113  114  115  116  117  118  119  120  121  122  123  124  125  126  127  128  129  130  131  132  133  134  135  136  137  138  139  140  141  142  143  144  145  146  147  148  149  150  151  152  153  154  155  156  157  158  159  160  161  162  163  164  165  166  167  168  169  170  171  172  173  174  175  176  177  178  179  180  181  182  183  184  185  186  187  188  189  190  191  192  193  194  195  196  197  198  199  200  201  202  203  204  205  206  207  208  209  210  211  212  213  214  215  216  217  218  219  220  221  222  223  224  225  226  227  228  229  230  231  232  233  234  235  236  237  238  239  240  241  242  243  244  245  246  247  248  249  250  251  252  253  254  255  256  257  258  259  260  261  262  263  264  265  266  267  268  269  270  271  272  273  274  275  276  277  278  279  280  281  282  283  284  285  286  287  288  289  290  291  292  293  294  295  296  297  298  299  300  301  302  303  304  305  306  307  308  309  310  311  312  313  314  315  316  317  318  319  320  321  322  323  324  325  326  327  328  329  330  331  332  333  334  335  336  337  338  339  340  341  342  343  344  345  346  347  348  349  350  351  352  353  354  355  356  357  358  359  360  361  362  363  364  365  366  367  368  369  370  371  372  373  374  375  376  377  378  379  380  381  382  383  384  385  386  387  388  389  390  391  392  393  394  395  396  397  398  399  400  401  old 101: v_in_filename	   :='&vi_IN_FILE';
new 101: v_in_filename	   :='zxex100a.prm';
old 102: v_in_jobname	   :='&vi_IN_JOBNAME';
new 102: v_in_jobname	   :='xexm110';
old 103: v_in_dirname	   :='&vi_IN_DIR';
new 103: v_in_dirname	   :='RACE_EXT_PRM_DIR';
old 104: v_in_version	   :='&vi_IN_VERSION';
new 104: v_in_version	   :='PR';
old 105: v_rpt_filename    :='&vi_OUT_REPTFILE';
new 105: v_rpt_filename    :='xtrsum';
old 106: v_out_dirname	   :='&vi_OUT_DIR';
new 106: v_out_dirname	   :='RACE_EXT_RPT_DIR';
old 107: v_sys_date	   :='&vi_sys_date';
new 107: v_sys_date	   :='20260724215938';
Start: 07/24/2026 21:59:39
----------------------------------------
PRM  DIR: RACE_EXT_PRM_DIR
PRM FILE: zxex100a.prm
----------------------------------------
End: 07/24/2026 21:59:39

PL/SQL procedure successfully completed.

SQL> Disconnected from Oracle Database 11g Enterprise Edition Release 11.2.0.4.0 - 64bit Production
With the Partitioning option
  
    email_rpt.ksh "${JOBNAME}a"
+ email_rpt.ksh xexm110a
RCS : email_rpt.ksh,v 1.7 2021/11/02 19:13:13 pg2697 Exp $
LATEST REPORT TO BE EMAILED: xexm110a_xtrsum_20260724215938.txt from /prod/race/ext/tmp.

SQL*Plus: Release 11.2.0.4.0 Production on Fri Jul 24 21:59:39 2026

Copyright (c) 1982, 2013, Oracle.  All rights reserved.

Enter user-name: 
Connected to:
Oracle Database 11g Enterprise Edition Release 11.2.0.4.0 - 64bit Production
With the Partitioning option

SQL> SQL> SQL> SQL> SQL> Report Emailed: p_in_activity_level: prod
v_process_name: xexm110
v_report_id: xexm110a
p_in_report_filename: xexm110a_xtrsum_202607
24215938.txt
p_in_report_directory: RACE_EXT_TMP_DIR
v_email_name: xexm110a

PL/SQL procedure successfully completed.

SQL> SQL> Disconnected from Oracle Database 11g Enterprise Edition Release 11.2.0.4.0 - 64bit Production
With the Partitioning option
    rpt_log_retention.ksh "${JOBNAME}a"
+ rpt_log_retention.ksh xexm110a

 Begin rpt_log_retention.ksh 

Processing REPORTID=xexm110a

SQL*Plus: Release 11.2.0.4.0 Production on Fri Jul 24 21:59:39 2026

Copyright (c) 1982, 2013, Oracle.  All rights reserved.

Enter user-name: 
Connected to:
Oracle Database 11g Enterprise Edition Release 11.2.0.4.0 - 64bit Production
With the Partitioning option

SQL> SQL> SQL> 
PL/SQL procedure successfully completed.

SQL> SQL> Disconnected from Oracle Database 11g Enterprise Edition Release 11.2.0.4.0 - 64bit Production
With the Partitioning option
oldest file removed: /prod/race/ext/rpt/xexm110a_xtrsum_20260425150105.rpt (due to retention)

 End rpt_log_retention.ksh



#STEP Step020R
    export STEPNAME=Step020R
+ export STEPNAME=Step020R
    echo "    Start ${STEPNAME}    "$(date)
+ date
+ echo     Start Step020R    Fri Jul 24 21:59:39 PDT 2026
    Start Step020R    Fri Jul 24 21:59:39 PDT 2026
#######################################################################
#  Step020R   1. Execute package PKG_ULTRAMATE_BUILD to create UM file#
#######################################################################

if [ ${RUN_TYPE} = MINI ]
then

    sqlplus << % 2>&1 > $LOG
    $EXTMUSERID

    SET ECHO ON;
    SET FEEDBACK ON;
    SET VERIFY ON;
    SET LINESIZE 80;
    SET SERVEROUTPUT ON size unlimited;
    whenever sqlerror exit sql.sqlcode


BEGIN
   PKG_ULTRAMATE_BUILD.ULTRAMATE_MAIN('$OBJ_PRMDIR'
                                      ,'$SQL_RUN_TYPE'
                                      ,'$SQL_PARMFILE'
                                      ,'$OBJ_DATDIR_UMFULL'
                                      ,'$OBJ_DATDIR_UMMINI'
                                      ,'$SQL_VERSION'
                                      ,'$SQL_RESTART_FLAG'
                                      ,'$SQL_FTP_MACHINE'
                                      ,'$SQL_FTP_DEST_PATH');
END;
/
QUIT;
%

else
    sqlplus << % 2>&1 > $LOG
    $EXTUSERID

    SET ECHO ON;
    SET FEEDBACK ON;
    SET VERIFY ON;
    SET LINESIZE 80;
    SET SERVEROUTPUT ON;
    whenever sqlerror exit sql.sqlcode

BEGIN
   PKG_ULTRAMATE_PREPARSE.ULTRAMATE_PREPARSE('$SQL_PARMFILE_PATH'
                                      ,'$SQL_RUN_TYPE'
                                      ,'$SQL_PARMFILE'
                                      ,'$OBJ_DATDIR_UMFULL'
                                      ,'$OBJ_DATDIR_UMMINI'
                                      ,'$SQL_VERSION'
                                      ,'$SQL_RESTART_FLAG'
                                      ,'$SQL_FTP_MACHINE'
                                      ,'$SQL_FTP_DEST_PATH');
END;
/
QUIT;
%

fi
+ [ FULL = MINI ]
+ sqlplus
+ 0<<
    ext/f00tba11

    SET ECHO ON;
    SET FEEDBACK ON;
    SET VERIFY ON;
    SET LINESIZE 80;
    SET SERVEROUTPUT ON;
    whenever sqlerror exit sql.sqlcode

BEGIN
   PKG_ULTRAMATE_PREPARSE.ULTRAMATE_PREPARSE('RACE_EXT_PRM_DIR'
                                      ,'FULL'
                                      ,'zxex100a.prm'
                                      ,'RACE_EXT_DAT_UMFULL_DIR'
                                      ,'RACE_EXT_DAT_UMMINI_DIR'
                                      ,'PR'
                                      ,'F'
                                      ,'OPT006'
                                      ,'d:/Data/Txtfiles');
END;
/
QUIT;
2>& 1 
SQL*Plus: Release 11.2.0.4.0 Production on Fri Jul 24 21:59:39 2026

Copyright (c) 1982, 2013, Oracle.  All rights reserved.

Enter user-name: 
Connected to:
Oracle Database 11g Enterprise Edition Release 11.2.0.4.0 - 64bit Production
With the Partitioning option

SQL> SQL> SQL> SQL> SQL> SQL> SQL> SQL> SQL>   2    3    4    5    6    7    8    9   10   11   12  Running in prod environment. ftp_on_flag set to true.
296 00007 => Service not found!
025 00017 => Service not found!
296 00009 => Service not found!
296 00008 => Service not found!
011 56000 => Service not found!
712 00018 => Service not found!
TRUNCATE TABLE EXT.tmp_um_body
TRUNCATE TABLE EXT.tmp_um_smartprtc
TRUNCATE TABLE EXT.tmp_um_service_prtc

PL/SQL procedure successfully completed.

SQL> Disconnected from Oracle Database 11g Enterprise Edition Release 11.2.0.4.0 - 64bit Production
With the Partitioning option

#STEP Step030R
    export STEPNAME=Step030R
+ export STEPNAME=Step030R
    echo "    Start ${STEPNAME}    "$(date)
+ date
+ echo     Start Step030R    Fri Jul 24 22:38:33 PDT 2026
    Start Step030R    Fri Jul 24 22:38:33 PDT 2026
########################################################################
#  Step030R   Mini Processes complete; Exit script.                    #
#             Following steps are only processed for FULL builds       #
########################################################################

if [ ${RUN_TYPE} = MINI ]
then
    echo "MINI processes complete..."
    exit;
else
    export SQL_FULL_PROC_NUM=1
    xex017.ksh  > ${FULL_LOG1} 2>&1 &

    export SQL_FULL_PROC_NUM=2
    xex017.ksh  > ${FULL_LOG2} 2>&1 &

    wait

    xex018.ksh >> ${FULL_LOG1} 2>&1 &

    xex019.ksh >> ${FULL_LOG2} 2>&1 &

    wait
fi
+ [ FULL = MINI ]
+ export SQL_FULL_PROC_NUM=1
+ xex017.ksh
+ + export SQL_FULL_PROC_NUM=2
+ xex017.ksh
+ + wait
1> /prod/race/ext/log/xexm110_full_1_20260724215938.log1 2>& 1
1> /prod/race/ext/log/xexm110_full_2_20260724215938.log2 2>& 1
+ xex018.ksh
+ 1>> /prod/race/ext/log/xexm110_full_1_20260724215938.log1 2>& 1
+ xex019.ksh
+ 1>> /prod/race/ext/log/xexm110_full_2_20260724215938.log2 2>& 1
+ wait

#   use Korn shell '  grep' command to check if either of the xex017 executes abended
#   NOTE: you cannot have spaces before and after the = sign! in the export statement

export FOUND_FLG1=`grep -c 'ORA-' ${FULL_LOG1}`
+ grep -c ORA- /prod/race/ext/log/xexm110_full_1_20260724215938.log1
+ export FOUND_FLG1=0
export FOUND_FLG2=`grep -c 'ORA-' ${FULL_LOG2}`
+ grep -c ORA- /prod/race/ext/log/xexm110_full_2_20260724215938.log2
+ export FOUND_FLG2=0

if [ ${FOUND_FLG1} = "0" ] && [ ${FOUND_FLG2} = "0" ]
then
    xex999.ksh
else
    echo "ERROR OCCURRED DURING BACKGROUND EXECUTION OF xex017. CHECK LOG1 AND LOG2 FILES FOR ORACLE ERROR MSG."
    exit 1;
fi
+ [ 0 = 0 ]
+ [ 0 = 0 ]
+ xex999.ksh
echo "$Id: xex999.ksh,v 1.3 2020/06/08 23:20:50 pb0690 Exp $JOBNAME.ksh,v 1.1 2001/10/26 09:09:09 jn0132 Exp $"
+ echo : xex999.ksh,v 1.3 2020/06/08 23:20:50 pb0690 Exp xexm110.ksh,v 1.1 2001/10/26 09:09:09 jn0132 Exp $
: xex999.ksh,v 1.3 2020/06/08 23:20:50 pb0690 Exp xexm110.ksh,v 1.1 2001/10/26 09:09:09 jn0132 Exp $
         
sqlplus <<% 
$EXTUSERID
SET ECHO ON;
SET FEEDBACK ON;
SET VERIFY ON;
SET LINESIZE 80;
SET SERVEROUTPUT ON; 
whenever sqlerror exit sql.sqlcode

BEGIN
 
PKG_ULTRAMATE_DONE.ULTRAMATE_DONE('$SQL_PARMFILE_PATH'
                                 ,'$SQL_RUN_TYPE'
                                 ,'$SQL_PARMFILE'
                                 ,'$OBJ_DATDIR_UMFULL'
                                 ,'$OBJ_DATDIR_UMMINI'
                                 ,'$SQL_VERSION'
                                 ,'$SQL_RESTART_FLAG'
                                 ,'$SQL_FTP_MACHINE'
                                 ,'$SQL_FTP_DEST_PATH');
END;
/
QUIT;
%
+ sqlplus
+ 0<<
ext/f00tba11
SET ECHO ON;
SET FEEDBACK ON;
SET VERIFY ON;
SET LINESIZE 80;
SET SERVEROUTPUT ON; 
whenever sqlerror exit sql.sqlcode

BEGIN
 
PKG_ULTRAMATE_DONE.ULTRAMATE_DONE('RACE_EXT_PRM_DIR'
                                 ,'FULL'
                                 ,'zxex100a.prm'
                                 ,'RACE_EXT_DAT_UMFULL_DIR'
                                 ,'RACE_EXT_DAT_UMMINI_DIR'
                                 ,'PR'
                                 ,'F'
                                 ,'OPT006'
                                 ,'d:/Data/Txtfiles');
END;
/
QUIT;

SQL*Plus: Release 11.2.0.4.0 Production on Sat Jul 25 13:31:56 2026

Copyright (c) 1982, 2013, Oracle.  All rights reserved.

Enter user-name: 
Connected to:
Oracle Database 11g Enterprise Edition Release 11.2.0.4.0 - 64bit Production
With the Partitioning option

SQL> SQL> SQL> SQL> SQL> SQL> SQL> SQL>   2    3    4    5    6    7    8    9   10   11   12   13  Running in prod environment. ftp_on_flag set to true.

PL/SQL procedure successfully completed.

SQL> Disconnected from Oracle Database 11g Enterprise Edition Release 11.2.0.4.0 - 64bit Production
With the Partitioning option

############################################################################
#  END                                                                     #
###########################################################################

#STEP Step999R
    export STEPNAME=Step999R
+ export STEPNAME=Step999R
    echo "    Start ${STEPNAME}    "$(date)
+ date
+ echo     Start Step999R    Sat Jul 25 13:39:04 PDT 2026
    Start Step999R    Sat Jul 25 13:39:04 PDT 2026
#############################################################################
# Step999R    1. Remove all temp files                                      #
#############################################################################

    rm -f $RACE/tmp/$JOBNAME*
+ rm -f /prod/race/ext/tmp/xexm110*

############################################################################
# END                                                                     #
############################################################################


**************************************************************************************************************
Finished: xex015.ksh    Datetime: 07/25/26 13:39:04   Script: /tmp/xexm110_xex015.ksh_run
**************************************************************************************************************



 Begin rpt_log_retention.ksh 

Processing REPORTID=xexm110_

SQL*Plus: Release 11.2.0.4.0 Production on Sat Jul 25 13:39:04 2026

Copyright (c) 1982, 2013, Oracle.  All rights reserved.

Enter user-name: 
Connected to:
Oracle Database 11g Enterprise Edition Release 11.2.0.4.0 - 64bit Production
With the Partitioning option

SQL> SQL> SQL> 
PL/SQL procedure successfully completed.

SQL> SQL> Disconnected from Oracle Database 11g Enterprise Edition Release 11.2.0.4.0 - 64bit Production
With the Partitioning option
oldest file removed: /prod/race/ext/log/xexm110_20260425150105.log (due to retention)
oldest file removed: /prod/race/ext/log/xexm110_full_2_20260425150105.log2 (due to retention)
oldest file removed: /prod/race/ext/log/xexm110_full_1_20260425150105.log1 (due to retention)

 End rpt_log_retention.ksh
    End    xexm110   Sat Jul 25 13:39:04 PDT 2026
