    Start  xexm100   Fri Jul 24 19:14:55 PDT 2026


**********************************************************************************
Restart Step was NOT included in the job execution. Job will run from the beginning.
**********************************************************************************




**************************************************************************************************************
Calling:  xex010.ksh    Datetime: 07/24/26 19:14:55   Script: /tmp/xexm100_xex010.ksh_run
**************************************************************************************************************


: xex010.ksh,v 1.8 2022/08/11 19:07:51 pg2697 Exp xexm100.ksh,v 1.1 2001/10/26 09:09:09 jn0132 Exp $
export PROCNAME=$(basename $0 .ksh_run)
+ basename /tmp/xexm100_xex010.ksh_run .ksh_run
+ export PROCNAME=xexm100_xex010
trap 'abndalrt.ksh $?' err
+ trap abndalrt.ksh $? err
         
############################################################################
# Initialize variables.                                                    #
#                                                                          #
# NOTE: No Step number here since this process should be performed each    #
#       time the script is run.                                            #
#                                                                          #
# Get JOB parm file values from zxex000.prm                                #
#  a) set parm file name                                                   #
#  b) set restart flag (T=restart, F=start from beginning)                 #
#  c) set parmfile subdirectory                                            #
#  d) set ftp machine                                                      #
#  e) set ftp directory                                                    #
############################################################################

#   use Korn shell 'grep' command to get job parm values
    PARMFILE=`      grep $JOBNAME.ksh $RACE/prm/zxex000.prm |awk '{print $2}'`
+ + grep xexm100.ksh /prod/race/ext/prm/zxex000.prm
+ awk {print $2}
PARMFILE=zxex100a.prm
    VERSION=`       grep $JOBNAME.ksh $RACE/prm/zxex000.prm |awk '{print $3}'`
+ + grep xexm100.ksh /prod/race/ext/prm/zxex000.prm
+ awk {print $3}
VERSION=PR
    XFER_FILE=`     grep $JOBNAME.ksh $RACE/prm/zxex000.prm |awk '{print $7}'`
+ + grep xexm100.ksh /prod/race/ext/prm/zxex000.prm
+ awk {print $7}
XFER_FILE=bcsprod.prm
    RUN_TYPE=`      grep $JOBNAME.ksh $RACE/prm/zxex000.prm |awk '{print $8}'`
+ + grep xexm100.ksh /prod/race/ext/prm/zxex000.prm
+ awk {print $8}
RUN_TYPE=FULL
    SYS_DATE=`date +%EY%Om%d%H%M%OS`
+ + date +%EY%Om%d%H%M%OS
SYS_DATE=20260724191455

    export SQL_JOBNAME=$JOBNAME
+ export SQL_JOBNAME=xexm100
    export SQL_PARMFILE=$PARMFILE
+ export SQL_PARMFILE=zxex100a.prm
    export SQL_PARMFILE_PATH=$OBJ_PRMDIR
+ export SQL_PARMFILE_PATH=RACE_EXT_PRM_DIR
    export SQL_VERSION=$VERSION
+ export SQL_VERSION=PR
    export SQL_SYS_DATE=$SYS_DATE
+ export SQL_SYS_DATE=20260724191455

    export EXTUSERID=`cat $RACE/prm/zxexpass.prm`
+ cat /prod/race/ext/prm/zxexpass.prm
+ export EXTUSERID=ext/f00tba11

#STEP Step010R
   export STEPNAME=Step010R
+ export STEPNAME=Step010R
    echo "    Start " ${STEPNAME} "    "$(date)
+ date
+ echo     Start  Step010R     Fri Jul 24 19:14:55 PDT 2026
    Start  Step010R     Fri Jul 24 19:14:55 PDT 2026
#*******************************************************************
#* Step010R: REMOVE ANY PREVIOUSLY CREATED DATASET                 *
#*           UPLOAD NOVELL MFR/SRVC: mprod/race/bcsprod.prm        *
#*******************************************************************

    if [ $XFER_FILE != "N/A" ]
    then

# RM -F any previous .tmp file(s):
         rm -f $RACE/tmp/${JOBNAME}_bcswrk.tmp
         rm -f $RACE/tmp/${JOBNAME}_bcsxfr.tmp

# Declare Novell, UX  disk file variable & Novell Source Directory:
         export DD_NOVELDSK=$XFER_FILE
         export DD_UNIXDSK=$RACE/tmp/${JOBNAME}_bcswrk.tmp
         export DD_NOVELDIR=${NOVELL}usrdat
         export DD_FTPLOG=$RACE/tmp/${JOBNAME}_bcsxfr.tmp

         fileget.exp $DD_NOVELDSK $DD_UNIXDSK $DD_NOVELDIR \
         | tee $DD_FTPLOG

         echo; date

        #Check that DD_UNIXDSK exists and is not Null:
         if [ ! -s $DD_UNIXDSK ]
         then
              echo "Error: Unix file was not created !!\a"
              abndalrt.ksh ftp_null_file
         fi

         novelcount="$(grep 'Information returned by' $DD_FTPLOG | awk '{print $1}')"
         unixcount="$(wc -c $DD_UNIXDSK | awk ' {print $1}')"

         if [ novelcount -eq unixcount ]
         then
            echo "Succeeded ftp of file $DD_NOVELDSK, bytes =$novelcount"
         else
            echo "ftp get of file $DD_NOVELDSK failed: ftp says $novelcount, Unix count is $unixcount"
            abndalrt.ksh ftp_get
         fi
    else
        echo "continuing to extract......."
    fi
+ [ bcsprod.prm != N/A ]
+ rm -f /prod/race/ext/tmp/xexm100_bcswrk.tmp
+ rm -f /prod/race/ext/tmp/xexm100_bcsxfr.tmp
+ export DD_NOVELDSK=bcsprod.prm
+ export DD_UNIXDSK=/prod/race/ext/tmp/xexm100_bcswrk.tmp
+ export DD_NOVELDIR=prod/usrdat
+ export DD_FTPLOG=/prod/race/ext/tmp/xexm100_bcsxfr.tmp
+ fileget.exp bcsprod.prm /prod/race/ext/tmp/xexm100_bcswrk.tmp prod/usrdat
+ tee /prod/race/ext/tmp/xexm100_bcsxfr.tmp

ftp server: prod3nt.production.int

Establishing ftp connection to prod3nt.production.int

ftp command: binary
ftp response: Type set to I.

ftp command: cd /cdprod02/ftp_data/prod/usrdat
ftp response: CWD command successful.

ftp command: get bcsprod.prm /prod/race/ext/tmp/xexm100_bcswrk.tmp
ftp response: Transfer complete.
8 bytes received in 6.6e-05 seconds (118.4 Kbytes/s)
local: /prod/race/ext/tmp/xexm100_bcswrk.tmp remote: bcsprod.prm

8 bcsprod.prm  (Information returned by "dir" on NT side.)

ftp command: quit
ftp response: Transfer complete.
+ echo

+ date
Fri Jul 24 19:15:05 PDT 2026
+ [ ! -s /prod/race/ext/tmp/xexm100_bcswrk.tmp ]
+ + grep Information returned by /prod/race/ext/tmp/xexm100_bcsxfr.tmp
+ awk {print $1}
novelcount=8
+ + wc -c /prod/race/ext/tmp/xexm100_bcswrk.tmp
+ awk  {print $1}
unixcount=8
+ [ novelcount -eq unixcount ]
+ echo Succeeded ftp of file bcsprod.prm, bytes =8
Succeeded ftp of file bcsprod.prm, bytes =8

#*******************************************************************
#* TRANSLATE   : REMOVE CARRIAGE RETURNS AND LAST LINE WITH ^Z     *
#*               BEFORE USING FILE IN UNIX                         *
#*               RENAME TRANSFER WORK FILE TO bcsprod.xfr          *
#*******************************************************************
  if [ $XFER_FILE != "N/A" ]
  then
     cat $DD_UNIXDSK | tr -d '\015' | sed -e '$d' > $RACE/dat/${JOBNAME}_bcsprod.xfr
     rm -f $RACE/prm/$PARMFILE
     mv $RACE/dat/${JOBNAME}_bcsprod.xfr $RACE/prm/$PARMFILE
  else
        echo "no translate performed ......."
  fi
+ [ bcsprod.prm != N/A ]
+ cat /prod/race/ext/tmp/xexm100_bcswrk.tmp
+ tr -d \015
+ sed -e $d
+ 1> /prod/race/ext/dat/xexm100_bcsprod.xfr
+ rm -f /prod/race/ext/prm/zxex100a.prm
+ mv /prod/race/ext/dat/xexm100_bcsprod.xfr /prod/race/ext/prm/zxex100a.prm

#STEP Step020R
    export STEPNAME=Step020R
+ export STEPNAME=Step020R
    echo "    Start ${STEPNAME}    "$(date)
+ date
+ echo     Start Step020R    Fri Jul 24 19:15:05 PDT 2026
    Start Step020R    Fri Jul 24 19:15:05 PDT 2026
#######################################################################
#  Step020R   1. Execute procedure sp_forward_pointer_purge to remove #
#                pointed lines more than a year old prior to extract  #
#             2. Execute procedure sp_race_to_ext to copy Race to Ext #
#######################################################################
export LOG="$(basename $0 .sql)".log
+ basename /tmp/xexm100_xex010.ksh_run .sql
+ export LOG=xexm100_xex010.ksh_run.log

sqlplus << CODE_BLOCK 2>&1 > $LOG
$EXTUSERID
SET ECHO ON;
SET FEEDBACK ON;
SET VERIFY ON;
SET LINESIZE 80;
SET SERVEROUTPUT ON; 
whenever sqlerror exit sql.sqlcode


/* 2022/08/10 (AES-2674)-------------------------------
-- Comment out execution of Forward Pointer Purge procedure.
-- It's causing issue with UM/MCE Claims, where they can no longer find part line.
                       
-- exec sp_forward_pointer_purge;

-- 2022/08/10 (AES-2674)-------------------------------*/              

exec sp_race_to_ext('$SQL_PARMFILE_PATH','$SQL_PARMFILE','$SQL_VERSION','$RUN_TYPE');

QUIT;
CODE_BLOCK
+ sqlplus
+ 0<<
ext/f00tba11
SET ECHO ON;
SET FEEDBACK ON;
SET VERIFY ON;
SET LINESIZE 80;
SET SERVEROUTPUT ON; 
whenever sqlerror exit sql.sqlcode


/* 2022/08/10 (AES-2674)-------------------------------
-- Comment out execution of Forward Pointer Purge procedure.
-- It's causing issue with UM/MCE Claims, where they can no longer find part line.
                       
-- exec sp_forward_pointer_purge;

-- 2022/08/10 (AES-2674)-------------------------------*/              

exec sp_race_to_ext('RACE_EXT_PRM_DIR','zxex100a.prm','PR','FULL');

QUIT;
2>& 1 1> xexm100_xex010.ksh_run.log


#STEP Step030R
    export STEPNAME=Step030R
+ export STEPNAME=Step030R
    echo "    Start ${STEPNAME}    "$(date)
+ date
+ echo     Start Step030R    Fri Jul 24 19:20:51 PDT 2026
    Start Step030R    Fri Jul 24 19:20:51 PDT 2026
#######################################################################
#  Step030R   1. Execute procedure sp_update_special_graphics to 
#                update Special_Material_Graphic table with new png
#                filenames.
#             2. Email ADD report to recipients.
#######################################################################
export LOG="$(basename $0 .sql)".log
+ basename /tmp/xexm100_xex010.ksh_run .sql
+ export LOG=xexm100_xex010.ksh_run.log
export ADD_RPT_NAME=${JOBNAME}a_spec_graphic_add_$(date +'%C%y%m%d%H%M%S').rpt
+ date +%C%y%m%d%H%M%S
+ export ADD_RPT_NAME=xexm100a_spec_graphic_add_20260724192051.rpt
export ALL_RPT_NAME=${JOBNAME}b_spec_graphic_all_$(date +'%C%y%m%d%H%M%S').rpt
+ date +%C%y%m%d%H%M%S
+ export ALL_RPT_NAME=xexm100b_spec_graphic_all_20260724192051.rpt
export SOURCE_FILE=${RACE}/rpt/${ALL_RPT_NAME}
+ export SOURCE_FILE=/prod/race/ext/rpt/xexm100b_spec_graphic_all_20260724192051.rpt
export NT_FILE=${JOBNAME}b_spec_graphic_all_rpt.txt
+ export NT_FILE=xexm100b_spec_graphic_all_rpt.txt
export FTP_LOGFILE=${RACE}/tmp/${JOBNAME}_rptxfer.tmp
+ export FTP_LOGFILE=/prod/race/ext/tmp/xexm100_rptxfer.tmp

if [ $RUN_TYPE = "FULL" ]
  then

sqlplus << CODE_BLOCK 2>&1 > $LOG
$EXTUSERID
SET ECHO ON;
SET FEEDBACK ON;
SET VERIFY ON;
SET LINESIZE 80;
SET SERVEROUTPUT ON; 
whenever sqlerror exit sql.sqlcode

exec sp_update_special_graphics(p_in_run_type => '${RUN_TYPE}', \
                           p_in_rptpath  => '${OBJ_RPTDIR}', \
                           p_in_add_rpt  => '${ADD_RPT_NAME}', \
                           p_in_all_rpt  => '${ALL_RPT_NAME}');

QUIT;
CODE_BLOCK

#email report a
email_rpt.ksh "${JOBNAME}a" 
rpt_log_retention.ksh "${JOBNAME}a"

#report b is not emailed. It is transfered to NT.
rpt_log_retention.ksh "${JOBNAME}b"

# Copy the "ALL" report to the Network      
fileput.exp ${SOURCE_FILE} ${NT_FILE} ${NOVELL}usrdat ascii | tee ${FTP_LOGFILE}

# With ASCII transfer, you cannot compare unix byte count to FTPBYTECOUNT to determine successful transfer   
FTPBYTECOUNT="$(cat ${FTP_LOGFILE} | grep 'Information returned by' | awk '{print $1}')"

fi
+ [ FULL = FULL ]
+ sqlplus
+ 0<<
ext/f00tba11
SET ECHO ON;
SET FEEDBACK ON;
SET VERIFY ON;
SET LINESIZE 80;
SET SERVEROUTPUT ON; 
whenever sqlerror exit sql.sqlcode

exec sp_update_special_graphics(p_in_run_type => 'FULL',                            p_in_rptpath  => 'RACE_EXT_RPT_DIR',                            p_in_add_rpt  => 'xexm100a_spec_graphic_add_20260724192051.rpt',                            p_in_all_rpt  => 'xexm100b_spec_graphic_all_20260724192051.rpt');

QUIT;
2>& 1 1> xexm100_xex010.ksh_run.log
+ email_rpt.ksh xexm100a
RCS : email_rpt.ksh,v 1.7 2021/11/02 19:13:13 pg2697 Exp $
LATEST REPORT TO BE EMAILED: xexm100a_spec_graphic_add_20260724192051.txt from /prod/race/ext/tmp.
+ rpt_log_retention.ksh xexm100a

 Begin rpt_log_retention.ksh 

Processing REPORTID=xexm100a
oldest file removed: /prod/race/ext/rpt/xexm100a_spec_graphic_add_20260424193308.rpt (due to retention)

 End rpt_log_retention.ksh
+ rpt_log_retention.ksh xexm100b

 Begin rpt_log_retention.ksh 

Processing REPORTID=xexm100b
oldest file removed: /prod/race/ext/rpt/xexm100b_spec_graphic_all_20260424193308.rpt (due to retention)

 End rpt_log_retention.ksh
+ tee /prod/race/ext/tmp/xexm100_rptxfer.tmp
+ fileput.exp /prod/race/ext/rpt/xexm100b_spec_graphic_all_20260724192051.rpt xexm100b_spec_graphic_all_rpt.txt prod/usrdat ascii

ftp server: prod3nt.production.int

Establishing ftp connection to prod3nt.production.int

ftp command: ascii
ftp response: Type set to A.

ftp command: cd /cdprod02/ftp_data/prod/usrdat
ftp response: CWD command successful.

ftp command: put /prod/race/ext/rpt/xexm100b_spec_graphic_all_20260724192051.rpt xexm100b_spec_graphic_all_rpt.txt
ftp response: Transfer complete.
5403366 bytes sent in 0.1946 seconds (2.711e+04 Kbytes/s)
local: /prod/race/ext/rpt/xexm100b_spec_graphic_all_20260724192051.rpt remote: xexm100b_spec_graphic_all_rpt.txt

5403366 xexm100b_spec_graphic_all_rpt.txt  (Information returned by "dir" on NT side.)

ftp command: quit
ftp response: Transfer complete.
+ + cat /prod/race/ext/tmp/xexm100_rptxfer.tmp
+ grep Information returned by
+ awk {print $1}
FTPBYTECOUNT=5403366

#STEP Step999R
    export STEPNAME=Step999R
+ export STEPNAME=Step999R
    echo "    Start ${STEPNAME}    "$(date)
+ date
+ echo     Start Step999R    Fri Jul 24 19:22:16 PDT 2026
    Start Step999R    Fri Jul 24 19:22:16 PDT 2026
#############################################################################
# Step999R    1. Remove all temp files                                      #
#############################################################################

    rm -f $RACE/tmp/$JOBNAME*
+ rm -f /prod/race/ext/tmp/xexm100_bcswrk.tmp /prod/race/ext/tmp/xexm100_bcsxfr.tmp /prod/race/ext/tmp/xexm100_rptxfer.tmp

############################################################################
#  END                                                                     #
###########################################################################


**************************************************************************************************************
Finished: xex010.ksh    Datetime: 07/24/26 19:22:16   Script: /tmp/xexm100_xex010.ksh_run
**************************************************************************************************************



 Begin rpt_log_retention.ksh 

Processing REPORTID=xexm100_

SQL*Plus: Release 11.2.0.4.0 Production on Fri Jul 24 19:22:16 2026

Copyright (c) 1982, 2013, Oracle.  All rights reserved.

Enter user-name: 
Connected to:
Oracle Database 11g Enterprise Edition Release 11.2.0.4.0 - 64bit Production
With the Partitioning option

SQL> SQL> SQL> 
PL/SQL procedure successfully completed.

SQL> SQL> Disconnected from Oracle Database 11g Enterprise Edition Release 11.2.0.4.0 - 64bit Production
With the Partitioning option
oldest file removed: /prod/race/ext/log/xexm100_20260424192103.log (due to retention)

 End rpt_log_retention.ksh
    End    xexm100   Fri Jul 24 19:22:16 PDT 2026
