    Start  mptr249   Tue Aug 18 06:49:12 AM PDT 2026
\n\n**********************************************************************************
Restart Step was NOT included in the job execution. Job will run from the beginning.
**********************************************************************************\n\n
\n\n**************************************************************************************************************
Calling:  oem_ref_mptr249_hdmus_source_file.ksh    Datetime: 08/18/26 06:49:12   Script: /tmp/mptr249_oem_ref_mptr249_hdmus_source_file.ksh_run
**************************************************************************************************************\n\n
#*****************************************************************************************
# PROCNAME oem_ref_mptr249_ftp_hdmus_source_file.ksh                                            
# PURPOSE  Transfer harley davidson zip file from NT to Unix
#          Remove all xlsx files from zip file and stage on NT server for pickup by reformat script
#*****************************************************************************************
trap 'oem_abndalrt.ksh $?' err
+ trap 'oem_abndalrt.ksh $?' err
export PROCNAME=$(basename $0 .ksh_run)
+ basename /tmp/mptr249_oem_ref_mptr249_hdmus_source_file.ksh_run .ksh_run
+ PROCNAME=mptr249_oem_ref_mptr249_hdmus_source_file
+ export PROCNAME
export LOGFILE=$(basename ${JOBLOGNAME})

+ basename /prod/race/oem/log/mptr249_20260818064912.log
+ LOGFILE=mptr249_20260818064912.log
+ export LOGFILE
#*****************************************************************************************
#  Build environment variables for the job (based on jobname)
#*****************************************************************************************
. oem_job.ksh         
+ . oem_job.ksh
#!/bin/ksh
echo "RCS $Id: oem_job.ksh,v 1.9 2026/08/07 19:34:48 rj132422 Exp $"
#*****************************************************************************************
# PROCNAME oem_job.ksh
# PURPOSE  Retreive and build UNIX Environment Variables from Oracle Tables
#          Used by RACE OEM Parts Reformat and Update jobs
#*****************************************************************************************
trap 'oem_abndalrt.ksh $?' err
MPTUSERID=`cat ${RACE}/prm/zmptpass.prm`
LOGFILE=$(basename ${JOBLOGNAME})
#*****************************************************************************************
#  Build UNIX environment variables for the job (based on jobname)
#*****************************************************************************************
REFORMATJOB=${JOBNAME}
UPDATEJOB=${JOBNAME}
WORKFILE=${JOBNAME}_oem_job.tmp
#-----------------------------------------------------------------------------------------
(sqlplus -s << % 2>&1)
${MPTUSERID}
SET VERIFY OFF
SET FEEDBACK OFF
SET TAB OFF
SET LINESIZE 100
SET PAGES 0
SET TRIMSPOOL ON
whenever sqlerror exit sql.sqlcode
    exec pkg_oem_job.p_oem_job_sel_03(p_jobname       => '${JOBNAME}',    \
                                      p_tmp_directory => '${OBJ_TMPDIR}', \
                                      p_tmp_filename  => '${WORKFILE}',   \
                                      p_log_directory => '${OBJ_TMPDIR}', \
                                      p_log_filename  => '${LOGFILE%.log}.db.log');
QUIT;
%

# rj132422 - This code was added to avoid race condition between db and shell due the nfs
DB_LOG=${RACE}/tmp/${LOGFILE%.log}.db.log
if [ -s "$DB_LOG" ]; then
    cat "$DB_LOG" >> "${LOGDIR}/${LOGFILE}"
    rm  "$DB_LOG"
fi

#-----------------------------------------------------------------------------------------
export WORKFILE=${RACE}/tmp/${WORKFILE}

#If the ReformatJob Environment variable isn't defined, abend the process
export REFORMATJOB=`cat ${WORKFILE}                   | cut -f1  -d","`
if [ -z "${REFORMATJOB}" ]
then
   abndalrt.ksh environment_not_found_in_oem_job_table.tmp
fi
export UPDATEJOB=`cat ${WORKFILE}                     | cut -f2  -d","`
export JOBOEM=`cat ${WORKFILE}                        | cut -f3  -d","`
export JOBCTRY=`cat ${WORKFILE}                       | cut -f4  -d","`
export JOBOEMNAME=`cat ${WORKFILE}                    | cut -f5  -d","`
export OEMABBRLOWER=`cat ${WORKFILE}                  | cut -f6  -d","`
export JOBPARM=`cat ${WORKFILE}                       | cut -f7  -d","`
export FORMATOEM=`cat ${WORKFILE}                     | cut -f8  -d","`
export FORMATCTRY=`cat ${WORKFILE}                    | cut -f9  -d","`
export JOBFILE_OEMCTRY=`cat ${WORKFILE}               | cut -f10 -d","`
export REPORTSUFFIX=`cat ${WORKFILE}                  | cut -f11 -d","`
export REVERSE_SUPER_JOBPARM=`cat ${WORKFILE}         | cut -f12 -d","`
export PACKAGE_NAME_1=`cat ${WORKFILE}                | cut -f13 -d","`
export PACKAGE_NAME_2=`cat ${WORKFILE}                | cut -f14 -d","`
export DUPLICATE_PARTS_EXPECTED_FLAG=`cat ${WORKFILE} | cut -f15 -d","`
export REFORMAT_BUILDS_RTRANS_FLAG=`cat ${WORKFILE}   | cut -f16 -d","`
export OBSOLETE_JOB_FLAG=`cat ${WORKFILE}             | cut -f17 -d","`
export PREPROCESS_SCRIPT_NAME=`cat ${WORKFILE}        | cut -f18 -d","`


##########################################################################################
# The various Oracle Package call by the OEM system use Global Temporary Tables.
# For some reason (only in the test system at this point in time), the indexes on these
# Global Tempoary Tables are missing.
# The missing indexes result in slooooow processing and often aren't discovered missing
# right away.  To curtail this problem, run a quick check to see if the indexes exist.
# When an index for a Global Temporary Table is not found, it will be created.
##########################################################################################
#-----------------------------------------------------------------------------------------
(sqlplus -s << % 2>&1)
${MPTUSERID}
SET VERIFY OFF
SET FEEDBACK OFF
SET TAB OFF
SET LINESIZE 100
SET PAGES 0
SET TRIMSPOOL ON
SET SERVEROUTPUT ON SIZE 1000000
whenever sqlerror exit sql.sqlcode
    exec pkg_oem_ref_utilities.p_check_gtmp_indexes(p_jobname       => '${JOBNAME}',       \
                                                    p_log_directory => '${OBJ_TMPDIR}',    \
                                                    p_log_filename  => '${LOGFILE%.log}.db.log',       \
                                                    p_debug_level   => '${RACE_DEBUG_LEVEL}');
QUIT;
%

# rj132422 - This code was added to avoid race condition between db and shell due the nfs
DB_LOG=${RACE}/tmp/${LOGFILE%.log}.db.log
if [ -s "$DB_LOG" ]; then
    cat "$DB_LOG" >> "${LOGDIR}/${LOGFILE}"
    rm  "$DB_LOG"
fi
#-----------------------------------------------------------------------------------------

#*****************************************************************************************
# END oem_job.ksh
#*****************************************************************************************+ echo 'RCS : oem_job.ksh,v 1.9 2026/08/07 19:34:48 rj132422 Exp $'
RCS : oem_job.ksh,v 1.9 2026/08/07 19:34:48 rj132422 Exp $
+ trap 'oem_abndalrt.ksh $?' err
cat ${RACE}/prm/zmptpass.prm
+ cat /prod/race/oem/prm/zmptpass.prm
+ MPTUSERID=racejob/q1w2e3r4
+ basename /prod/race/oem/log/mptr249_20260818064912.log
+ LOGFILE=mptr249_20260818064912.log
+ REFORMATJOB=mptr249
+ UPDATEJOB=mptr249
+ WORKFILE=mptr249_oem_job.tmp
+ sqlplus -s
+ 0<< \%
racejob/q1w2e3r4
SET VERIFY OFF
SET FEEDBACK OFF
SET TAB OFF
SET LINESIZE 100
SET PAGES 0
SET TRIMSPOOL ON
whenever sqlerror exit sql.sqlcode
    exec pkg_oem_job.p_oem_job_sel_03(p_jobname       => 'mptr249',                                          p_tmp_directory => 'RACE_OEM_TMP_DIR',                                       p_tmp_filename  => 'mptr249_oem_job.tmp',                                         p_log_directory => 'RACE_OEM_TMP_DIR',                                       p_log_filename  => 'mptr249_20260818064912.db.log');
QUIT;
%
2>& 1
+ DB_LOG=/prod/race/oem/tmp/mptr249_20260818064912.db.log
+ [ -s /prod/race/oem/tmp/mptr249_20260818064912.db.log ]
+ cat /prod/race/oem/tmp/mptr249_20260818064912.db.log
+ 1>> /prod/race/oem/log/mptr249_20260818064912.log

mptr249,mptr249,250,US,HDM,hdm,,250,US,hdm_us,hdmus,,FTP Files for mptr250 setup,,Y,N,N,,,N,

+ rm /prod/race/oem/tmp/mptr249_20260818064912.db.log
+ WORKFILE=/prod/race/oem/tmp/mptr249_oem_job.tmp
+ export WORKFILE
cat ${WORKFILE}                   | cut -f1  -d","
+ cut -f1 -d,
+ cat /prod/race/oem/tmp/mptr249_oem_job.tmp
+ REFORMATJOB=mptr249
+ export REFORMATJOB
+ [ -z mptr249 ]
cat ${WORKFILE}                     | cut -f2  -d","
+ cut -f2 -d,
+ cat /prod/race/oem/tmp/mptr249_oem_job.tmp
+ UPDATEJOB=mptr249
+ export UPDATEJOB
cat ${WORKFILE}                        | cut -f3  -d","
+ cut -f3 -d,
+ cat /prod/race/oem/tmp/mptr249_oem_job.tmp
+ JOBOEM=250
+ export JOBOEM
cat ${WORKFILE}                       | cut -f4  -d","
+ cut -f4 -d,
+ cat /prod/race/oem/tmp/mptr249_oem_job.tmp
+ JOBCTRY=US
+ export JOBCTRY
cat ${WORKFILE}                    | cut -f5  -d","
+ cat /prod/race/oem/tmp/mptr249_oem_job.tmp
+ cut -f5 -d,
+ JOBOEMNAME=HDM
+ export JOBOEMNAME
cat ${WORKFILE}                  | cut -f6  -d","
+ cut -f6 -d,
+ cat /prod/race/oem/tmp/mptr249_oem_job.tmp
+ OEMABBRLOWER=hdm
+ export OEMABBRLOWER
cat ${WORKFILE}                       | cut -f7  -d","
+ cut -f7 -d,
+ cat /prod/race/oem/tmp/mptr249_oem_job.tmp
+ JOBPARM=''
+ export JOBPARM
cat ${WORKFILE}                     | cut -f8  -d","
+ cut -f8 -d,
+ cat /prod/race/oem/tmp/mptr249_oem_job.tmp
+ FORMATOEM=250
+ export FORMATOEM
cat ${WORKFILE}                    | cut -f9  -d","
+ cut -f9 -d,
+ cat /prod/race/oem/tmp/mptr249_oem_job.tmp
+ FORMATCTRY=US
+ export FORMATCTRY
cat ${WORKFILE}               | cut -f10 -d","
+ cut -f10 -d,
+ cat /prod/race/oem/tmp/mptr249_oem_job.tmp
+ JOBFILE_OEMCTRY=hdm_us
+ export JOBFILE_OEMCTRY
cat ${WORKFILE}                  | cut -f11 -d","
+ cut -f11 -d,
+ cat /prod/race/oem/tmp/mptr249_oem_job.tmp
+ REPORTSUFFIX=hdmus
+ export REPORTSUFFIX
cat ${WORKFILE}         | cut -f12 -d","
+ cut -f12 -d,
+ cat /prod/race/oem/tmp/mptr249_oem_job.tmp
+ REVERSE_SUPER_JOBPARM=''
+ export REVERSE_SUPER_JOBPARM
cat ${WORKFILE}                | cut -f13 -d","
+ cat /prod/race/oem/tmp/mptr249_oem_job.tmp
+ cut -f13 -d,
+ PACKAGE_NAME_1='FTP Files for mptr250 setup'
+ export PACKAGE_NAME_1
cat ${WORKFILE}                | cut -f14 -d","
+ cut -f14 -d,
+ cat /prod/race/oem/tmp/mptr249_oem_job.tmp
+ PACKAGE_NAME_2=''
+ export PACKAGE_NAME_2
cat ${WORKFILE} | cut -f15 -d","
+ cut -f15 -d,
+ cat /prod/race/oem/tmp/mptr249_oem_job.tmp
+ DUPLICATE_PARTS_EXPECTED_FLAG=Y
+ export DUPLICATE_PARTS_EXPECTED_FLAG
cat ${WORKFILE}   | cut -f16 -d","
+ cut -f16 -d,
+ cat /prod/race/oem/tmp/mptr249_oem_job.tmp
+ REFORMAT_BUILDS_RTRANS_FLAG=N
+ export REFORMAT_BUILDS_RTRANS_FLAG
cat ${WORKFILE}             | cut -f17 -d","
+ cut -f17 -d,
+ cat /prod/race/oem/tmp/mptr249_oem_job.tmp
+ OBSOLETE_JOB_FLAG=N
+ export OBSOLETE_JOB_FLAG
cat ${WORKFILE}        | cut -f18 -d","
+ cut -f18 -d,
+ cat /prod/race/oem/tmp/mptr249_oem_job.tmp
+ PREPROCESS_SCRIPT_NAME=''
+ export PREPROCESS_SCRIPT_NAME
+ sqlplus -s
+ 0<< \%
racejob/q1w2e3r4
SET VERIFY OFF
SET FEEDBACK OFF
SET TAB OFF
SET LINESIZE 100
SET PAGES 0
SET TRIMSPOOL ON
SET SERVEROUTPUT ON SIZE 1000000
whenever sqlerror exit sql.sqlcode
    exec pkg_oem_ref_utilities.p_check_gtmp_indexes(p_jobname       => 'mptr249',                                                           p_log_directory => 'RACE_OEM_TMP_DIR',                                                        p_log_filename  => 'mptr249_20260818064912.db.log',                                                           p_debug_level   => '0');
QUIT;
%
2>& 1
+ DB_LOG=/prod/race/oem/tmp/mptr249_20260818064912.db.log
+ [ -s /prod/race/oem/tmp/mptr249_20260818064912.db.log ]
+ cat /prod/race/oem/tmp/mptr249_20260818064912.db.log
+ 1>> /prod/race/oem/log/mptr249_20260818064912.log

Start mptr249 pkg_oem_ref_utilities.p_check_gtmp_indexes


 End  mptr249 pkg_oem_ref_utilities.p_check_gtmp_indexes
+ rm /prod/race/oem/tmp/mptr249_20260818064912.db.log
. oem_job_notify.ksh
+ . oem_job_notify.ksh
#!/bin/ksh
echo "RCS $Id: oem_job_notify.ksh,v 1.2 2008/10/09 22:17:44 jw97143 Exp $"
#*****************************************************************************************
# PROCNAME oem_job_notify.ksh
# PURPOSE  Check oem_job_notify table to see an email should be sent
#          and update/reset values when an email is sent
#*****************************************************************************************
trap 'oem_abndalrt.ksh $?' err
MPTUSERID=`cat ${RACE}/prm/zmptpass.prm`
LOGFILE=$(basename ${JOBLOGNAME})
#*****************************************************************************************

WORKFILE=${JOBNAME}_oem_job_notify.tmp
#-----------------------------------------------------------------------------------------
(sqlplus -s << % 2>&1)
${MPTUSERID}
SET VERIFY OFF
SET FEEDBACK OFF
SET TAB OFF
SET LINESIZE 100
SET PAGES 0
SET TRIMSPOOL ON
whenever sqlerror exit sql.sqlcode
    exec pkg_oem_job_notify.p_oem_job_notify_sel_01(p_job  =>          '${JOBNAME}',    \
                                                    p_tmp_directory => '${OBJ_TMPDIR}', \
                                                    p_tmp_filename  => '${WORKFILE}',   \
                                                    p_log_directory => '${OBJ_LOGDIR}', \
                                                    p_log_filename  => '${LOGFILE}');
QUIT;
%
#-----------------------------------------------------------------------------------------
WORKFILE=${RACE}/tmp/${WORKFILE}

SEND_EMAIL_FLAG=`cat ${WORKFILE}       | cut -f2  -d"^"`
EMAIL_ADDRESS_LIST=`cat ${WORKFILE}    | cut -f3  -d"^"`
EMAIL_BODY=`cat ${WORKFILE}            | cut -f4  -d"^"`
RESET_SEND_EMAIL_FLAG=`cat ${WORKFILE} | cut -f5  -d"^"`

# Is notification required?
if [ -z "${SEND_EMAIL_FLAG}" ]
then
  echo "Notification NOT Required"
  echo " "
else
  if [ "${SEND_EMAIL_FLAG}" = "Y" ]
  then
    #************************************************************************************
    # Send email notification
    #************************************************************************************
    MAIL_SUBJECT="Notification that Job: ${JOBNAME} is Running" 
    EMAIL_BODY_FILE=${RACE}/tmp/${JOBNAME}_email_body.tmp    
    echo ${JOBNAME} ": " ${EMAIL_BODY} > ${EMAIL_BODY_FILE}
      
    # Build the list of email addresses 
    EMAIL_ADDRESS_LIST="${EMAIL_ADDRESS_LIST} NOMORE"
    EMAIL_ADDRESS_PTR=1
    # Extract the email address based on EMAIL_ADDRESS_PTR value - delimited by a space. 
    # -f flag points to the field number
    # -d flag is the delimiter
    EMAIL_ADDRESS=`echo ${EMAIL_ADDRESS_LIST} | cut -f${EMAIL_ADDRESS_PTR} -d" "`
    while [ ! -z "${EMAIL_ADDRESS}" ]
    do
      if [ "${EMAIL_ADDRESS}" = "NOMORE" ]
      then
         break
      fi
      if [ ${THISHOST} = ${TESTHOST} ]
      then
         mailx -s "TEST - ${MAIL_SUBJECT}" "${EMAIL_ADDRESS}" < "${EMAIL_BODY_FILE}"
      else
         mailx -s "${MAIL_SUBJECT}" "${EMAIL_ADDRESS}" < "${EMAIL_BODY_FILE}"
      fi          
      EMAIL_ADDRESS_PTR=`expr $EMAIL_ADDRESS_PTR + 1`
      EMAIL_ADDRESS=`echo ${EMAIL_ADDRESS_LIST} | cut -f${EMAIL_ADDRESS_PTR} -d" "`
    done

#----------------------------------------------------------------------------------------
# Set the email sent date AND reset the send email flag if it needs to be reset
(sqlplus -s << % 2>&1)
${MPTUSERID}
SET VERIFY OFF
SET FEEDBACK OFF
SET TAB OFF
SET LINESIZE 100
SET PAGES 0
SET TRIMSPOOL ON
whenever sqlerror exit sql.sqlcode
    exec pkg_oem_job_notify.p_oem_job_notify_upd_01(p_job           => '${JOBNAME}',    \
                                                    p_log_directory => '${OBJ_LOGDIR}', \
                                                    p_log_filename  => '${LOGFILE}');
QUIT;
%
#----------------------------------------------------------------------------------------

  fi
fi

#*****************************************************************************************
# END oem_job_notify.ksh
#*****************************************************************************************
+ echo 'RCS : oem_job_notify.ksh,v 1.2 2008/10/09 22:17:44 jw97143 Exp $'
RCS : oem_job_notify.ksh,v 1.2 2008/10/09 22:17:44 jw97143 Exp $
+ trap 'oem_abndalrt.ksh $?' err
cat ${RACE}/prm/zmptpass.prm
+ cat /prod/race/oem/prm/zmptpass.prm
+ MPTUSERID=racejob/q1w2e3r4
+ basename /prod/race/oem/log/mptr249_20260818064912.log
+ LOGFILE=mptr249_20260818064912.log
+ WORKFILE=mptr249_oem_job_notify.tmp
+ sqlplus -s
+ 0<< \%
racejob/q1w2e3r4
SET VERIFY OFF
SET FEEDBACK OFF
SET TAB OFF
SET LINESIZE 100
SET PAGES 0
SET TRIMSPOOL ON
whenever sqlerror exit sql.sqlcode
    exec pkg_oem_job_notify.p_oem_job_notify_sel_01(p_job  =>          'mptr249',                                                        p_tmp_directory => 'RACE_OEM_TMP_DIR',                                                     p_tmp_filename  => 'mptr249_oem_job_notify.tmp',                                                       p_log_directory => 'RACE_OEM_LOG_DIR',                                                     p_log_filename  => 'mptr249_20260818064912.log');
QUIT;
%
2>& 1
+ WORKFILE=/prod/race/oem/tmp/mptr249_oem_job_notify.tmp
cat ${WORKFILE}       | cut -f2  -d"^"
+ cut -f2 -d^
+ cat /prod/race/oem/tmp/mptr249_oem_job_notify.tmp
+ SEND_EMAIL_FLAG=''
cat ${WORKFILE}    | cut -f3  -d"^"
+ cut -f3 -d^
+ cat /prod/race/oem/tmp/mptr249_oem_job_notify.tmp
+ EMAIL_ADDRESS_LIST=''
cat ${WORKFILE}            | cut -f4  -d"^"
+ cut -f4 -d^
+ cat /prod/race/oem/tmp/mptr249_oem_job_notify.tmp
+ EMAIL_BODY=''
cat ${WORKFILE} | cut -f5  -d"^"
+ cut -f5 -d^
+ cat /prod/race/oem/tmp/mptr249_oem_job_notify.tmp
+ RESET_SEND_EMAIL_FLAG=''
+ [ -z '' ]
+ echo 'Notification NOT Required'
Notification NOT Required
+ echo ' '
 
. oem_job_datafile.ksh

+ . oem_job_datafile.ksh
#!/bin/ksh
echo "RCS $Id: oem_job_datafile.ksh,v 1.9 2026/08/07 19:35:00 rj132422 Exp $"
#*****************************************************************************************
# PROCNAME oem_job_datafile.ksh
# PURPOSE  Retreive and build UNIX Environment Variables from Oracle Tables
#*****************************************************************************************
trap 'oem_abndalrt.ksh $?' err
MPTUSERID=`cat ${RACE}/prm/zmptpass.prm`
LOGFILE=$(basename ${JOBLOGNAME})
#*****************************************************************************************
WORKFILE=${JOBNAME}_oem_job_datafile.tmp
#-----------------------------------------------------------------------------------------
(sqlplus -s << % 2>&1)
${MPTUSERID}
SET VERIFY OFF
SET FEEDBACK OFF
SET TAB OFF
SET LINESIZE 100
SET PAGES 0
SET TRIMSPOOL ON
whenever sqlerror exit sql.sqlcode
    exec pkg_oem_job_datafile.p_oem_job_datafile_sel_04(p_reformat_job  => '${REFORMATJOB}', \
                                                        p_tmp_directory => '${OBJ_TMPDIR}',  \
                                                        p_tmp_filename  => '${WORKFILE}',    \
                                                        p_log_directory => '${OBJ_TMPDIR}',  \
                                                        p_log_filename  => '${LOGFILE%.log}.db.log');
QUIT;
%

# rj132422 - This code was added to avoid race condition between db and shell due the nfs
DB_LOG=${OBJ_TMPDIR}/${LOGFILE%.log}.db.log
if [ -s "$DB_LOG" ]; then
    cat "$DB_LOG" >> "${OBJ_TMPDIR}/${LOGFILE}"
    rm  "$DB_LOG"
fi

#-----------------------------------------------------------------------------------------
export WORKFILE=${RACE}/tmp/${WORKFILE}
#*****************************************************************************************
# END oem_job_datafile.ksh
#*****************************************************************************************
+ echo 'RCS : oem_job_datafile.ksh,v 1.9 2026/08/07 19:35:00 rj132422 Exp $'
RCS : oem_job_datafile.ksh,v 1.9 2026/08/07 19:35:00 rj132422 Exp $
+ trap 'oem_abndalrt.ksh $?' err
cat ${RACE}/prm/zmptpass.prm
+ cat /prod/race/oem/prm/zmptpass.prm
+ MPTUSERID=racejob/q1w2e3r4
+ basename /prod/race/oem/log/mptr249_20260818064912.log
+ LOGFILE=mptr249_20260818064912.log
+ WORKFILE=mptr249_oem_job_datafile.tmp
+ sqlplus -s
+ 0<< \%
racejob/q1w2e3r4
SET VERIFY OFF
SET FEEDBACK OFF
SET TAB OFF
SET LINESIZE 100
SET PAGES 0
SET TRIMSPOOL ON
whenever sqlerror exit sql.sqlcode
    exec pkg_oem_job_datafile.p_oem_job_datafile_sel_04(p_reformat_job  => 'mptr249',                                                         p_tmp_directory => 'RACE_OEM_TMP_DIR',                                                          p_tmp_filename  => 'mptr249_oem_job_datafile.tmp',                                                            p_log_directory => 'RACE_OEM_TMP_DIR',                                                          p_log_filename  => 'mptr249_20260818064912.db.log');
QUIT;
%
2>& 1
+ DB_LOG=RACE_OEM_TMP_DIR/mptr249_20260818064912.db.log
+ [ -s RACE_OEM_TMP_DIR/mptr249_20260818064912.db.log ]
+ WORKFILE=/prod/race/oem/tmp/mptr249_oem_job_datafile.tmp
+ export WORKFILE
OEM_JOB_DATAFILE_INFO=${RACE}/tmp/${JOBNAME}_oem_job_datafile.tmp       
+ OEM_JOB_DATAFILE_INFO=/prod/race/oem/tmp/mptr249_oem_job_datafile.tmp
INPUT_FILE_NAME=`sed -n -e "1p"         < ${OEM_JOB_DATAFILE_INFO}| cut -f2  -d"^"` #Pricebook*.zip
sed -n -e "1p"         < ${OEM_JOB_DATAFILE_INFO}| cut -f2  -d"^"
+ sed -n -e 1p
+ cut -f2 -d^
+ 0< /prod/race/oem/tmp/mptr249_oem_job_datafile.tmp
+ INPUT_FILE_NAME=hdmus.zip
BACKUP_SOURCE_FILE_NAME=`sed -n -e "1p" < ${OEM_JOB_DATAFILE_INFO}| cut -f10 -d"^"` #mptr249_araw_hdmus.zip
sed -n -e "1p" < ${OEM_JOB_DATAFILE_INFO}| cut -f10 -d"^"
+ sed -n -e 1p
+ cut -f10 -d^
+ 0< /prod/race/oem/tmp/mptr249_oem_job_datafile.tmp
+ BACKUP_SOURCE_FILE_NAME=mptr249_araw_hdmus.zip
SOURCE_FILE=${RACE}/dat/${BACKUP_SOURCE_FILE_NAME}

+ SOURCE_FILE=/prod/race/oem/dat/mptr249_araw_hdmus.zip
#*****************************************************************************************

#STEP Step010R
  export STEPNAME=Step010R
+ STEPNAME=Step010R
+ export STEPNAME
  echo "\n\nSTART ---> ${PROCNAME} ${STEPNAME}" $(date +'%m/%d/%y %H:%M:%S')  " <--- START\n\n"
+ date '+%m/%d/%y %H:%M:%S'
+ echo '\n\nSTART ---> mptr249_oem_ref_mptr249_hdmus_source_file Step010R' 08/18/26 06:49:13 ' <--- START\n\n'
\n\nSTART ---> mptr249_oem_ref_mptr249_hdmus_source_file Step010R 08/18/26 06:49:13  <--- START\n\n
  oem_job_status_update.ksh "R" "${STEPNAME} oem_ref_mptr249_ftp_hdmus_source_file"

+ oem_job_status_update.ksh R 'Step010R oem_ref_mptr249_ftp_hdmus_source_file'
  export NOVELL_DIR=${NOVELL}oem
+ NOVELL_DIR=prod/oem
+ export NOVELL_DIR
  export STDOUT=${RACE}/tmp/${JOBNAME}_${INPUT_FILE_NAME}_log.tmp

+ STDOUT=/prod/race/oem/tmp/mptr249_hdmus.zip_log.tmp
+ export STDOUT
  fileget.exp ${INPUT_FILE_NAME} ${SOURCE_FILE} ${NOVELL_DIR} | tee ${STDOUT}
+ tee /prod/race/oem/tmp/mptr249_hdmus.zip_log.tmp
+ fileget.exp hdmus.zip /prod/race/oem/dat/mptr249_araw_hdmus.zip prod/oem
/tmp/mptr249_oem_ref_mptr249_hdmus_source_file.ksh_run: line 34: fileget.exp: not found
                

  #Check that SOURCE_FILE exists and is not Null:
  if [ ! -s $SOURCE_FILE ]
  then
		echo "Error: Unix file was not created !!\a"
		abndalrt.ksh ftp_null_file
  fi

+ [ ! -s /prod/race/oem/dat/mptr249_araw_hdmus.zip ]
+ echo 'Error: Unix file was not created !!\a'
Error: Unix file was not created !!\a
+ abndalrt.ksh ftp_null_file

 !!  PRODUCTION JOB--CONDITION CODE ERROR  !!
 !!     REPORT TO PRODUCTION CONTROL       !!
   ** mptr249:mptr249_oem_ref_mptr249_hdmus_source_file[Step010R] failed, rc = ftp_null_file ** 08/18/26 06:49:13
/prod/race/share/bin/exec_restart.ksh: line 94: 408451: Killed
