    Start  mptr125   Tue Sep 1 07:38:11 AM PDT 2026
\n\n**********************************************************************************
Restart Step was NOT included in the job execution. Job will run from the beginning.
**********************************************************************************\n\n
\n\n**************************************************************************************************************
Calling:  oem_ref.ksh    Datetime: 09/01/26 07:38:11   Script: /tmp/mptr125_oem_ref.ksh_run
**************************************************************************************************************\n\n
RCS : oem_ref.ksh,v 1.39 2024/01/17 23:23:23 pg2697 Exp $
+ print ProcessId '=' 973146
ProcessId = 973146
+ trap 'oem_abndalrt.ksh $?' err
+ basename /tmp/mptr125_oem_ref.ksh_run .ksh_run
+ PROCNAME=mptr125_oem_ref
+ export PROCNAME
+ cat /prod/race/oem/prm/zmptpass.prm
+ MPTUSERID=racejob/q1w2e3r4
+ export MPTUSERID
+ basename /prod/race/oem/log/mptr125_20260901073811.log
+ LOGFILE=mptr125_20260901073811.log
+ export LOGFILE
+ echo '\n\n Build environment variables'
\n\n Build environment variables
+ . oem_job.ksh
+ echo 'RCS : oem_job.ksh,v 1.9 2026/08/07 19:34:48 rj132422 Exp $'
RCS : oem_job.ksh,v 1.9 2026/08/07 19:34:48 rj132422 Exp $
+ trap 'oem_abndalrt.ksh $?' err
+ cat /prod/race/oem/prm/zmptpass.prm
+ MPTUSERID=racejob/q1w2e3r4
+ basename /prod/race/oem/log/mptr125_20260901073811.log
+ LOGFILE=mptr125_20260901073811.log
+ REFORMATJOB=mptr125
+ UPDATEJOB=mptr125
+ WORKFILE=mptr125_oem_job.tmp
+ sqlplus -s
+ 0<< \%
racejob/q1w2e3r4
SET VERIFY OFF
SET FEEDBACK OFF
SET TAB OFF
SET LINESIZE 100
SET PAGES 0
SET TRIMSPOOL ON
whenever sqlerror exit sql.sqlcode
    exec pkg_oem_job.p_oem_job_sel_03(p_jobname       => 'mptr125',                                          p_tmp_directory => 'RACE_OEM_TMP_DIR',                                       p_tmp_filename  => 'mptr125_oem_job.tmp',                                         p_log_directory => 'RACE_OEM_TMP_DIR',                                       p_log_filename  => 'mptr125_20260901073811.db.log');
QUIT;
%
2>& 1
+ DB_LOG=/prod/race/oem/tmp/mptr125_20260901073811.db.log
+ [ -s /prod/race/oem/tmp/mptr125_20260901073811.db.log ]
+ cat /prod/race/oem/tmp/mptr125_20260901073811.db.log
+ 1>> /prod/race/oem/log/mptr125_20260901073811.log

mptr125,mptr126,042,US,SAA,saa,zmpt126a,042,US,saa_us,saaus,mpt126e,pkg_oem_ref_041,,Y,N,N,,U,N,

+ rm /prod/race/oem/tmp/mptr125_20260901073811.db.log
+ WORKFILE=/prod/race/oem/tmp/mptr125_oem_job.tmp
+ export WORKFILE
+ cut -f1 -d,
+ cat /prod/race/oem/tmp/mptr125_oem_job.tmp
+ REFORMATJOB=mptr125
+ export REFORMATJOB
+ [ -z mptr125 ]
+ cut -f2 -d,
+ cat /prod/race/oem/tmp/mptr125_oem_job.tmp
+ UPDATEJOB=mptr126
+ export UPDATEJOB
+ cut -f3 -d,
+ cat /prod/race/oem/tmp/mptr125_oem_job.tmp
+ JOBOEM=042
+ export JOBOEM
+ cut -f4 -d,
+ cat /prod/race/oem/tmp/mptr125_oem_job.tmp
+ JOBCTRY=US
+ export JOBCTRY
+ cut -f5 -d,
+ cat /prod/race/oem/tmp/mptr125_oem_job.tmp
+ JOBOEMNAME=SAA
+ export JOBOEMNAME
+ cut -f6 -d,
+ cat /prod/race/oem/tmp/mptr125_oem_job.tmp
+ OEMABBRLOWER=saa
+ export OEMABBRLOWER
+ cut -f7 -d,
+ cat /prod/race/oem/tmp/mptr125_oem_job.tmp
+ JOBPARM=zmpt126a
+ export JOBPARM
+ cut -f8 -d,
+ cat /prod/race/oem/tmp/mptr125_oem_job.tmp
+ FORMATOEM=042
+ export FORMATOEM
+ cut -f9 -d,
+ cat /prod/race/oem/tmp/mptr125_oem_job.tmp
+ FORMATCTRY=US
+ export FORMATCTRY
+ cut -f10 -d,
+ cat /prod/race/oem/tmp/mptr125_oem_job.tmp
+ JOBFILE_OEMCTRY=saa_us
+ export JOBFILE_OEMCTRY
+ cut -f11 -d,
+ cat /prod/race/oem/tmp/mptr125_oem_job.tmp
+ REPORTSUFFIX=saaus
+ export REPORTSUFFIX
+ cut -f12 -d,
+ cat /prod/race/oem/tmp/mptr125_oem_job.tmp
+ REVERSE_SUPER_JOBPARM=mpt126e
+ export REVERSE_SUPER_JOBPARM
+ cut -f13 -d,
+ cat /prod/race/oem/tmp/mptr125_oem_job.tmp
+ PACKAGE_NAME_1=pkg_oem_ref_041
+ export PACKAGE_NAME_1
+ cut -f14 -d,
+ cat /prod/race/oem/tmp/mptr125_oem_job.tmp
+ PACKAGE_NAME_2=''
+ export PACKAGE_NAME_2
+ cat /prod/race/oem/tmp/mptr125_oem_job.tmp
+ cut -f15 -d,
+ DUPLICATE_PARTS_EXPECTED_FLAG=Y
+ export DUPLICATE_PARTS_EXPECTED_FLAG
+ cut -f16 -d,
+ cat /prod/race/oem/tmp/mptr125_oem_job.tmp
+ REFORMAT_BUILDS_RTRANS_FLAG=N
+ export REFORMAT_BUILDS_RTRANS_FLAG
+ cat /prod/race/oem/tmp/mptr125_oem_job.tmp
+ cut -f17 -d,
+ OBSOLETE_JOB_FLAG=N
+ export OBSOLETE_JOB_FLAG
+ cat /prod/race/oem/tmp/mptr125_oem_job.tmp
+ cut -f18 -d,
+ PREPROCESS_SCRIPT_NAME=''
+ export PREPROCESS_SCRIPT_NAME
+ sqlplus -s
+ 0<< \%
racejob/q1w2e3r4
SET VERIFY OFF
SET FEEDBACK OFF
SET TAB OFF
SET LINESIZE 100
SET PAGES 0
SET TRIMSPOOL ON
SET SERVEROUTPUT ON SIZE 1000000
whenever sqlerror exit sql.sqlcode
    exec pkg_oem_ref_utilities.p_check_gtmp_indexes(p_jobname       => 'mptr125',                                                           p_log_directory => 'RACE_OEM_TMP_DIR',                                                        p_log_filename  => 'mptr125_20260901073811.db.log',                                                           p_debug_level   => '0');
QUIT;
%
2>& 1
+ DB_LOG=/prod/race/oem/tmp/mptr125_20260901073811.db.log
+ [ -s /prod/race/oem/tmp/mptr125_20260901073811.db.log ]
+ cat /prod/race/oem/tmp/mptr125_20260901073811.db.log
+ 1>> /prod/race/oem/log/mptr125_20260901073811.log

Start mptr125 pkg_oem_ref_utilities.p_check_gtmp_indexes


 End  mptr125 pkg_oem_ref_utilities.p_check_gtmp_indexes
+ rm /prod/race/oem/tmp/mptr125_20260901073811.db.log
+ . oem_job_notify.ksh
+ echo 'RCS : oem_job_notify.ksh,v 1.2 2008/10/09 22:17:44 jw97143 Exp $'
RCS : oem_job_notify.ksh,v 1.2 2008/10/09 22:17:44 jw97143 Exp $
+ trap 'oem_abndalrt.ksh $?' err
+ cat /prod/race/oem/prm/zmptpass.prm
+ MPTUSERID=racejob/q1w2e3r4
+ basename /prod/race/oem/log/mptr125_20260901073811.log
+ LOGFILE=mptr125_20260901073811.log
+ WORKFILE=mptr125_oem_job_notify.tmp
+ sqlplus -s
+ 0<< \%
racejob/q1w2e3r4
SET VERIFY OFF
SET FEEDBACK OFF
SET TAB OFF
SET LINESIZE 100
SET PAGES 0
SET TRIMSPOOL ON
whenever sqlerror exit sql.sqlcode
    exec pkg_oem_job_notify.p_oem_job_notify_sel_01(p_job  =>          'mptr125',                                                        p_tmp_directory => 'RACE_OEM_TMP_DIR',                                                     p_tmp_filename  => 'mptr125_oem_job_notify.tmp',                                                       p_log_directory => 'RACE_OEM_LOG_DIR',                                                     p_log_filename  => 'mptr125_20260901073811.log');
QUIT;
%
2>& 1
+ WORKFILE=/prod/race/oem/tmp/mptr125_oem_job_notify.tmp
+ cut -f2 -d^
+ cat /prod/race/oem/tmp/mptr125_oem_job_notify.tmp
+ SEND_EMAIL_FLAG=''
+ cut -f3 -d^
+ cat /prod/race/oem/tmp/mptr125_oem_job_notify.tmp
+ EMAIL_ADDRESS_LIST=''
+ cut -f4 -d^
+ cat /prod/race/oem/tmp/mptr125_oem_job_notify.tmp
+ EMAIL_BODY=''
+ cut -f5 -d^
+ cat /prod/race/oem/tmp/mptr125_oem_job_notify.tmp
+ RESET_SEND_EMAIL_FLAG=''
+ [ -z '' ]
+ echo 'Notification NOT Required'
Notification NOT Required
+ echo ' '
 
+ . oem_job_datafile.ksh
+ echo 'RCS : oem_job_datafile.ksh,v 1.9 2026/08/07 19:35:00 rj132422 Exp $'
RCS : oem_job_datafile.ksh,v 1.9 2026/08/07 19:35:00 rj132422 Exp $
+ trap 'oem_abndalrt.ksh $?' err
+ cat /prod/race/oem/prm/zmptpass.prm
+ MPTUSERID=racejob/q1w2e3r4
+ basename /prod/race/oem/log/mptr125_20260901073811.log
+ LOGFILE=mptr125_20260901073811.log
+ WORKFILE=mptr125_oem_job_datafile.tmp
+ sqlplus -s
+ 0<< \%
racejob/q1w2e3r4
SET VERIFY OFF
SET FEEDBACK OFF
SET TAB OFF
SET LINESIZE 100
SET PAGES 0
SET TRIMSPOOL ON
whenever sqlerror exit sql.sqlcode
    exec pkg_oem_job_datafile.p_oem_job_datafile_sel_04(p_reformat_job  => 'mptr125',                                                         p_tmp_directory => 'RACE_OEM_TMP_DIR',                                                          p_tmp_filename  => 'mptr125_oem_job_datafile.tmp',                                                            p_log_directory => 'RACE_OEM_TMP_DIR',                                                          p_log_filename  => 'mptr125_20260901073811.db.log');
QUIT;
%
2>& 1
+ DB_LOG=RACE_OEM_TMP_DIR/mptr125_20260901073811.db.log
+ [ -s RACE_OEM_TMP_DIR/mptr125_20260901073811.db.log ]
+ WORKFILE=/prod/race/oem/tmp/mptr125_oem_job_datafile.tmp
+ export WORKFILE
+ STEPNAME=Step010R
+ export STEPNAME
+ date '+%m/%d/%y %H:%M:%S'
+ echo '\n\n START ---> mptr125_oem_ref Step010R - Locate and transfer ALL Input Files - ' 09/01/26 07:38:12 ' <--- START\n\n'
\n\n START ---> mptr125_oem_ref Step010R - Locate and transfer ALL Input Files -  09/01/26 07:38:12  <--- START\n\n
+ oem_job_status_update.ksh R 'Step010R oem_job_datafile_prep.ksh'
+ FILE_SEQUENCE=1
+ export FILE_SEQUENCE
+ [ '' '=' Step010R ]
+ true
+ sed -n -e 1p
+ cut -f2 -d^
+ 0< /prod/race/oem/tmp/mptr125_oem_job_datafile.tmp
+ INPUT_FILE_NAME=PartsPriceUS.zpp
+ export INPUT_FILE_NAME
+ [ -z PartsPriceUS.zpp ]
+ sed -n -e 1p
+ cut -f3 -d^
+ 0< /prod/race/oem/tmp/mptr125_oem_job_datafile.tmp
+ XTAB_FILE_NAME=mptr125_xtab_oem_ref_mptr125_saa_raw.dat
+ export XTAB_FILE_NAME
+ sed -n -e 1p
+ cut -f4 -d^
+ 0< /prod/race/oem/tmp/mptr125_oem_job_datafile.tmp
+ XTAB_TABLE_NAME=xtab_oem_ref_mptr125_saa
+ export XTAB_TABLE_NAME
+ sed -n -e 1p
+ cut -f5 -d^
+ 0< /prod/race/oem/tmp/mptr125_oem_job_datafile.tmp
+ FTP_PROGRAM_NAME=''
+ export FTP_PROGRAM_NAME
+ sed -n -e 1p
+ cut -f6 -d^
+ 0< /prod/race/oem/tmp/mptr125_oem_job_datafile.tmp
+ FTP_LOCATION_CODE=N
+ export FTP_LOCATION_CODE
+ sed -n -e 1p
+ cut -f7 -d^
+ 0< /prod/race/oem/tmp/mptr125_oem_job_datafile.tmp
+ FORMAT_INDICATOR=A
+ export FORMAT_INDICATOR
+ sed -n -e 1p
+ cut -f8 -d^
+ 0< /prod/race/oem/tmp/mptr125_oem_job_datafile.tmp
+ SOURCE_FIELD_DELIMITER=,
+ export SOURCE_FIELD_DELIMITER
+ sed -n -e 1p
+ cut -f9 -d^
+ 0< /prod/race/oem/tmp/mptr125_oem_job_datafile.tmp
+ TARGET_FIELD_SIZE=''
+ export TARGET_FIELD_SIZE
+ sed -n -e 1p
+ cut -f10 -d^
+ 0< /prod/race/oem/tmp/mptr125_oem_job_datafile.tmp
+ BACKUP_SOURCE_FILE_NAME=mptr125_araw_saa_us.dat
+ export BACKUP_SOURCE_FILE_NAME
+ sed -n -e 1p
+ cut -f11 -d^
+ 0< /prod/race/oem/tmp/mptr125_oem_job_datafile.tmp
+ FTP_SOURCE_FILE_NAME=''
+ export FTP_SOURCE_FILE_NAME
+ eval FTP_SOURCE_FILE_NAME=
+ FTP_SOURCE_FILE_NAME=''
+ sed -n -e 1p
+ cut -f14 -d^
+ 0< /prod/race/oem/tmp/mptr125_oem_job_datafile.tmp
+ FTP_PARM_FILE_NAME=''
+ export FTP_PARM_FILE_NAME
+ sed -n -e 1p
+ cut -f16 -d^
+ 0< /prod/race/oem/tmp/mptr125_oem_job_datafile.tmp
+ ENCODING_CHARSET=''
+ export ENCODING_CHARSET
+ . oem_job_datafile_prep.ksh
+ echo '\n*** Begin oem_job_datafile_prep.ksh PartsPriceUS.zpp ***\n'
\n*** Begin oem_job_datafile_prep.ksh PartsPriceUS.zpp ***\n
+ trap 'oem_abndalrt.ksh $?' err
+ STEP010_FILEOUT=/prod/race/oem/dat/mptr125_araw_saa_us.dat
+ [ ! -z '' ]
+ echo PartsPriceUS.zpp
+ awk -F . '{ print $NF }'
+ [[ zpp = 'dat(0)' ]]
+ INPUT_FILE_NAME_EXPANDED=/prod/race/oem/dat/PartsPriceUS.zpp
+ export INPUT_FILE_NAME_EXPANDED
+ [ -s /prod/race/oem/dat/PartsPriceUS.zpp ]
+ [ N '=' M ]
+ echo '\n*** Option 4 None of the above?  Then Input File /prod/race/oem/dat/PartsPriceUS.zpp HAS TO BE on the Novell directory.'
\n*** Option 4 None of the above?  Then Input File /prod/race/oem/dat/PartsPriceUS.zpp HAS TO BE on the Novell directory.
+ . oem_job_process_mitchell_ftp_file.ksh GETMIT
+ echo '\n\n*** Begin oem_job_process_mitchell_ftp_file.ksh PartsPriceUS.zpp ***\n\n'
\n\n*** Begin oem_job_process_mitchell_ftp_file.ksh PartsPriceUS.zpp ***\n\n
+ trap 'oem_abndalrt.ksh $?' err
+ FILE_ACTION=GETMIT
+ [ 1 -lt 1 ]
+ [ US '=' PR ]
+ FTPSITE_DIRECTORY=/ftp1/Business_Partners/saa_us/prod/incoming
+ [ GETMIT '=' GETMIT ]
+ echo 'Using Fixed Folder for Novell/NT to Mitchell FTP.'
Using Fixed Folder for Novell/NT to Mitchell FTP.
+ FTP_BUSINESS_PATH=/prod/data/ftp/Business_Partners/mitchell/prod/oem/incoming
+ export FTP_BUSINESS_PATH
+ FTPSITE_DIRECTORY=/prod/data/ftp/Business_Partners/mitchell/prod/oem/incoming
+ FILE_ACTION=GETIT
+ echo '\nDoes the input file name contain a wildcard?\n'
\nDoes the input file name contain a wildcard?\n
+ expr PartsPriceUS.zpp : '.*[?*]'
0
+ FTP_FILELIST=/prod/race/oem/tmp/mptr125_PartsPriceUS.zpp_ftplist.tmp
+ ssh -nq race_b1@ftp-ssh.mitchell.com 'ls -1 /prod/data/ftp/Business_Partners/mitchell/prod/oem/incoming/*.*'
+ 1> /prod/race/oem/tmp/mptr125_PartsPriceUS.zpp_ftplist.tmp
+ RECORD_NUMBER=1
+ true
+ sed -n -e 1p
+ cut -f1
+ 0< /prod/race/oem/tmp/mptr125_PartsPriceUS.zpp_ftplist.tmp
+ WORK_FTP_DIR_FILE_NAME=/prod/data/ftp/Business_Partners/mitchell/prod/oem/incoming/PartsPriceUS.zpp
+ [ -z /prod/data/ftp/Business_Partners/mitchell/prod/oem/incoming/PartsPriceUS.zpp ]
+ basename /prod/data/ftp/Business_Partners/mitchell/prod/oem/incoming/PartsPriceUS.zpp
+ WORK_FTP_XFR_FILE_NAME=PartsPriceUS.zpp
+ echo PartsPriceUS.zpp
+ sed '/.*/y/ABCDEFGHIJKLMNOPQRSTUVWXYZ/abcdefghijklmnopqrstuvwxyz/'
+ WORK_FTP_XFR_FILE_NAME_LOWER=partspriceus.zpp
+ WORK_INP_FILE_NAME=PartsPriceUS.zpp
+ echo PartsPriceUS.zpp
+ sed '/.*/y/ABCDEFGHIJKLMNOPQRSTUVWXYZ/abcdefghijklmnopqrstuvwxyz/'
+ WORK_INP_FILE_NAME_LOWER=partspriceus.zpp
+ [ partspriceus.zpp '=' partspriceus.zpp ]
+ INPUT_FILE_NAME=PartsPriceUS.zpp
+ export INPUT_FILE_NAME
+ break
+ [ GETIT '=' GETIT ]
+ [ PartsPriceUS.zpp '=' PartsPriceUS.zpp ]
+ FTP_XFR_FILE_NAME=/prod/race/oem/tmp/mptr125_PartsPriceUS.zpp
+ rm -f /prod/race/oem/tmp/mptr125_PartsPriceUS.zpp
+ echo '\nPreparing to scp file to /prod/race/oem/tmp/mptr125_PartsPriceUS.zpp\n'
\nPreparing to scp file to /prod/race/oem/tmp/mptr125_PartsPriceUS.zpp\n
+ scp race_b1@ftp-ssh.mitchell.com:/prod/data/ftp/Business_Partners/mitchell/prod/oem/incoming/PartsPriceUS.zpp /prod/race/oem/tmp/mptr125_PartsPriceUS.zpp
Warning: Permanently added 'ftp-ssh.mitchell.com' (ED25519) to the list of known hosts.

This system is for AUTHORIZED USERS ONLY.  
Individual use of this computer and/or network without authority, or in excess 
of your authority, is strictly prohibited.  Monitoring of transmissions or 
transactional information may be conducted to ensure the proper functioning 
and security of system resources.  Anyone using this system expressly consents 
to such monitoring and is advised that if such monitoring reveals possible 
criminal activity or policy violation, system personnel may provide evidence
of such monitoring to law enforcement or to other senior officials for 
disciplinary action.

+ [ ! -s /prod/race/oem/tmp/mptr125_PartsPriceUS.zpp ]
+ echo '\nInput file pulled from Mitchell FTP Site is good\n'
\nInput file pulled from Mitchell FTP Site is good\n
+ echo PartsPriceUS.zpp
+ awk -F . '{ print $NF }'
+ [[ zpp = g01 ]]
+ echo PartsPriceUS.zpp
+ awk -F . '{ print $NF }'
+ FILE_SUFFIX=.zpp
+ export FILE_SUFFIX
+ echo '\nFILE_SUFFIX: .zpp\n'
\nFILE_SUFFIX: .zpp\n
+ [[ .zpp = .zip ]]
+ [[ .zpp = .ZIP ]]
+ cp /prod/race/oem/tmp/mptr125_PartsPriceUS.zpp /prod/race/oem/dat/mptr125_araw_saa_us.dat
+ awk ' {print $1}'
+ wc -c /prod/race/oem/dat/mptr125_araw_saa_us.dat
+ RECCNT1=1428420
+ [ 1428420 '=' 0 ]
+ echo $'\\nCopied or gunzip\'d file /prod/race/oem/dat/mptr125_araw_saa_us.dat is good\\n'
\nCopied or gunzip'd file /prod/race/oem/dat/mptr125_araw_saa_us.dat is good\n
+ [ GETIT '=' BACKUP ]
+ expr 1 + 1
+ FILE_SEQUENCE=2
+ true
+ sed -n -e 2p
+ cut -f2 -d^
+ 0< /prod/race/oem/tmp/mptr125_oem_job_datafile.tmp
+ INPUT_FILE_NAME=''
+ export INPUT_FILE_NAME
+ [ -z '' ]
+ break
+ STEPNAME=Step020R
+ export STEPNAME
+ date '+%m/%d/%y %H:%M:%S'
+ echo '\n\n START ---> mptr125_oem_ref Step020R - ASCII Cleanup - ' 09/01/26 07:38:15 ' <--- START\n\n'
\n\n START ---> mptr125_oem_ref Step020R - ASCII Cleanup -  09/01/26 07:38:15  <--- START\n\n
+ oem_job_status_update.ksh R 'Step020R ASCII Cleanup'
+ FILE_SEQUENCE=1
+ export FILE_SEQUENCE
+ [ '' '=' Step020R ]
+ true
+ sed -n -e 1p
+ cut -f2 -d^
+ 0< /prod/race/oem/tmp/mptr125_oem_job_datafile.tmp
+ INPUT_FILE_NAME=PartsPriceUS.zpp
+ export INPUT_FILE_NAME
+ [ -z PartsPriceUS.zpp ]
+ sed -n -e 1p
+ cut -f3 -d^
+ 0< /prod/race/oem/tmp/mptr125_oem_job_datafile.tmp
+ XTAB_FILE_NAME=mptr125_xtab_oem_ref_mptr125_saa_raw.dat
+ export XTAB_FILE_NAME
+ sed -n -e 1p
+ cut -f4 -d^
+ 0< /prod/race/oem/tmp/mptr125_oem_job_datafile.tmp
+ XTAB_TABLE_NAME=xtab_oem_ref_mptr125_saa
+ export XTAB_TABLE_NAME
+ sed -n -e 1p
+ cut -f5 -d^
+ 0< /prod/race/oem/tmp/mptr125_oem_job_datafile.tmp
+ FTP_PROGRAM_NAME=''
+ export FTP_PROGRAM_NAME
+ sed -n -e 1p
+ cut -f6 -d^
+ 0< /prod/race/oem/tmp/mptr125_oem_job_datafile.tmp
+ FTP_LOCATION_CODE=N
+ export FTP_LOCATION_CODE
+ sed -n -e 1p
+ cut -f7 -d^
+ 0< /prod/race/oem/tmp/mptr125_oem_job_datafile.tmp
+ FORMAT_INDICATOR=A
+ export FORMAT_INDICATOR
+ sed -n -e 1p
+ cut -f8 -d^
+ 0< /prod/race/oem/tmp/mptr125_oem_job_datafile.tmp
+ SOURCE_FIELD_DELIMITER=,
+ export SOURCE_FIELD_DELIMITER
+ sed -n -e 1p
+ cut -f9 -d^
+ 0< /prod/race/oem/tmp/mptr125_oem_job_datafile.tmp
+ TARGET_FIELD_SIZE=''
+ export TARGET_FIELD_SIZE
+ sed -n -e 1p
+ cut -f10 -d^
+ 0< /prod/race/oem/tmp/mptr125_oem_job_datafile.tmp
+ BACKUP_SOURCE_FILE_NAME=mptr125_araw_saa_us.dat
+ export BACKUP_SOURCE_FILE_NAME
+ sed -n -e 1p
+ cut -f16 -d^
+ 0< /prod/race/oem/tmp/mptr125_oem_job_datafile.tmp
+ ENCODING_CHARSET=''
+ export ENCODING_CHARSET
+ STEP020_FILEIN=/prod/race/oem/dat/mptr125_araw_saa_us.dat
+ export STEP020_FILEIN
+ STEP020_FILEOUT=/prod/race/oem/tmp/mptr125_step020_saa_us_file_1.tmp
+ export STEP020_FILEOUT
+ STEP020_FILEIN_CONV=/prod/race/oem/dat/mptr125_araw_saa_us_conv.dat
+ export STEP020_FILEIN_CONV
+ STEP020_FILETMP=/prod/race/oem/tmp/mptr125_step020_saa_us_filetmp_1.tmp
+ export STEP020_FILETMP
+ echo '\n\n Input File:  /prod/race/oem/dat/mptr125_araw_saa_us.dat'
\n\n Input File:  /prod/race/oem/dat/mptr125_araw_saa_us.dat
+ echo '\n\n Output File: /prod/race/oem/tmp/mptr125_step020_saa_us_file_1.tmp'
\n\n Output File: /prod/race/oem/tmp/mptr125_step020_saa_us_file_1.tmp
+ [ A '=' A ]
+ [ ! -z '' ]
+ echo '\n\n Running ascii_cleanup.ksh /prod/race/oem/dat/mptr125_araw_saa_us.dat /prod/race/oem/tmp/mptr125_step020_saa_us_file_1.tmp /prod/race/oem/tmp/mptr125_step020_saa_us_filetmp_1.tmp'
\n\n Running ascii_cleanup.ksh /prod/race/oem/dat/mptr125_araw_saa_us.dat /prod/race/oem/tmp/mptr125_step020_saa_us_file_1.tmp /prod/race/oem/tmp/mptr125_step020_saa_us_filetmp_1.tmp
+ ascii_cleanup.ksh /prod/race/oem/dat/mptr125_araw_saa_us.dat /prod/race/oem/tmp/mptr125_step020_saa_us_file_1.tmp /prod/race/oem/tmp/mptr125_step020_saa_us_filetmp_1.tmp
: ascii_cleanup.ksh,v 1.5 2020/02/21 19:47:23 sg107540 Exp $
\n*-*-*-*-*-*-*-*-*-*-*-*-*-*-*-*-*-*-*-*-*-*-*-*-*-*-*-*-*-*-*-*-*-*-*-*-*-*-*-*-*-*-*
Starting ascii_cleanup.ksh\n
users@production.int = users@production.int
FILESIZE OK
\nExiting ascii_cleanup.ksh
*-*-*-*-*-*-*-*-*-*-*-*-*-*-*-*-*-*-*-*-*-*-*-*-*-*-*-*-*-*-*-*-*-*-*-*-*-*-*-*-*-*-*\n
+ expr 1 + 1
+ FILE_SEQUENCE=2
+ true
+ sed -n -e 2p
+ cut -f2 -d^
+ 0< /prod/race/oem/tmp/mptr125_oem_job_datafile.tmp
+ INPUT_FILE_NAME=''
+ export INPUT_FILE_NAME
+ [ -z '' ]
+ break
+ STEPNAME=Step030R
+ export STEPNAME
+ date '+%m/%d/%y %H:%M:%S'
+ echo '\n\nSTART ---> mptr125_oem_ref Step030R - delimit to fixed file conversion and xtab creation - ' 09/01/26 07:38:16 ' <--- START\n\n'
\n\nSTART ---> mptr125_oem_ref Step030R - delimit to fixed file conversion and xtab creation -  09/01/26 07:38:16  <--- START\n\n
+ oem_job_status_update.ksh R 'Step030R dlmt2fxd Process'
+ FILE_SEQUENCE=1
+ export FILE_SEQUENCE
+ [ '' '=' Step030R ]
+ true
+ sed -n -e 1p
+ cut -f2 -d^
+ 0< /prod/race/oem/tmp/mptr125_oem_job_datafile.tmp
+ INPUT_FILE_NAME=PartsPriceUS.zpp
+ export INPUT_FILE_NAME
+ [ -z PartsPriceUS.zpp ]
+ sed -n -e 1p
+ cut -f3 -d^
+ 0< /prod/race/oem/tmp/mptr125_oem_job_datafile.tmp
+ XTAB_FILE_NAME=mptr125_xtab_oem_ref_mptr125_saa_raw.dat
+ export XTAB_FILE_NAME
+ sed -n -e 1p
+ cut -f4 -d^
+ 0< /prod/race/oem/tmp/mptr125_oem_job_datafile.tmp
+ XTAB_TABLE_NAME=xtab_oem_ref_mptr125_saa
+ export XTAB_TABLE_NAME
+ sed -n -e 1p
+ cut -f5 -d^
+ 0< /prod/race/oem/tmp/mptr125_oem_job_datafile.tmp
+ FTP_PROGRAM_NAME=''
+ export FTP_PROGRAM_NAME
+ sed -n -e 1p
+ cut -f6 -d^
+ 0< /prod/race/oem/tmp/mptr125_oem_job_datafile.tmp
+ FTP_LOCATION_CODE=N
+ export FTP_LOCATION_CODE
+ sed -n -e 1p
+ cut -f7 -d^
+ 0< /prod/race/oem/tmp/mptr125_oem_job_datafile.tmp
+ FORMAT_INDICATOR=A
+ export FORMAT_INDICATOR
+ sed -n -e 1p
+ cut -f8 -d^
+ 0< /prod/race/oem/tmp/mptr125_oem_job_datafile.tmp
+ SOURCE_FIELD_DELIMITER=,
+ export SOURCE_FIELD_DELIMITER
+ sed -n -e 1p
+ cut -f9 -d^
+ 0< /prod/race/oem/tmp/mptr125_oem_job_datafile.tmp
+ TARGET_FIELD_SIZE=''
+ export TARGET_FIELD_SIZE
+ sed -n -e 1p
+ cut -f10 -d^
+ 0< /prod/race/oem/tmp/mptr125_oem_job_datafile.tmp
+ BACKUP_SOURCE_FILE_NAME=mptr125_araw_saa_us.dat
+ export BACKUP_SOURCE_FILE_NAME
+ sed -n -e 1p
+ cut -f11 -d^
+ 0< /prod/race/oem/tmp/mptr125_oem_job_datafile.tmp
+ FTP_SOURCE_FILE_NAME=''
+ export FTP_SOURCE_FILE_NAME
+ eval FTP_SOURCE_FILE_NAME=
+ FTP_SOURCE_FILE_NAME=''
+ sed -n -e 1p
+ cut -f12 -d^
+ 0< /prod/race/oem/tmp/mptr125_oem_job_datafile.tmp
+ SOURCE_FILE_UPDATE_FREQUENCY=1
+ export SOURCE_FILE_UPDATE_FREQUENCY
+ sed -n -e 1p
+ cut -f13 -d^
+ 0< /prod/race/oem/tmp/mptr125_oem_job_datafile.tmp
+ SOURCE_FILE_UPDATE_DATE=07/27/2026
+ export SOURCE_FILE_UPDATE_DATE
+ sed -n -e 1p
+ cut -f14 -d^
+ 0< /prod/race/oem/tmp/mptr125_oem_job_datafile.tmp
+ FTP_PARM_FILE_NAME=''
+ export FTP_PARM_FILE_NAME
+ STEP030_FILEIN=/prod/race/oem/tmp/mptr125_step020_saa_us_file_1.tmp
+ export STEP030_FILEIN
+ STEP030_FILEOUT=/prod/race/oem/dat/mptr125_xtab_oem_ref_mptr125_saa_raw.dat
+ export STEP030_FILEOUT
+ STEP030_PREVRAW=/prod/race/oem/dat/mptr125_xtab_oem_ref_mptr125_saa_raw.dat_prevraw.dat
+ export STEP030_PREVRAW
+ echo $'\\n\\n Create previous raw from last run\'s raw.dat file'
\n\n Create previous raw from last run's raw.dat file
+ [ -f /prod/race/oem/dat/mptr125_xtab_oem_ref_mptr125_saa_raw.dat ]
+ cp -p /prod/race/oem/dat/mptr125_xtab_oem_ref_mptr125_saa_raw.dat /prod/race/oem/dat/mptr125_xtab_oem_ref_mptr125_saa_raw.dat_prevraw.dat
+ echo '\n\n Input File:  /prod/race/oem/tmp/mptr125_step020_saa_us_file_1.tmp'
\n\n Input File:  /prod/race/oem/tmp/mptr125_step020_saa_us_file_1.tmp
+ echo '\n\n Output File: /prod/race/oem/dat/mptr125_xtab_oem_ref_mptr125_saa_raw.dat'
\n\n Output File: /prod/race/oem/dat/mptr125_xtab_oem_ref_mptr125_saa_raw.dat
+ [ ! -z '' ]
+ echo 'Copy input file to output file to create new xtab dat.'
Copy input file to output file to create new xtab dat.
+ cp /prod/race/oem/tmp/mptr125_step020_saa_us_file_1.tmp /prod/race/oem/dat/mptr125_xtab_oem_ref_mptr125_saa_raw.dat
+ DIFF_FILE=/prod/race/oem/tmp/mptr125_step030_saaus.diff
+ echo '\n\n'
\n\n
+ echo 'Current  Input File: /prod/race/oem/dat/mptr125_xtab_oem_ref_mptr125_saa_raw.dat'
Current  Input File: /prod/race/oem/dat/mptr125_xtab_oem_ref_mptr125_saa_raw.dat
+ echo 'Previous Input File: /prod/race/oem/dat/mptr125_xtab_oem_ref_mptr125_saa_raw.dat_prevraw.dat'
Previous Input File: /prod/race/oem/dat/mptr125_xtab_oem_ref_mptr125_saa_raw.dat_prevraw.dat
+ [ -f /prod/race/oem/dat/mptr125_xtab_oem_ref_mptr125_saa_raw.dat_prevraw.dat ]
+ trap - err
+ diff /prod/race/oem/dat/mptr125_xtab_oem_ref_mptr125_saa_raw.dat_prevraw.dat /prod/race/oem/dat/mptr125_xtab_oem_ref_mptr125_saa_raw.dat
+ 1> /prod/race/oem/tmp/mptr125_step030_saaus.diff
+ [ ! -s /prod/race/oem/tmp/mptr125_step030_saaus.diff ]
+ echo 'Update source_file_update_date'
Update source_file_update_date
+ sqlplus -s
+ 0<< \%
racejob/q1w2e3r4
SET ECHO ON;
SET FEEDBACK OFF;
SET VERIFY ON;
SET LINESIZE 80;
SET SERVEROUTPUT ON;
whenever sqlerror exit sql.sqlcode
    exec pkg_oem_job_datafile.p_oem_job_datafile_upd_01(p_reformat_job  => 'mptr125',                                                               p_file_sequence => '1',                                                         p_log_directory => 'RACE_OEM_LOG_DIR',                                                            p_log_filename  => 'mptr125_20260901073811.log');
QUIT;
%
2>& 1
+ trap 'oem_abndalrt.ksh $?' err
+ expr 1 + 1
+ FILE_SEQUENCE=2
+ true
+ sed -n -e 2p
+ cut -f2 -d^
+ 0< /prod/race/oem/tmp/mptr125_oem_job_datafile.tmp
+ INPUT_FILE_NAME=''
+ export INPUT_FILE_NAME
+ [ -z '' ]
+ break
+ STEPNAME=Step040R
+ export STEPNAME
+ date '+%m/%d/%y %H:%M:%S'
+ echo '\n\nSTART ---> mptr125_oem_ref Step040R - Check for Preprocess Script - ' 09/01/26 07:38:18 ' <--- START\n\n'
\n\nSTART ---> mptr125_oem_ref Step040R - Check for Preprocess Script -  09/01/26 07:38:18  <--- START\n\n
+ oem_job_status_update.ksh R 'Step040R Check for Preprocess Script'
+ [ -z '' ]
+ break
+ STEPNAME=Step049R
+ export STEPNAME
+ date '+%m/%d/%y %H:%M:%S'
+ echo '\n\nSTART ---> mptr125_oem_ref Step049R - Price Format Checker - ' 09/01/26 07:38:18 ' <--- START\n\n'
\n\nSTART ---> mptr125_oem_ref Step049R - Price Format Checker -  09/01/26 07:38:18  <--- START\n\n
+ oem_job_status_update.ksh R 'Step049R p_oem_ref_price_check'
+ sqlplus -s
+ 0<< \%
racejob/q1w2e3r4
SET ECHO ON;
SET FEEDBACK OFF;
SET VERIFY ON;
SET LINESIZE 80;
SET SERVEROUTPUT ON;
whenever sqlerror exit sql.sqlcode
    exec pkg_oem_ref_price_check.p_main_price_check(p_reformat_job       => 'mptr125',                                                          p_log_directory      => 'RACE_OEM_LOG_DIR',                                                           p_log_filename       => 'mptr125_20260901073811.log',                                                              p_debug_level        => '0',                                                     p_dbms_profiler_flag => 'N');
QUIT;
%
2>& 1
BEGIN pkg_oem_ref_price_check.p_main_price_check(p_reformat_job       => 'mptr125',							     p_log_directory	  => 'RACE_OEM_LOG_DIR',							   p_log_filename	=> 'mptr125_20260901073811.log',							      p_debug_level	   => '0',						       p_dbms_profiler_flag => 'N'); END;

*
ERROR at line 1:
ORA-20999: ABEND! Contact On-call Programmer
ORA-06512: at "RACE.PKG_COMMON_UTILITIES", line 491
ORA-06512: at "RACE.PKG_OEM_REF_PRICE_CHECK", line 146
ORA-06512: at line 1


+ oem_abndalrt.ksh 7
\n\n*** Begin oem_abndalrt.ksh ***\n\n
}
_=*973384*/bin/env
act_lvl=prod
ACT_LVL=prod
_AST_FEATURES=UNIVERSE - ucb
A__z="*SHLVL="*TMOUT
BACKUP_SOURCE_FILE_NAME=mptr125_araw_saa_us.dat
BASH_FUNC_which%%=() {  ( alias;
COBDIR=/opt/rocketsoftware/VisualCOBOL
DBUS_SESSION_BUS_ADDRESS=unix:path=/run/user/483426703/bus
DEBUGINFOD_IMA_CERT_PATH=/etc/keys/ima:
DUPLICATE_PARTS_EXPECTED_FLAG=Y
ENCODING_CHARSET=
 eval ${which_declare} ) | /usr/bin/which --tty-only --read-alias --read-functions --show-tilde --show-dot $@
FILE_SEQUENCE=2
FILE_SUFFIX=.zpp
FORMATCTRY=US
FORMAT_INDICATOR=A
FORMATOEM=042
FTP_BUSINESS_PATH=/prod/data/ftp/Business_Partners/mitchell/prod/oem/incoming
FTP_LOCATION_CODE=N
FTP_MITCHELL_BUSINESS_PATH=/prod/data/ftp/Business_Partners/mitchell
FTP_PARM_FILE_NAME=
FTP_PROGRAM_NAME=
FTP_SERVER=prod3nt.production.int
FTP_SFTP_USER=race_b1@
FTP_SITE=ftp-ssh.mitchell.com
FTP_SOURCE_FILE_NAME=
HOME=/home/production.int/svc-apd-race-prd
INPUT_FILE_NAME=
INPUT_FILE_NAME_EXPANDED=/prod/race/oem/dat/PartsPriceUS.zpp
JOBCTRY=US
JOBFILE_OEMCTRY=saa_us
JOBLOGNAME=/prod/race/oem/log/mptr125_20260901073811.log
JOBNAME=mptr125
JOBOEM=042
JOBOEMNAME=SAA
JOBPARM=zmpt126a
LANG=en_US.UTF-8
LD_LIBRARY_PATH=/u01/app/oracle/product/19.3.0/client64/lib:/opt/rocketsoftware/VisualCOBOL/lib:/opt/rocketsoftware/VisualCOBOL/lib64:
LESSOPEN=||/usr/bin/lesspipe.sh %s
LOGDIR=/prod/race/oem/log
LOGFILE=mptr125_20260901073811.log
LOGNAME=svc-apd-race-prd@production.int
LOG=/prod/race/oem/tmp/mptr125_973123.sqlout
MAIL=/var/spool/mail/svc-apd-race-prd@production.int
MF_LICENSE_DIR=/opt/rocketsoftware/VisualCOBOL/etc
MOTD_SHOWN=pam
MPTUSERID=racejob/q1w2e3r4
NOVELL=prod/
OBJ_DATDIR=RACE_OEM_DAT_DIR
OBJ_LOGDIR=RACE_OEM_LOG_DIR
OBJ_PRMDIR=RACE_OEM_PRM_DIR
OBJ_RPTDIR=RACE_OEM_RPT_DIR
OBJ_TMPDIR=RACE_OEM_TMP_DIR
OBSOLETE_JOB_FLAG=N
OEMABBRLOWER=saa
ORACLE_BASE=/u01/app/oracle
ORACLE_HOME=/u01/app/oracle/product/19.3.0/client64
ORACLE_SID=RADP.MITCHELL.COM
PACKAGE_NAME_1=pkg_oem_ref_041
PACKAGE_NAME_2=
PATH=/prod/race/oem/bin:/prod/race/share/bin:/u01/app/oracle/product/19.3.0/client64/bin:/usr/lib/oracle/23/client64/bin:/opt/microfocus/cobol/bin:/home/production.int/svc-apd-race-prd/bin:/home/production.int/svc-apd-race-prd/.local/bin:/home/production.int/svc-apd-race-prd/bin:/usr/local/bin:/sbin:/bin:/usr/sbin:/usr/bin:/prod/race/share/bin:/stage/race/share/bin
PREPROCESS_SCRIPT_NAME=
PROCNAME=mptr125_oem_ref
PRODHOST=pawapp7017l
PWD=/home/production.int/svc-apd-race-prd
RACE_DBMS_PROFILER_FLAG=N
RACE_DEBUG_LEVEL=0
RACE_HOST=race
RACE=/prod/race/oem
REFORMAT_BUILDS_RTRANS_FLAG=N
REFORMATJOB=mptr125
REPORTSUFFIX=saaus
RESTART=
RESTART_FILE_SEQUENCE=
REVERSE_SUPER_JOBPARM=mpt126e
S_COLORS=auto
SELINUX_LEVEL_REQUESTED=
SELINUX_ROLE_REQUESTED=
SELINUX_USE_CURRENT_RANGE=
SHELL=/bin/ksh
SHLVL=5
SOURCE_FIELD_DELIMITER=,
SOURCE_FILE_UPDATE_DATE=07/27/2026
SOURCE_FILE_UPDATE_FREQUENCY=1
SSH_CLIENT=10.136.86.98 53637 22
SSH_CONNECTION=10.136.86.98 53637 10.136.86.51 22
STEP020_FILEIN_CONV=/prod/race/oem/dat/mptr125_araw_saa_us_conv.dat
STEP020_FILEIN=/prod/race/oem/dat/mptr125_araw_saa_us.dat
STEP020_FILEOUT=/prod/race/oem/tmp/mptr125_step020_saa_us_file_1.tmp
STEP020_FILETMP=/prod/race/oem/tmp/mptr125_step020_saa_us_filetmp_1.tmp
STEP030_FILEIN=/prod/race/oem/tmp/mptr125_step020_saa_us_file_1.tmp
STEP030_FILEOUT=/prod/race/oem/dat/mptr125_xtab_oem_ref_mptr125_saa_raw.dat
STEP030_PREVRAW=/prod/race/oem/dat/mptr125_xtab_oem_ref_mptr125_saa_raw.dat_prevraw.dat
STEPNAME=Step049R
TARGET_FIELD_SIZE=
TESTHOST=TESTHOSTgoesHERE
THISHOST=pawapp7017l
TMOUT=28800
TNS_ADMIN=/u01/app/oracle/product/19.3.0/client64/network/admin
TWO_TASK=RADP.MITCHELL.COM
UPDATEJOB=mptr126
USER=svc-apd-race-prd@production.int
which_declare=declare -f
WORKFILE=/prod/race/oem/tmp/mptr125_oem_job_datafile.tmp
XDG_DATA_DIRS=/home/production.int/svc-apd-race-prd/.local/share/flatpak/exports/share:/var/lib/flatpak/exports/share:/usr/local/share:/usr/share
XDG_RUNTIME_DIR=/run/user/483426703
XDG_SESSION_CLASS=user
XDG_SESSION_ID=2041
XDG_SESSION_TYPE=tty
XTAB_FILE_NAME=mptr125_xtab_oem_ref_mptr125_saa_raw.dat
XTAB_TABLE_NAME=xtab_oem_ref_mptr125_saa

 !!  PRODUCTION JOB--CONDITION CODE ERROR  !!
 !!     REPORT TO PRODUCTION CONTROL       !!
   ** mptr125:mptr125_oem_ref[Step049R] failed, rc = 7 **
\n\n***  End  oem_abndalrt.ksh ***\n\n
/prod/race/share/bin/exec_restart.ksh: line 94: 973146: Killed
