    Start  mptr911   Thu Sep 3 08:28:04 AM PDT 2026
\n\n**********************************************************************************
Restart Step was NOT included in the job execution. Job will run from the beginning.
**********************************************************************************\n\n
\n\n**************************************************************************************************************
Calling:  mpt911.ksh    Datetime: 09/03/26 08:28:04   Script: /tmp/mptr911_mpt911.ksh_run
**************************************************************************************************************\n\n
RCS : mpt911.ksh,v 1.5 2026/08/10 17:44:02 rj132422 Exp $
#*****************************************************************************************
# PROC NAME: mpt911.ksh                                              
# PROC DESC: Clean-up files and database rows that were created when the wrong reformat
#            job has been run.
# STEPS: 
#     1) Read parm that contains JOBNAME, OEM, CNTRY, and EFFECTIVE DATE that was 
#        incorrectly processed. While some of this could be "calculated" from the database,
#        we want it entered by DataOps. This is a powerful job so extreme caution should be
#        taken when entering parameter info. We don't want the wrong OEM's data backed out.
#     2) Verify information and perform database fixes.
#     3) Remove unix files, if parameter file created by Step2 designates to do so.
#*****************************************************************************************

  trap 'abndalrt.ksh $?' err
+ trap 'abndalrt.ksh $?' err
  export PROCNAME=$(basename $0 .ksh_run)

+ basename /tmp/mptr911_mpt911.ksh_run .ksh_run
+ PROCNAME=mptr911_mpt911
+ export PROCNAME
  #**************************************************************************************
  # Process parm file and setup the Environment Variables 
  #************************************************************************************** 
  export PARM_FILE=${RACE}/prm/mpt911_oem_cleanup_info.prm

+ PARM_FILE=/prod/race/oem/prm/mpt911_oem_cleanup_info.prm
+ export PARM_FILE
  export MEDIA_STATUS=`grep "MEDIA_STATUS=" ${PARM_FILE} | cut -f2 -d"="`
grep "MEDIA_STATUS=" ${PARM_FILE} | cut -f2 -d"="
+ cut -f2 '-d='
+ grep MEDIA_STATUS= /prod/race/oem/prm/mpt911_oem_cleanup_info.prm
+ MEDIA_STATUS=WRONG
+ export MEDIA_STATUS
  export PART_SUPPLIER=`grep "PART_SUPPLIER=" ${PARM_FILE}| cut -f2 -d"="`
grep "PART_SUPPLIER=" ${PARM_FILE}| cut -f2 -d"="
+ cut -f2 '-d='
+ grep PART_SUPPLIER= /prod/race/oem/prm/mpt911_oem_cleanup_info.prm
+ PART_SUPPLIER=085
+ export PART_SUPPLIER
  export COUNTRY=`grep "COUNTRY=" ${PARM_FILE}| cut -f2 -d"="`
grep "COUNTRY=" ${PARM_FILE}| cut -f2 -d"="
+ cut -f2 '-d='
+ grep COUNTRY= /prod/race/oem/prm/mpt911_oem_cleanup_info.prm
+ COUNTRY=US
+ export COUNTRY
  export EFF_DATE=`grep "EFF_DATE=" ${PARM_FILE}| cut -f2 -d"="`
grep "EFF_DATE=" ${PARM_FILE}| cut -f2 -d"="
+ grep EFF_DATE= /prod/race/oem/prm/mpt911_oem_cleanup_info.prm
+ cut -f2 '-d='
+ EFF_DATE=09/01/2026
+ export EFF_DATE
  export REPL_FLAG=`grep "REPLACE=" ${PARM_FILE}| cut -f2 -d"="` 

grep "REPLACE=" ${PARM_FILE}| cut -f2 -d"="
+ grep REPLACE= /prod/race/oem/prm/mpt911_oem_cleanup_info.prm
+ cut -f2 '-d='
+ REPL_FLAG=N
+ export REPL_FLAG
  export REFORMAT_STATUS=`grep "REFORMAT_STATUS=" ${PARM_FILE} | cut -f2 -d"="`
grep "REFORMAT_STATUS=" ${PARM_FILE} | cut -f2 -d"="
+ cut -f2 '-d='
+ grep REFORMAT_STATUS= /prod/race/oem/prm/mpt911_oem_cleanup_info.prm
+ REFORMAT_STATUS=NOTRUN
+ export REFORMAT_STATUS
  export REFORMAT_JOB=`grep "REFORMAT_JOB=" ${PARM_FILE} | cut -f2 -d"="`
grep "REFORMAT_JOB=" ${PARM_FILE} | cut -f2 -d"="
+ cut -f2 '-d='
+ grep REFORMAT_JOB= /prod/race/oem/prm/mpt911_oem_cleanup_info.prm
+ REFORMAT_JOB=mptr330
+ export REFORMAT_JOB
  export NUMDAYS=`grep "NUM_DAYS=" ${PARM_FILE}| cut -f2 -d"="` 
grep "NUM_DAYS=" ${PARM_FILE}| cut -f2 -d"="
+ cut -f2 '-d='
+ grep NUM_DAYS= /prod/race/oem/prm/mpt911_oem_cleanup_info.prm
+ NUMDAYS=1
+ export NUMDAYS
  
  export MPTUSERID=`cat ${RACE}/prm/zmptpass.prm`

cat ${RACE}/prm/zmptpass.prm
+ cat /prod/race/oem/prm/zmptpass.prm
+ MPTUSERID=racejob/q1w2e3r4
+ export MPTUSERID
#STEP Step010R
  export STEPNAME=Step010R
+ STEPNAME=Step010R
+ export STEPNAME
  echo "\n\nSTART ---> ${PROCNAME} ${STEPNAME}" $(date +'%m/%d/%y %H:%M:%S')  " <--- START\n\n"
+ date '+%m/%d/%y %H:%M:%S'
+ echo '\n\nSTART ---> mptr911_mpt911 Step010R' 09/03/26 08:28:04 ' <--- START\n\n'
\n\nSTART ---> mptr911_mpt911 Step010R 09/03/26 08:28:04  <--- START\n\n
  #**************************************************************************************
  #  Execute procedure to cleanup database tables and determine if unix files require cleanup. 
  #  1. Verify parm values
  #  2. Perform database cleanup based on parm values.
  #  3. Log all database activity in tmp file, as well as indicator whether unix files
  #     should be removed.
  #  4. Display what was logged in tmp file so that job log contains info as well.
  #**************************************************************************************

  sqlplus << CODE_BLOCK 2>&1 > $LOG
$MPTUSERID
SET VERIFY OFF;
SET FEEDBACK OFF;
SET LINESIZE 100;
SET ECHO ON;
SET SERVEROUTPUT ON FORMAT WRAPPED;
whenever sqlerror exit sql.sqlcode

    exec pkg_oem_fix_run.p_fix_process(p_in_media_status          => '${MEDIA_STATUS}', \
                                       p_in_part_supplier_number  => '${PART_SUPPLIER}',  \
                                       p_in_part_supplier_country => '${COUNTRY}', \
                                       p_in_effective_date        => '${EFF_DATE}', \
                                       p_in_replacement_run_flag  => '${REPL_FLAG}', \
                                       p_in_reformat_status       => '${REFORMAT_STATUS}', \
                                       p_in_reformat_job          => '${REFORMAT_JOB}', \
                                       p_in_prm_dirname           => '${OBJ_TMPDIR}', \
                                       p_in_prm_filename          => '${JOBNAME}_process_info.tmp');
QUIT;
CODE_BLOCK

+ sqlplus
+ 0<< \CODE_BLOCK
racejob/q1w2e3r4
SET VERIFY OFF;
SET FEEDBACK OFF;
SET LINESIZE 100;
SET ECHO ON;
SET SERVEROUTPUT ON FORMAT WRAPPED;
whenever sqlerror exit sql.sqlcode

    exec pkg_oem_fix_run.p_fix_process(p_in_media_status          => 'WRONG',                                        p_in_part_supplier_number  => '085',                                         p_in_part_supplier_country => 'US',                                        p_in_effective_date        => '09/01/2026',                                        p_in_replacement_run_flag  => 'N',                                        p_in_reformat_status       => 'NOTRUN',                                        p_in_reformat_job          => 'mptr330',                                        p_in_prm_dirname           => 'RACE_OEM_TMP_DIR',                                        p_in_prm_filename          => 'mptr911_process_info.tmp');
QUIT;
CODE_BLOCK
2>& 1 1> /prod/race/oem/tmp/mptr911_1053065.sqlout
  echo ${RACE}/tmp/${JOBNAME}_process_info.tmp   

+ echo /prod/race/oem/tmp/mptr911_process_info.tmp
/prod/race/oem/tmp/mptr911_process_info.tmp
#STEP Step020R
  export STEPNAME=Step020R
+ STEPNAME=Step020R
+ export STEPNAME
  echo "\n\nSTART ---> ${PROCNAME} ${STEPNAME}" $(date +'%m/%d/%y %H:%M:%S')  " <--- START\n\n"
+ date '+%m/%d/%y %H:%M:%S'
+ echo '\n\nSTART ---> mptr911_mpt911 Step020R' 09/03/26 08:28:04 ' <--- START\n\n'
\n\nSTART ---> mptr911_mpt911 Step020R 09/03/26 08:28:04  <--- START\n\n
  #**************************************************************************************
  #  Unix file removal:
  #  1. If parm created in p_fix_process indicates "YES", remove associated unix files.
  #  2. Check if files were removed.
  #     If NOT removed, abend.
  #     If successfully removed (or not removal needed), remove tmp files created by fix.
  #**************************************************************************************
  export PROCESS_INFO=${RACE}/tmp/${JOBNAME}_process_info.tmp
+ PROCESS_INFO=/prod/race/oem/tmp/mptr911_process_info.tmp
+ export PROCESS_INFO
  export DELETE_IND=`grep "DELETE=" ${PROCESS_INFO}| cut -f2 -d"="` 
grep "DELETE=" ${PROCESS_INFO}| cut -f2 -d"="
+ cut -f2 '-d='
+ grep DELETE= /prod/race/oem/tmp/mptr911_process_info.tmp
+ DELETE_IND=''
+ export DELETE_IND
  export REMOVAL_LIST=${RACE}/tmp/${JOBNAME}_files_for_removal.tmp
+ REMOVAL_LIST=/prod/race/oem/tmp/mptr911_files_for_removal.tmp
+ export REMOVAL_LIST
  export MAIL_TEXT=${RACE}/tmp/${JOBNAME}_email_text.tmp

+ MAIL_TEXT=/prod/race/oem/tmp/mptr911_email_text.tmp
+ export MAIL_TEXT
  if [ "${DELETE_IND}" == "YES" ];
  then 
    find ${RACE}/rpt/ -type f -name ${REFORMAT_JOB}\* -mtime -${NUMDAYS} -exec ls -l {} \;
    find ${RACE}/rpt/ -type f -name ${REFORMAT_JOB}\* -mtime -${NUMDAYS} -exec rm -f {} \;
    find ${RACE}/tmp/ -type f -name ${REFORMAT_JOB}\* -mtime -${NUMDAYS} -exec ls -l {} \;
    find ${RACE}/tmp/ -type f -name ${REFORMAT_JOB}\* -mtime -${NUMDAYS} -exec rm -f {} \;
    find ${RACE}/log/ -type f -name ${REFORMAT_JOB}\* -mtime -${NUMDAYS} -exec ls -l {} \;
    find ${RACE}/log/ -type f -name ${REFORMAT_JOB}\* -mtime -${NUMDAYS} -exec rm -f {} \;
    find ${RACE}/dat/ -type f -name ${REFORMAT_JOB}\* -mtime -${NUMDAYS} -exec ls -l {} \;
    find ${RACE}/dat/ -type f -name ${REFORMAT_JOB}\* -mtime -${NUMDAYS} -exec rm -f {} \;
  fi

+ [ '' '==' YES ]
  find ${RACE}/rpt/ -type f -name ${REFORMAT_JOB}\* -mtime -7 -exec ls -l {} \; > ${REMOVAL_LIST}
+ find /prod/race/oem/rpt/ -type f -name 'mptr330*' -mtime -7 -exec ls -l '{}' ';'
+ 1> /prod/race/oem/tmp/mptr911_files_for_removal.tmp
  find ${RACE}/tmp/ -type f -name ${REFORMAT_JOB}\* -mtime -7 -exec ls -l {} \; >> ${REMOVAL_LIST}
+ find /prod/race/oem/tmp/ -type f -name 'mptr330*' -mtime -7 -exec ls -l '{}' ';'
+ 1>> /prod/race/oem/tmp/mptr911_files_for_removal.tmp
  find ${RACE}/log/ -type f -name ${REFORMAT_JOB}\* -mtime -7 -exec ls -l {} \; >> ${REMOVAL_LIST}
+ find /prod/race/oem/log/ -type f -name 'mptr330*' -mtime -7 -exec ls -l '{}' ';'
+ 1>> /prod/race/oem/tmp/mptr911_files_for_removal.tmp
  find ${RACE}/dat/ -type f -name ${REFORMAT_JOB}\* -mtime -7 -exec ls -l {} \; >> ${REMOVAL_LIST}

+ find /prod/race/oem/dat/ -type f -name 'mptr330*' -mtime -7 -exec ls -l '{}' ';'
+ 1>> /prod/race/oem/tmp/mptr911_files_for_removal.tmp
  if [ "${REFORMAT_STATUS}" == "NOTRUN" ];
  then   
    cat ${PROCESS_INFO} > ${MAIL_TEXT}
    echo " \n" >> ${MAIL_TEXT}
    echo "Since OEM_Reformat was not run, there was no request made for unix file removal.\n" >> ${MAIL_TEXT}   
    if [ ${THISHOST} = ${TESTHOST} ];
    then
      MAIL_TO="RACEBatchDL@mitchell.com"
      mailx -s "Test - ${JOBNAME} Completed" ${MAIL_TO} < ${MAIL_TEXT}
    else
      MAIL_TO="RaceDataOps@Mitchell.com,Rpt.OEM.Developers@Mitchell.com"
      mailx -s "Production - ${JOBNAME} Completed" ${MAIL_TO} < ${MAIL_TEXT}
    fi
    rm -f ${RACE}/tmp/${JOBNAME}*
  elif [ ! -s "${REMOVAL_LIST}" ] ;
  then   
      cat ${PROCESS_INFO} > ${MAIL_TEXT}
      echo " \n" >> ${MAIL_TEXT}
      echo "Unix files successfully deleted.\n" >> ${MAIL_TEXT}   
      if [ ${THISHOST} = ${TESTHOST} ];
      then
        MAIL_TO="RACEBatchDL@mitchell.com"
        mailx -s "Test - ${JOBNAME} Completed" ${MAIL_TO} < ${MAIL_TEXT}
      else
        MAIL_TO="RaceDataOps@Mitchell.com,Rpt.OEM.Developers@Mitchell.com"
        mailx -s "Production - ${JOBNAME} Completed" ${MAIL_TO} < ${MAIL_TEXT}
      fi
      rm -f ${RACE}/tmp/${JOBNAME}*
  else
      cat ${PROCESS_INFO} > ${MAIL_TEXT}
      echo " \n" >> ${MAIL_TEXT}
      echo " \n" >> ${MAIL_TEXT}
      echo "ERROR - ERROR - ERROR - ERROR - ERROR - ERROR - ERROR - ERROR - ERROR - ERROR - ERROR - ERROR\n" >> ${MAIL_TEXT}
      echo "There are unix files that were created within the past 7 days still on the server.\n" >> ${MAIL_TEXT}
      echo "Verify if these files are associated to the BAD run.\n" >> ${MAIL_TEXT}
      echo "If they are, increase NUM_DAYS in param file and restart job at ${STEPNAME}.\n" >> ${MAIL_TEXT}
      if [ ${THISHOST} = ${TESTHOST} ];
      then
        MAIL_TO="RACEBatchDL@mitchell.com"
        mailx -s "Test - ${JOBNAME}: Unix files not removed!" ${MAIL_TO} < ${MAIL_TEXT}
        $(abndalrt.ksh 911)
      else
        MAIL_TO="RaceDataOps@Mitchell.com,Rpt.OEM.Developers@Mitchell.com"
        mailx -s "Production - ${JOBNAME}: Unix files not removed!" ${MAIL_TO} < ${MAIL_TEXT}
        $(abndalrt.ksh 911)
      fi
  fi
+ [ NOTRUN '==' NOTRUN ]
+ cat /prod/race/oem/tmp/mptr911_process_info.tmp
+ 1> /prod/race/oem/tmp/mptr911_email_text.tmp
+ echo ' \n'
+ 1>> /prod/race/oem/tmp/mptr911_email_text.tmp
+ echo 'Since OEM_Reformat was not run, there was no request made for unix file removal.\n'
+ 1>> /prod/race/oem/tmp/mptr911_email_text.tmp
+ [ pawapp7017l '=' TESTHOSTgoesHERE ]
+ MAIL_TO=RaceDataOps@Mitchell.com,Rpt.OEM.Developers@Mitchell.com
+ mailx -s 'Production - mptr911 Completed' RaceDataOps@Mitchell.com,Rpt.OEM.Developers@Mitchell.com
+ 0< /prod/race/oem/tmp/mptr911_email_text.tmp
s-nail: RaceDataOps@Mitchell.com,Rpt.OEM.Developers@Mitchell.com contains invalid byte ','
s-nail: No recipients specified
/home/production.int/svc-apd-race-prd/dead.letter 6/223
s-nail: ... message not sent
abndalrt.ksh $?+ abndalrt.ksh 4

 !!  PRODUCTION JOB--CONDITION CODE ERROR  !!
 !!     REPORT TO PRODUCTION CONTROL       !!
   ** mptr911:mptr911_mpt911[Step020R] failed, rc = 4 ** 09/03/26 08:28:23
/prod/race/share/bin/exec_restart.ksh: line 94: 1053089: Killed
