    Start  mptr299   Thu Jul 2 10:16:51 AM PDT 2026
\n\n**********************************************************************************
Restart Step was NOT included in the job execution. Job will run from the beginning.
**********************************************************************************\n\n
\n\n**************************************************************************************************************
Calling:  oem_ref_mptr299_ftp_tesla_source_file.ksh    Datetime: 07/02/26 10:16:51   Script: /tmp/mptr299_oem_ref_mptr299_ftp_tesla_source_file.ksh_run
**************************************************************************************************************\n\n
RCS : oem_ref_mptr299_ftp_tesla_source_file.ksh,v 1.6 2024/01/17 23:25:13 pg2697 Exp $
#*****************************************************************************************
# PROCNAME oem_ref_mptr299_ftp_tesla_source_file.ksh                                            
# PURPOSE  Locate and Transfer the latest Tesla File from their External SFTP Site
#          Unzip the file and build the required files (Price, Supersession, PartsCatalog)
#          as the Source Input Files for mptr300.
#          Additionally, copy the zip file to the Network (for use by Editorial) and send 
#          an email notification.
#*****************************************************************************************
trap 'oem_abndalrt.ksh $?' err
+ trap 'oem_abndalrt.ksh $?' err
export PROCNAME=$(basename $0 .ksh_run)
+ basename /tmp/mptr299_oem_ref_mptr299_ftp_tesla_source_file.ksh_run .ksh_run
+ PROCNAME=mptr299_oem_ref_mptr299_ftp_tesla_source_file
+ export PROCNAME
export MPTUSERID=`cat ${RACE}/prm/zmptpass.prm`
cat ${RACE}/prm/zmptpass.prm
+ cat /mdev/race/oem/prm/zmptpass.prm
+ MPTUSERID=racejob/q1w2e3r4
+ export MPTUSERID
export LOGFILE=$(basename ${JOBLOGNAME})

+ basename /mdev/race/oem/log/mptr299_20260702101651.log
+ LOGFILE=mptr299_20260702101651.log
+ export LOGFILE
#*****************************************************************************************
#  Build environment variables for the job (based on jobname)
#*****************************************************************************************
. oem_job.ksh         
+ . oem_job.ksh
#!/bin/ksh
echo "RCS $Id: oem_job.ksh,v 1.6 2008/10/09 22:16:09 jw97143 Exp $"
#*****************************************************************************************
# PROCNAME oem_job.ksh
# PURPOSE  Retreive and build UNIX Environment Variables from Oracle Tables
#          Used by RACE OEM Parts Reformat and Update jobs
#*****************************************************************************************
trap 'oem_abndalrt.ksh $?' err
MPTUSERID=`cat ${RACE}/prm/zmptpass.prm`
LOGFILE=$(basename ${JOBLOGNAME})
#*****************************************************************************************
#  Build UNIX environment variables for the job (based on jobname)
#*****************************************************************************************
REFORMATJOB=${JOBNAME}
UPDATEJOB=${JOBNAME}
WORKFILE=${JOBNAME}_oem_job.tmp
#-----------------------------------------------------------------------------------------
(sqlplus -s << % 2>&1)
${MPTUSERID}
SET VERIFY OFF
SET FEEDBACK OFF
SET TAB OFF
SET LINESIZE 100
SET PAGES 0
SET TRIMSPOOL ON
whenever sqlerror exit sql.sqlcode
    exec pkg_oem_job.p_oem_job_sel_03(p_jobname       => '${JOBNAME}',    \
                                      p_tmp_directory => '${OBJ_TMPDIR}', \
                                      p_tmp_filename  => '${WORKFILE}',   \
                                      p_log_directory => '${OBJ_LOGDIR}', \
                                      p_log_filename  => '${LOGFILE%.log}.db.log');
QUIT;
%

# rj132422 - This code was added to avoid race condition between db and shell due the nfs
DB_LOG=${LOGDIR}/${LOGFILE%.log}.db.log
if [ -s "$DB_LOG" ]; then
    cat "$DB_LOG" >> "${LOGDIR}/${LOGFILE}"
    rm  "$DB_LOG"
fi

#-----------------------------------------------------------------------------------------
export WORKFILE=${RACE}/tmp/${WORKFILE}

#If the ReformatJob Environment variable isn't defined, abend the process
export REFORMATJOB=`cat ${WORKFILE}                   | cut -f1  -d","`
if [ -z "${REFORMATJOB}" ]
then
   abndalrt.ksh environment_not_found_in_oem_job_table.tmp
fi
export UPDATEJOB=`cat ${WORKFILE}                     | cut -f2  -d","`
export JOBOEM=`cat ${WORKFILE}                        | cut -f3  -d","`
export JOBCTRY=`cat ${WORKFILE}                       | cut -f4  -d","`
export JOBOEMNAME=`cat ${WORKFILE}                    | cut -f5  -d","`
export OEMABBRLOWER=`cat ${WORKFILE}                  | cut -f6  -d","`
export JOBPARM=`cat ${WORKFILE}                       | cut -f7  -d","`
export FORMATOEM=`cat ${WORKFILE}                     | cut -f8  -d","`
export FORMATCTRY=`cat ${WORKFILE}                    | cut -f9  -d","`
export JOBFILE_OEMCTRY=`cat ${WORKFILE}               | cut -f10 -d","`
export REPORTSUFFIX=`cat ${WORKFILE}                  | cut -f11 -d","`
export REVERSE_SUPER_JOBPARM=`cat ${WORKFILE}         | cut -f12 -d","`
export PACKAGE_NAME_1=`cat ${WORKFILE}                | cut -f13 -d","`
export PACKAGE_NAME_2=`cat ${WORKFILE}                | cut -f14 -d","`
export DUPLICATE_PARTS_EXPECTED_FLAG=`cat ${WORKFILE} | cut -f15 -d","`
export REFORMAT_BUILDS_RTRANS_FLAG=`cat ${WORKFILE}   | cut -f16 -d","`
export OBSOLETE_JOB_FLAG=`cat ${WORKFILE}             | cut -f17 -d","`
export PREPROCESS_SCRIPT_NAME=`cat ${WORKFILE}        | cut -f18 -d","`


##########################################################################################
# The various Oracle Package call by the OEM system use Global Temporary Tables.
# For some reason (only in the test system at this point in time), the indexes on these
# Global Tempoary Tables are missing.
# The missing indexes result in slooooow processing and often aren't discovered missing
# right away.  To curtail this problem, run a quick check to see if the indexes exist.
# When an index for a Global Temporary Table is not found, it will be created.
##########################################################################################
#-----------------------------------------------------------------------------------------
(sqlplus -s << % 2>&1)
${MPTUSERID}
SET VERIFY OFF
SET FEEDBACK OFF
SET TAB OFF
SET LINESIZE 100
SET PAGES 0
SET TRIMSPOOL ON
SET SERVEROUTPUT ON SIZE 1000000
whenever sqlerror exit sql.sqlcode
    exec pkg_oem_ref_utilities.p_check_gtmp_indexes(p_jobname       => '${JOBNAME}',       \
                                                    p_log_directory => '${OBJ_LOGDIR}',    \
                                                    p_log_filename  => '${LOGFILE%.log}.db.log',       \
                                                    p_debug_level   => '${RACE_DEBUG_LEVEL}');
QUIT;
%

# rj132422 - This code was added to avoid race condition between db and shell due the nfs
DB_LOG=${LOGDIR}/${LOGFILE%.log}.db.log
if [ -s "$DB_LOG" ]; then
    cat "$DB_LOG" >> "${LOGDIR}/${LOGFILE}"
    rm  "$DB_LOG"
fi
#-----------------------------------------------------------------------------------------

#*****************************************************************************************
# END oem_job.ksh
#*****************************************************************************************
+ echo 'RCS : oem_job.ksh,v 1.6 2008/10/09 22:16:09 jw97143 Exp $'
RCS : oem_job.ksh,v 1.6 2008/10/09 22:16:09 jw97143 Exp $
+ trap 'oem_abndalrt.ksh $?' err
cat ${RACE}/prm/zmptpass.prm
+ cat /mdev/race/oem/prm/zmptpass.prm
+ MPTUSERID=racejob/q1w2e3r4
+ basename /mdev/race/oem/log/mptr299_20260702101651.log
+ LOGFILE=mptr299_20260702101651.log
+ REFORMATJOB=mptr299
+ UPDATEJOB=mptr299
+ WORKFILE=mptr299_oem_job.tmp
+ sqlplus -s
+ 0<< \%
racejob/q1w2e3r4
SET VERIFY OFF
SET FEEDBACK OFF
SET TAB OFF
SET LINESIZE 100
SET PAGES 0
SET TRIMSPOOL ON
whenever sqlerror exit sql.sqlcode
    exec pkg_oem_job.p_oem_job_sel_03(p_jobname       => 'mptr299',                                          p_tmp_directory => 'RACE_OEM_TMP_DIR',                                       p_tmp_filename  => 'mptr299_oem_job.tmp',                                         p_log_directory => 'RACE_OEM_LOG_DIR',                                       p_log_filename  => 'mptr299_20260702101651.db.log');
QUIT;
%
2>& 1
+ DB_LOG=/mdev/race/oem/log/mptr299_20260702101651.db.log
+ [ -s /mdev/race/oem/log/mptr299_20260702101651.db.log ]
+ cat /mdev/race/oem/log/mptr299_20260702101651.db.log
+ 1>> /mdev/race/oem/log/mptr299_20260702101651.log

mptr299,mptr299,090,US,TES,tes,,090,US,tes_us,tesus,,FTP Files for mptr300 setup,,Y,N,N,,,N,

+ rm /mdev/race/oem/log/mptr299_20260702101651.db.log
+ WORKFILE=/mdev/race/oem/tmp/mptr299_oem_job.tmp
+ export WORKFILE
cat ${WORKFILE}                   | cut -f1  -d","
+ cut -f1 -d,
+ cat /mdev/race/oem/tmp/mptr299_oem_job.tmp
+ REFORMATJOB=mptr299
+ export REFORMATJOB
+ [ -z mptr299 ]
cat ${WORKFILE}                     | cut -f2  -d","
+ cut -f2 -d,
+ cat /mdev/race/oem/tmp/mptr299_oem_job.tmp
+ UPDATEJOB=mptr299
+ export UPDATEJOB
cat ${WORKFILE}                        | cut -f3  -d","
+ cat /mdev/race/oem/tmp/mptr299_oem_job.tmp
+ cut -f3 -d,
+ JOBOEM=090
+ export JOBOEM
cat ${WORKFILE}                       | cut -f4  -d","
+ cut -f4 -d,
+ cat /mdev/race/oem/tmp/mptr299_oem_job.tmp
+ JOBCTRY=US
+ export JOBCTRY
cat ${WORKFILE}                    | cut -f5  -d","
+ cut -f5 -d,
+ cat /mdev/race/oem/tmp/mptr299_oem_job.tmp
+ JOBOEMNAME=TES
+ export JOBOEMNAME
cat ${WORKFILE}                  | cut -f6  -d","
+ cut -f6 -d,
+ cat /mdev/race/oem/tmp/mptr299_oem_job.tmp
+ OEMABBRLOWER=tes
+ export OEMABBRLOWER
cat ${WORKFILE}                       | cut -f7  -d","
+ cut -f7 -d,
+ cat /mdev/race/oem/tmp/mptr299_oem_job.tmp
+ JOBPARM=''
+ export JOBPARM
cat ${WORKFILE}                     | cut -f8  -d","
+ cut -f8 -d,
+ cat /mdev/race/oem/tmp/mptr299_oem_job.tmp
+ FORMATOEM=090
+ export FORMATOEM
cat ${WORKFILE}                    | cut -f9  -d","
+ cut -f9 -d,
+ cat /mdev/race/oem/tmp/mptr299_oem_job.tmp
+ FORMATCTRY=US
+ export FORMATCTRY
cat ${WORKFILE}               | cut -f10 -d","
+ cut -f10 -d,
+ cat /mdev/race/oem/tmp/mptr299_oem_job.tmp
+ JOBFILE_OEMCTRY=tes_us
+ export JOBFILE_OEMCTRY
cat ${WORKFILE}                  | cut -f11 -d","
+ cut -f11 -d,
+ cat /mdev/race/oem/tmp/mptr299_oem_job.tmp
+ REPORTSUFFIX=tesus
+ export REPORTSUFFIX
cat ${WORKFILE}         | cut -f12 -d","
+ cut -f12 -d,
+ cat /mdev/race/oem/tmp/mptr299_oem_job.tmp
+ REVERSE_SUPER_JOBPARM=''
+ export REVERSE_SUPER_JOBPARM
cat ${WORKFILE}                | cut -f13 -d","
+ cut -f13 -d,
+ cat /mdev/race/oem/tmp/mptr299_oem_job.tmp
+ PACKAGE_NAME_1='FTP Files for mptr300 setup'
+ export PACKAGE_NAME_1
cat ${WORKFILE}                | cut -f14 -d","
+ cut -f14 -d,
+ cat /mdev/race/oem/tmp/mptr299_oem_job.tmp
+ PACKAGE_NAME_2=''
+ export PACKAGE_NAME_2
cat ${WORKFILE} | cut -f15 -d","
+ cat /mdev/race/oem/tmp/mptr299_oem_job.tmp
+ cut -f15 -d,
+ DUPLICATE_PARTS_EXPECTED_FLAG=Y
+ export DUPLICATE_PARTS_EXPECTED_FLAG
cat ${WORKFILE}   | cut -f16 -d","
+ cut -f16 -d,
+ cat /mdev/race/oem/tmp/mptr299_oem_job.tmp
+ REFORMAT_BUILDS_RTRANS_FLAG=N
+ export REFORMAT_BUILDS_RTRANS_FLAG
cat ${WORKFILE}             | cut -f17 -d","
+ cut -f17 -d,
+ cat /mdev/race/oem/tmp/mptr299_oem_job.tmp
+ OBSOLETE_JOB_FLAG=N
+ export OBSOLETE_JOB_FLAG
cat ${WORKFILE}        | cut -f18 -d","
+ cut -f18 -d,
+ cat /mdev/race/oem/tmp/mptr299_oem_job.tmp
+ PREPROCESS_SCRIPT_NAME=''
+ export PREPROCESS_SCRIPT_NAME
+ sqlplus -s
+ 0<< \%
racejob/q1w2e3r4
SET VERIFY OFF
SET FEEDBACK OFF
SET TAB OFF
SET LINESIZE 100
SET PAGES 0
SET TRIMSPOOL ON
SET SERVEROUTPUT ON SIZE 1000000
whenever sqlerror exit sql.sqlcode
    exec pkg_oem_ref_utilities.p_check_gtmp_indexes(p_jobname       => 'mptr299',                                                           p_log_directory => 'RACE_OEM_LOG_DIR',                                                        p_log_filename  => 'mptr299_20260702101651.db.log',                                                           p_debug_level   => '0');
QUIT;
%
2>& 1
+ DB_LOG=/mdev/race/oem/log/mptr299_20260702101651.db.log
+ [ -s /mdev/race/oem/log/mptr299_20260702101651.db.log ]
+ cat /mdev/race/oem/log/mptr299_20260702101651.db.log
+ 1>> /mdev/race/oem/log/mptr299_20260702101651.log

Start mptr299 pkg_oem_ref_utilities.p_check_gtmp_indexes


 End  mptr299 pkg_oem_ref_utilities.p_check_gtmp_indexes
+ rm /mdev/race/oem/log/mptr299_20260702101651.db.log
. oem_job_notify.ksh
+ . oem_job_notify.ksh
#!/bin/ksh
echo "RCS $Id: oem_job_notify.ksh,v 1.2 2008/10/09 22:17:44 jw97143 Exp $"
#*****************************************************************************************
# PROCNAME oem_job_notify.ksh
# PURPOSE  Check oem_job_notify table to see an email should be sent
#          and update/reset values when an email is sent
#*****************************************************************************************
trap 'oem_abndalrt.ksh $?' err
MPTUSERID=`cat ${RACE}/prm/zmptpass.prm`
LOGFILE=$(basename ${JOBLOGNAME})
#*****************************************************************************************

WORKFILE=${JOBNAME}_oem_job_notify.tmp
#-----------------------------------------------------------------------------------------
(sqlplus -s << % 2>&1)
${MPTUSERID}
SET VERIFY OFF
SET FEEDBACK OFF
SET TAB OFF
SET LINESIZE 100
SET PAGES 0
SET TRIMSPOOL ON
whenever sqlerror exit sql.sqlcode
    exec pkg_oem_job_notify.p_oem_job_notify_sel_01(p_job  =>          '${JOBNAME}',    \
                                                    p_tmp_directory => '${OBJ_TMPDIR}', \
                                                    p_tmp_filename  => '${WORKFILE}',   \
                                                    p_log_directory => '${OBJ_LOGDIR}', \
                                                    p_log_filename  => '${LOGFILE}');
QUIT;
%
#-----------------------------------------------------------------------------------------
WORKFILE=${RACE}/tmp/${WORKFILE}

SEND_EMAIL_FLAG=`cat ${WORKFILE}       | cut -f2  -d"^"`
EMAIL_ADDRESS_LIST=`cat ${WORKFILE}    | cut -f3  -d"^"`
EMAIL_BODY=`cat ${WORKFILE}            | cut -f4  -d"^"`
RESET_SEND_EMAIL_FLAG=`cat ${WORKFILE} | cut -f5  -d"^"`

# Is notification required?
if [ -z "${SEND_EMAIL_FLAG}" ]
then
  echo "Notification NOT Required"
  echo " "
else
  if [ "${SEND_EMAIL_FLAG}" = "Y" ]
  then
    #************************************************************************************
    # Send email notification
    #************************************************************************************
    MAIL_SUBJECT="Notification that Job: ${JOBNAME} is Running" 
    EMAIL_BODY_FILE=${RACE}/tmp/${JOBNAME}_email_body.tmp    
    echo ${JOBNAME} ": " ${EMAIL_BODY} > ${EMAIL_BODY_FILE}
      
    # Build the list of email addresses 
    EMAIL_ADDRESS_LIST="${EMAIL_ADDRESS_LIST} NOMORE"
    EMAIL_ADDRESS_PTR=1
    # Extract the email address based on EMAIL_ADDRESS_PTR value - delimited by a space. 
    # -f flag points to the field number
    # -d flag is the delimiter
    EMAIL_ADDRESS=`echo ${EMAIL_ADDRESS_LIST} | cut -f${EMAIL_ADDRESS_PTR} -d" "`
    while [ ! -z "${EMAIL_ADDRESS}" ]
    do
      if [ "${EMAIL_ADDRESS}" = "NOMORE" ]
      then
         break
      fi
      if [ ${THISHOST} = ${TESTHOST} ]
      then
         mailx -s "TEST - ${MAIL_SUBJECT}" "${EMAIL_ADDRESS}" < "${EMAIL_BODY_FILE}"
      else
         mailx -s "${MAIL_SUBJECT}" "${EMAIL_ADDRESS}" < "${EMAIL_BODY_FILE}"
      fi          
      EMAIL_ADDRESS_PTR=`expr $EMAIL_ADDRESS_PTR + 1`
      EMAIL_ADDRESS=`echo ${EMAIL_ADDRESS_LIST} | cut -f${EMAIL_ADDRESS_PTR} -d" "`
    done

#----------------------------------------------------------------------------------------
# Set the email sent date AND reset the send email flag if it needs to be reset
(sqlplus -s << % 2>&1)
${MPTUSERID}
SET VERIFY OFF
SET FEEDBACK OFF
SET TAB OFF
SET LINESIZE 100
SET PAGES 0
SET TRIMSPOOL ON
whenever sqlerror exit sql.sqlcode
    exec pkg_oem_job_notify.p_oem_job_notify_upd_01(p_job           => '${JOBNAME}',    \
                                                    p_log_directory => '${OBJ_LOGDIR}', \
                                                    p_log_filename  => '${LOGFILE}');
QUIT;
%
#----------------------------------------------------------------------------------------

  fi
fi

#*****************************************************************************************
# END oem_job_notify.ksh
#*****************************************************************************************
+ echo 'RCS : oem_job_notify.ksh,v 1.2 2008/10/09 22:17:44 jw97143 Exp $'
RCS : oem_job_notify.ksh,v 1.2 2008/10/09 22:17:44 jw97143 Exp $
+ trap 'oem_abndalrt.ksh $?' err
cat ${RACE}/prm/zmptpass.prm
+ cat /mdev/race/oem/prm/zmptpass.prm
+ MPTUSERID=racejob/q1w2e3r4
+ basename /mdev/race/oem/log/mptr299_20260702101651.log
+ LOGFILE=mptr299_20260702101651.log
+ WORKFILE=mptr299_oem_job_notify.tmp
+ sqlplus -s
+ 0<< \%
racejob/q1w2e3r4
SET VERIFY OFF
SET FEEDBACK OFF
SET TAB OFF
SET LINESIZE 100
SET PAGES 0
SET TRIMSPOOL ON
whenever sqlerror exit sql.sqlcode
    exec pkg_oem_job_notify.p_oem_job_notify_sel_01(p_job  =>          'mptr299',                                                        p_tmp_directory => 'RACE_OEM_TMP_DIR',                                                     p_tmp_filename  => 'mptr299_oem_job_notify.tmp',                                                       p_log_directory => 'RACE_OEM_LOG_DIR',                                                     p_log_filename  => 'mptr299_20260702101651.log');
QUIT;
%
2>& 1
+ WORKFILE=/mdev/race/oem/tmp/mptr299_oem_job_notify.tmp
cat ${WORKFILE}       | cut -f2  -d"^"
+ cut -f2 -d^
+ cat /mdev/race/oem/tmp/mptr299_oem_job_notify.tmp
+ SEND_EMAIL_FLAG=''
cat ${WORKFILE}    | cut -f3  -d"^"
+ cut -f3 -d^
+ cat /mdev/race/oem/tmp/mptr299_oem_job_notify.tmp
+ EMAIL_ADDRESS_LIST=''
cat ${WORKFILE}            | cut -f4  -d"^"
+ cut -f4 -d^
+ cat /mdev/race/oem/tmp/mptr299_oem_job_notify.tmp
+ EMAIL_BODY=''
cat ${WORKFILE} | cut -f5  -d"^"
+ cut -f5 -d^
+ cat /mdev/race/oem/tmp/mptr299_oem_job_notify.tmp
+ RESET_SEND_EMAIL_FLAG=''
+ [ -z '' ]
+ echo 'Notification NOT Required'
Notification NOT Required
+ echo ' '
 
. oem_job_datafile.ksh

+ . oem_job_datafile.ksh
#!/bin/ksh
print "RCS $Id: oem_job_datafile.ksh,v 1.7 2008/10/09 22:16:34 jw97143 Exp $"
#*****************************************************************************************
# PROCNAME oem_job_datafile.ksh
# PURPOSE  Retreive and build UNIX Environment Variables from Oracle Tables
#*****************************************************************************************
trap 'oem_abndalrt.ksh $?' err
MPTUSERID=`cat ${RACE}/prm/zmptpass.prm`
LOGFILE=$(basename ${JOBLOGNAME})
#*****************************************************************************************
WORKFILE=${JOBNAME}_oem_job_datafile.tmp
#-----------------------------------------------------------------------------------------
(sqlplus -s << % 2>&1)
${MPTUSERID}
SET VERIFY OFF
SET FEEDBACK OFF
SET TAB OFF
SET LINESIZE 100
SET PAGES 0
SET TRIMSPOOL ON
whenever sqlerror exit sql.sqlcode
    exec pkg_oem_job_datafile.p_oem_job_datafile_sel_04(p_reformat_job  => '${REFORMATJOB}', \
                                                        p_tmp_directory => '${OBJ_TMPDIR}',  \
                                                        p_tmp_filename  => '${WORKFILE}',    \
                                                        p_log_directory => '${OBJ_LOGDIR}',  \
                                                        p_log_filename  => '${LOGFILE%.log}.db.log');
QUIT;
%

# rj132422 - This code was added to avoid race condition between db and shell due the nfs
DB_LOG=${LOGDIR}/${LOGFILE%.log}.db.log
if [ -s "$DB_LOG" ]; then
    cat "$DB_LOG" >> "${LOGDIR}/${LOGFILE}"
    rm  "$DB_LOG"
fi

#-----------------------------------------------------------------------------------------
export WORKFILE=${RACE}/tmp/${WORKFILE}
#*****************************************************************************************
# END oem_job_datafile.ksh
#*****************************************************************************************
+ print 'RCS : oem_job_datafile.ksh,v 1.7 2008/10/09 22:16:34 jw97143 Exp $'
RCS : oem_job_datafile.ksh,v 1.7 2008/10/09 22:16:34 jw97143 Exp $
+ trap 'oem_abndalrt.ksh $?' err
cat ${RACE}/prm/zmptpass.prm
+ cat /mdev/race/oem/prm/zmptpass.prm
+ MPTUSERID=racejob/q1w2e3r4
+ basename /mdev/race/oem/log/mptr299_20260702101651.log
+ LOGFILE=mptr299_20260702101651.log
+ WORKFILE=mptr299_oem_job_datafile.tmp
+ sqlplus -s
+ 0<< \%
racejob/q1w2e3r4
SET VERIFY OFF
SET FEEDBACK OFF
SET TAB OFF
SET LINESIZE 100
SET PAGES 0
SET TRIMSPOOL ON
whenever sqlerror exit sql.sqlcode
    exec pkg_oem_job_datafile.p_oem_job_datafile_sel_04(p_reformat_job  => 'mptr299',                                                         p_tmp_directory => 'RACE_OEM_TMP_DIR',                                                          p_tmp_filename  => 'mptr299_oem_job_datafile.tmp',                                                            p_log_directory => 'RACE_OEM_LOG_DIR',                                                          p_log_filename  => 'mptr299_20260702101651.db.log');
QUIT;
%
2>& 1
+ DB_LOG=/mdev/race/oem/log/mptr299_20260702101651.db.log
+ [ -s /mdev/race/oem/log/mptr299_20260702101651.db.log ]
+ cat /mdev/race/oem/log/mptr299_20260702101651.db.log
+ 1>> /mdev/race/oem/log/mptr299_20260702101651.log

1^mptr299_xftp_tesla.zipped^^^get_sftp_file.ksh^X^A^^^mptr299_araw_tesla.zip^TeslaData.zip^1^^mptr299_ftp_tes_us.prm^^^

+ rm /mdev/race/oem/log/mptr299_20260702101651.db.log
+ WORKFILE=/mdev/race/oem/tmp/mptr299_oem_job_datafile.tmp
+ export WORKFILE
OEM_JOB_DATAFILE_INFO=${RACE}/tmp/${JOBNAME}_oem_job_datafile.tmp
+ OEM_JOB_DATAFILE_INFO=/mdev/race/oem/tmp/mptr299_oem_job_datafile.tmp
#XTAB_FILE_NAME=`sed -n -e "1p"          < ${OEM_JOB_DATAFILE_INFO}| cut -f3  -d"^"`
#XTAB_TABLE_NAME=`sed -n -e "1p"         < ${OEM_JOB_DATAFILE_INFO}| cut -f4  -d"^"`
#FORMAT_INDICATOR=`sed -n -e "1p"        < ${OEM_JOB_DATAFILE_INFO}| cut -f7  -d"^"`
#SOURCE_FIELD_DELIMITER=`sed -n -e "1p"  < ${OEM_JOB_DATAFILE_INFO}| cut -f8  -d"^"`
#TARGET_FIELD_SIZE=`sed -n -e "1p"       < ${OEM_JOB_DATAFILE_INFO}| cut -f9  -d"^"`         
INPUT_FILE_NAME=`sed -n -e "1p"         < ${OEM_JOB_DATAFILE_INFO}| cut -f2  -d"^"`
sed -n -e "1p"         < ${OEM_JOB_DATAFILE_INFO}| cut -f2  -d"^"
+ sed -n -e 1p
+ cut -f2 -d^
+ 0< /mdev/race/oem/tmp/mptr299_oem_job_datafile.tmp
+ INPUT_FILE_NAME=mptr299_xftp_tesla.zipped
FTP_PROGRAM_NAME=`sed -n -e "1p"        < ${OEM_JOB_DATAFILE_INFO}| cut -f5  -d"^"`
sed -n -e "1p"        < ${OEM_JOB_DATAFILE_INFO}| cut -f5  -d"^"
+ sed -n -e 1p
+ cut -f5 -d^
+ 0< /mdev/race/oem/tmp/mptr299_oem_job_datafile.tmp
+ FTP_PROGRAM_NAME=get_sftp_file.ksh
FTP_LOCATION_CODE=`sed -n -e "1p"       < ${OEM_JOB_DATAFILE_INFO}| cut -f6  -d"^"`
sed -n -e "1p"       < ${OEM_JOB_DATAFILE_INFO}| cut -f6  -d"^"
+ sed -n -e 1p
+ cut -f6 -d^
+ 0< /mdev/race/oem/tmp/mptr299_oem_job_datafile.tmp
+ FTP_LOCATION_CODE=X
BACKUP_SOURCE_FILE_NAME=`sed -n -e "1p" < ${OEM_JOB_DATAFILE_INFO}| cut -f10 -d"^"`
sed -n -e "1p" < ${OEM_JOB_DATAFILE_INFO}| cut -f10 -d"^"
+ sed -n -e 1p
+ cut -f10 -d^
+ 0< /mdev/race/oem/tmp/mptr299_oem_job_datafile.tmp
+ BACKUP_SOURCE_FILE_NAME=mptr299_araw_tesla.zip
SOURCE_FILE=${RACE}/dat/${BACKUP_SOURCE_FILE_NAME}
+ SOURCE_FILE=/mdev/race/oem/dat/mptr299_araw_tesla.zip
FTP_SOURCE_FILE_NAME=`sed -n -e "1p"    < ${OEM_JOB_DATAFILE_INFO}| cut -f11 -d"^"`
sed -n -e "1p"    < ${OEM_JOB_DATAFILE_INFO}| cut -f11 -d"^"
+ sed -n -e 1p
+ cut -f11 -d^
+ 0< /mdev/race/oem/tmp/mptr299_oem_job_datafile.tmp
+ FTP_SOURCE_FILE_NAME=TeslaData.zip
# Some file names contain executable commands -- flush them out
eval FTP_SOURCE_FILE_NAME=${FTP_SOURCE_FILE_NAME} 
+ eval FTP_SOURCE_FILE_NAME=TeslaData.zip
FTP_SOURCE_FILE_NAME=TeslaData.zip+ FTP_SOURCE_FILE_NAME=TeslaData.zip
FTP_PARM_FILE_NAME=`sed -n -e "1p"      < ${OEM_JOB_DATAFILE_INFO}| cut -f14  -d"^"`         
sed -n -e "1p"      < ${OEM_JOB_DATAFILE_INFO}| cut -f14  -d"^"
+ sed -n -e 1p
+ cut -f14 -d^
+ 0< /mdev/race/oem/tmp/mptr299_oem_job_datafile.tmp
+ FTP_PARM_FILE_NAME=mptr299_ftp_tes_us.prm
#*****************************************************************************************

#STEP Step010R
  export STEPNAME=Step010R
+ STEPNAME=Step010R
+ export STEPNAME
  echo "\n\nSTART ---> ${PROCNAME} ${STEPNAME}" $(date +'%m/%d/%y %H:%M:%S')  " <--- START\n\n"
+ date '+%m/%d/%y %H:%M:%S'
+ echo '\n\nSTART ---> mptr299_oem_ref_mptr299_ftp_tesla_source_file Step010R' 07/02/26 10:16:52 ' <--- START\n\n'
\n\nSTART ---> mptr299_oem_ref_mptr299_ftp_tesla_source_file Step010R 07/02/26 10:16:52  <--- START\n\n
  oem_job_status_update.ksh "R" "${STEPNAME} oem_ref_mptr299_ftp_tesla_source_file"
+ oem_job_status_update.ksh R 'Step010R oem_ref_mptr299_ftp_tesla_source_file'
  #**************************************************************************************
  #  Transfer the file(s) defined in the oem_job_datafile table
  #**************************************************************************************
  . oem_job_datafile_prep.ksh                 


+ . oem_job_datafile_prep.ksh
#!/bin/ksh
#$Id: oem_job_datafile_prep.ksh,v 1.12 2014/11/26 19:09:27 pg2697 Exp $
#**************************************************************************************************
#     oem_job_datafile_prep.ksh
#**************************************************************************************************
## from Wikipedia: When a child process is created, it inherits all the environment variables
##                 and their values from the parent process. e.g. from oem_ref.ksh set -vx

echo "\n*** Begin oem_job_datafile_prep.ksh ${INPUT_FILE_NAME} ***\n"
trap 'oem_abndalrt.ksh $?' err

###################################################################################################
# Determine where the Input File is located and transfer it to Unix
#   Option 1 Input File is on external FTP site and a special program has been written
#   Option 2 Input File found in the RACE data directory
#   Option 3 Input File is on the Mitchell FTP Site
#   Option 4 None of the above?  Then Input File HAS TO BE on the Novell directory.
###################################################################################################

STEP010_FILEOUT=${RACE}/dat/${BACKUP_SOURCE_FILE_NAME}

if [ ! -z "${FTP_PROGRAM_NAME}" ]
then
		  #################################################################################################
		  #
		  #         Option 1 Input File is on external FTP site and a special program has been written

  echo "\n*** Option 1 Input File is on external FTP site and a special program has been written\n"

  FTP_PULL_TARGET=${RACE}/tmp/${INPUT_FILE_NAME}
  rm -f ${FTP_PULL_TARGET}

		  #  Run the customized program parameters to logon to OEM's FTP site and retrieve file
		  #  This information is maintained in oem_job_datafile.ftp_program_name
		  #                             and in oem_job_datafile.ftp_parm_file_name

                     #set up MAIL_TEXT to capture any error msgs in the subscript that gets the file from the External Site
    export MAIL_TEXT=${RACE}/tmp/${JOBNAME}_email_text.tmp
    rm -f ${MAIL_TEXT}

                     ## Log sftp processing
   export SFTP_LOG=${RACE}/tmp/${JOBNAME}_sftp_${FILE_SEQUENCE}_log_$(date +'%Y%m%d%H%M%S').tmp
   ${FTP_PROGRAM_NAME} ${RACE}/prm/${FTP_PARM_FILE_NAME} ${FTP_SOURCE_FILE_NAME} ${FTP_PULL_TARGET}

		     # Verify that the file copied exists and that it contains data
  if [ ! -s ${FTP_PULL_TARGET} ]
  then

	 	     #**********************************************************************************************
		     # Send email notification
		     #**********************************************************************************************
    MAIL_RECIP="$(awk '{print $1}' ${RACE}/prm/oem_job_datafile_prep_xftp_email_address.prm)"
    MAIL_SUBJECT="Error in job ${JOBNAME} ${JOBOEMNAME} ${JOBOEM} ${JOBCTRY}: An external FTP file was NOT retrieved"
    echo "\nThis file ${FTP_PULL_TARGET} was NOT retrieved from the External FTP Site:\n"                >> ${MAIL_TEXT}
    echo "      ${FTP_SOURCE_FILE_NAME}\n"                                            >> ${MAIL_TEXT}
    echo "What to do?\n"                                                              >> ${MAIL_TEXT}
    echo "   1. Has the data provider placed their input file on the FTP site?"       >> ${MAIL_TEXT}
    echo "      Yes - Determine if the filename is correct (case matters in Unix)"    >> ${MAIL_TEXT}
    echo "       No - Request that the data provider update their FTP site.\n"        >> ${MAIL_TEXT}
    echo "   2. Did the filename change?"                                             >> ${MAIL_TEXT}
    echo "      Yes - Request update to Oracle table: oem_job.ftp_program_name"       >> ${MAIL_TEXT}
    echo "       No - Forward this email to Rpt.OEM.Developers for programming support!\n" >> ${MAIL_TEXT}
    echo "When ready, it is OK to restart this job: ${JOBNAME} ${STEPNAME}"           >> ${MAIL_TEXT}

    if [ ${THISHOST} = ${TESTHOST} ]
    then
      mailx -s "TEST - $MAIL_SUBJECT" "Gail.Walder@Mitchell.com" < ${MAIL_TEXT}
    else
      mailx -s "$MAIL_SUBJECT" ${MAIL_RECIP} < ${MAIL_TEXT}
    fi
    $(oem_abndalrt.ksh FTP.file.error)
  else
      if [ -s ${SFTP_LOG} ]
      then
         cat ${SFTP_LOG}
      fi
      echo "\nSource File Successfully Pulled to ${FTP_PULL_TARGET}\n"
  fi

		    # Determine if the FTP'd file is zipped (or ZIPped)
  export FILE_SUFFIX=`echo ${INPUT_FILE_NAME} | cut -f2  -d"."`
  if [[ "${FILE_SUFFIX}" = "zip" || "${FILE_SUFFIX}" = "ZIP" ]]
  then
     gunzip -c ${FTP_PULL_TARGET} > ${STEP010_FILEOUT}
  else
    cp ${FTP_PULL_TARGET} ${STEP010_FILEOUT}
  fi

  RECCNT1=$(wc -c ${STEP010_FILEOUT} | awk ' {print $1}' )
  if [ "${RECCNT1}" = "0" ]
  then
    echo "\n*****************************************************************"
    echo "Copied or gunzip'd file ${STEP010_FILEOUT} is bad. Record Count = 0"
    echo "********************************************************************\n"
    $(oem_abndalrt.ksh 911)
  else
    echo "\nCopied or gunzip'd file ${STEP010_FILEOUT} is good\n"
  fi

  rm -f ${FTP_PULL_TARGET}

                    # End Option 1
		    #################################################################################################
else
   if [[ $(echo ${INPUT_FILE_NAME} | awk -F "." '{ print $NF }') = "dat(0)" ]]
   then
     export INPUT_FILE_NAME_EXPANDED=$(setgdg.ksh "${RACE}/dat/${INPUT_FILE_NAME}")
   else
     export INPUT_FILE_NAME_EXPANDED=${RACE}/dat/${INPUT_FILE_NAME}
   fi


  if [ -s ${INPUT_FILE_NAME_EXPANDED} ]
  then
		      ###############################################################################################
 		      #
		      #           Option 2 Input File found in the RACE data directory

    echo "\n*** Option 2 Input File ${INPUT_FILE_NAME_EXPANDED} found in the RACE data directory.\n"

    cp ${INPUT_FILE_NAME_EXPANDED} ${STEP010_FILEOUT}

                      # End Option 2
		      ###############################################################################################
  else
    if [ "${FTP_LOCATION_CODE}" = "M" ]
    then
		      #############################################################################################
		      #
		      #           Option 3 Input File is on the Mitchell FTP Site

      echo "\n*** Option 3 Input File ${INPUT_FILE_NAME_EXPANDED} is on the Mitchell FTP Site.\n"

      . oem_job_process_mitchell_ftp_file.ksh "GETIT"

                      # End Option 3
		      #############################################################################################
    else
		      #############################################################################################
		      #
		      #           Option 4 None of the above?  Then Input File HAS TO BE on the Novell directory.

      echo "\n*** Option 4 None of the above?  Then Input File ${INPUT_FILE_NAME_EXPANDED} HAS TO BE on the Novell directory."

      . oem_job_process_mitchell_ftp_file.ksh "GETMIT" # Change rj132422 20251023

                      # End OPtion 4
		      #############################################################################################
    fi
  fi
fi

#**************************************************************************************************
# END oem_job_datafile_prep.ksh
#**************************************************************************************************
+ echo '\n*** Begin oem_job_datafile_prep.ksh mptr299_xftp_tesla.zipped ***\n'
\n*** Begin oem_job_datafile_prep.ksh mptr299_xftp_tesla.zipped ***\n
+ trap 'oem_abndalrt.ksh $?' err
+ STEP010_FILEOUT=/mdev/race/oem/dat/mptr299_araw_tesla.zip
+ [ ! -z get_sftp_file.ksh ]
+ echo '\n*** Option 1 Input File is on external FTP site and a special program has been written\n'
\n*** Option 1 Input File is on external FTP site and a special program has been written\n
+ FTP_PULL_TARGET=/mdev/race/oem/tmp/mptr299_xftp_tesla.zipped
+ rm -f /mdev/race/oem/tmp/mptr299_xftp_tesla.zipped
+ MAIL_TEXT=/mdev/race/oem/tmp/mptr299_email_text.tmp
+ export MAIL_TEXT
+ rm -f /mdev/race/oem/tmp/mptr299_email_text.tmp
+ date +%Y%m%d%H%M%S
+ SFTP_LOG=/mdev/race/oem/tmp/mptr299_sftp__log_20260702101653.tmp
+ export SFTP_LOG
+ get_sftp_file.ksh /mdev/race/oem/prm/mptr299_ftp_tes_us.prm TeslaData.zip /mdev/race/oem/tmp/mptr299_xftp_tesla.zipped
\nEXECUTING get_sftp_file.ksh
ProcessId = 1062741
\nFTP_PARM_FILE:    /mdev/race/oem/prm/mptr299_ftp_tes_us.prm
SEARCH_STRING:    TeslaData.zip
FTP_PULL_TARGET:  /mdev/race/oem/tmp/mptr299_xftp_tesla.zipped\n
OEM_FTP_SITE:      -oIdentityFile=/mdev/race/oem/prm/.ssh/mitchell_oem_sftp_rsa sshacs@tesladata.upload.akamai.com
HOST_DIR:         908122/EPCESTIMATE\n
Start FTP Site Filelist Creation   Thu Jul  2 10:16:53 AM PDT 2026
sftp  -oIdentityFile=/mdev/race/oem/prm/.ssh/mitchell_oem_sftp_rsa sshacs@tesladata.upload.akamai.com >> /mdev/race/oem/tmp/mptr299_sftp__log_20260702101653.tmp <<EOF\n
