    Start  mptr299   Thu Jul 2 10:37:58 AM PDT 2026
\n\n**********************************************************************************
Restart Step was NOT included in the job execution. Job will run from the beginning.
**********************************************************************************\n\n
\n\n**************************************************************************************************************
Calling:  oem_ref_mptr299_ftp_tesla_source_file.ksh    Datetime: 07/02/26 10:37:58   Script: /tmp/mptr299_oem_ref_mptr299_ftp_tesla_source_file.ksh_run
**************************************************************************************************************\n\n
RCS : oem_ref_mptr299_ftp_tesla_source_file.ksh,v 1.6 2024/01/17 23:25:13 pg2697 Exp $
#*****************************************************************************************
# PROCNAME oem_ref_mptr299_ftp_tesla_source_file.ksh                                            
# PURPOSE  Locate and Transfer the latest Tesla File from their External SFTP Site
#          Unzip the file and build the required files (Price, Supersession, PartsCatalog)
#          as the Source Input Files for mptr300.
#          Additionally, copy the zip file to the Network (for use by Editorial) and send 
#          an email notification.
#*****************************************************************************************
trap 'oem_abndalrt.ksh $?' err
+ trap 'oem_abndalrt.ksh $?' err
export PROCNAME=$(basename $0 .ksh_run)
+ basename /tmp/mptr299_oem_ref_mptr299_ftp_tesla_source_file.ksh_run .ksh_run
+ PROCNAME=mptr299_oem_ref_mptr299_ftp_tesla_source_file
+ export PROCNAME
export MPTUSERID=`cat ${RACE}/prm/zmptpass.prm`
cat ${RACE}/prm/zmptpass.prm
+ cat /mdev/race/oem/prm/zmptpass.prm
+ MPTUSERID=racejob/q1w2e3r4
+ export MPTUSERID
export LOGFILE=$(basename ${JOBLOGNAME})

+ basename /mdev/race/oem/log/mptr299_20260702103758.log
+ LOGFILE=mptr299_20260702103758.log
+ export LOGFILE
#*****************************************************************************************
#  Build environment variables for the job (based on jobname)
#*****************************************************************************************
. oem_job.ksh         
+ . oem_job.ksh
#!/bin/ksh
echo "RCS $Id: oem_job.ksh,v 1.6 2008/10/09 22:16:09 jw97143 Exp $"
#*****************************************************************************************
# PROCNAME oem_job.ksh
# PURPOSE  Retreive and build UNIX Environment Variables from Oracle Tables
#          Used by RACE OEM Parts Reformat and Update jobs
#*****************************************************************************************
trap 'oem_abndalrt.ksh $?' err
MPTUSERID=`cat ${RACE}/prm/zmptpass.prm`
LOGFILE=$(basename ${JOBLOGNAME})
#*****************************************************************************************
#  Build UNIX environment variables for the job (based on jobname)
#*****************************************************************************************
REFORMATJOB=${JOBNAME}
UPDATEJOB=${JOBNAME}
WORKFILE=${JOBNAME}_oem_job.tmp
#-----------------------------------------------------------------------------------------
(sqlplus -s << % 2>&1)
${MPTUSERID}
SET VERIFY OFF
SET FEEDBACK OFF
SET TAB OFF
SET LINESIZE 100
SET PAGES 0
SET TRIMSPOOL ON
whenever sqlerror exit sql.sqlcode
    exec pkg_oem_job.p_oem_job_sel_03(p_jobname       => '${JOBNAME}',    \
                                      p_tmp_directory => '${OBJ_TMPDIR}', \
                                      p_tmp_filename  => '${WORKFILE}',   \
                                      p_log_directory => '${OBJ_LOGDIR}', \
                                      p_log_filename  => '${LOGFILE%.log}.db.log');
QUIT;
%

# rj132422 - This code was added to avoid race condition between db and shell due the nfs
DB_LOG=${LOGDIR}/${LOGFILE%.log}.db.log
if [ -s "$DB_LOG" ]; then
    cat "$DB_LOG" >> "${LOGDIR}/${LOGFILE}"
    rm  "$DB_LOG"
fi

#-----------------------------------------------------------------------------------------
export WORKFILE=${RACE}/tmp/${WORKFILE}

#If the ReformatJob Environment variable isn't defined, abend the process
export REFORMATJOB=`cat ${WORKFILE}                   | cut -f1  -d","`
if [ -z "${REFORMATJOB}" ]
then
   abndalrt.ksh environment_not_found_in_oem_job_table.tmp
fi
export UPDATEJOB=`cat ${WORKFILE}                     | cut -f2  -d","`
export JOBOEM=`cat ${WORKFILE}                        | cut -f3  -d","`
export JOBCTRY=`cat ${WORKFILE}                       | cut -f4  -d","`
export JOBOEMNAME=`cat ${WORKFILE}                    | cut -f5  -d","`
export OEMABBRLOWER=`cat ${WORKFILE}                  | cut -f6  -d","`
export JOBPARM=`cat ${WORKFILE}                       | cut -f7  -d","`
export FORMATOEM=`cat ${WORKFILE}                     | cut -f8  -d","`
export FORMATCTRY=`cat ${WORKFILE}                    | cut -f9  -d","`
export JOBFILE_OEMCTRY=`cat ${WORKFILE}               | cut -f10 -d","`
export REPORTSUFFIX=`cat ${WORKFILE}                  | cut -f11 -d","`
export REVERSE_SUPER_JOBPARM=`cat ${WORKFILE}         | cut -f12 -d","`
export PACKAGE_NAME_1=`cat ${WORKFILE}                | cut -f13 -d","`
export PACKAGE_NAME_2=`cat ${WORKFILE}                | cut -f14 -d","`
export DUPLICATE_PARTS_EXPECTED_FLAG=`cat ${WORKFILE} | cut -f15 -d","`
export REFORMAT_BUILDS_RTRANS_FLAG=`cat ${WORKFILE}   | cut -f16 -d","`
export OBSOLETE_JOB_FLAG=`cat ${WORKFILE}             | cut -f17 -d","`
export PREPROCESS_SCRIPT_NAME=`cat ${WORKFILE}        | cut -f18 -d","`


##########################################################################################
# The various Oracle Package call by the OEM system use Global Temporary Tables.
# For some reason (only in the test system at this point in time), the indexes on these
# Global Tempoary Tables are missing.
# The missing indexes result in slooooow processing and often aren't discovered missing
# right away.  To curtail this problem, run a quick check to see if the indexes exist.
# When an index for a Global Temporary Table is not found, it will be created.
##########################################################################################
#-----------------------------------------------------------------------------------------
(sqlplus -s << % 2>&1)
${MPTUSERID}
SET VERIFY OFF
SET FEEDBACK OFF
SET TAB OFF
SET LINESIZE 100
SET PAGES 0
SET TRIMSPOOL ON
SET SERVEROUTPUT ON SIZE 1000000
whenever sqlerror exit sql.sqlcode
    exec pkg_oem_ref_utilities.p_check_gtmp_indexes(p_jobname       => '${JOBNAME}',       \
                                                    p_log_directory => '${OBJ_LOGDIR}',    \
                                                    p_log_filename  => '${LOGFILE%.log}.db.log',       \
                                                    p_debug_level   => '${RACE_DEBUG_LEVEL}');
QUIT;
%

# rj132422 - This code was added to avoid race condition between db and shell due the nfs
DB_LOG=${LOGDIR}/${LOGFILE%.log}.db.log
if [ -s "$DB_LOG" ]; then
    cat "$DB_LOG" >> "${LOGDIR}/${LOGFILE}"
    rm  "$DB_LOG"
fi
#-----------------------------------------------------------------------------------------

#*****************************************************************************************
# END oem_job.ksh
#*****************************************************************************************
+ echo 'RCS : oem_job.ksh,v 1.6 2008/10/09 22:16:09 jw97143 Exp $'
RCS : oem_job.ksh,v 1.6 2008/10/09 22:16:09 jw97143 Exp $
+ trap 'oem_abndalrt.ksh $?' err
cat ${RACE}/prm/zmptpass.prm
+ cat /mdev/race/oem/prm/zmptpass.prm
+ MPTUSERID=racejob/q1w2e3r4
+ basename /mdev/race/oem/log/mptr299_20260702103758.log
+ LOGFILE=mptr299_20260702103758.log
+ REFORMATJOB=mptr299
+ UPDATEJOB=mptr299
+ WORKFILE=mptr299_oem_job.tmp
+ sqlplus -s
+ 0<< \%
racejob/q1w2e3r4
SET VERIFY OFF
SET FEEDBACK OFF
SET TAB OFF
SET LINESIZE 100
SET PAGES 0
SET TRIMSPOOL ON
whenever sqlerror exit sql.sqlcode
    exec pkg_oem_job.p_oem_job_sel_03(p_jobname       => 'mptr299',                                          p_tmp_directory => 'RACE_OEM_TMP_DIR',                                       p_tmp_filename  => 'mptr299_oem_job.tmp',                                         p_log_directory => 'RACE_OEM_LOG_DIR',                                       p_log_filename  => 'mptr299_20260702103758.db.log');
QUIT;
%
2>& 1
+ DB_LOG=/mdev/race/oem/log/mptr299_20260702103758.db.log
+ [ -s /mdev/race/oem/log/mptr299_20260702103758.db.log ]
+ cat /mdev/race/oem/log/mptr299_20260702103758.db.log
+ 1>> /mdev/race/oem/log/mptr299_20260702103758.log

mptr299,mptr299,090,US,TES,tes,,090,US,tes_us,tesus,,FTP Files for mptr300 setup,,Y,N,N,,,N,

+ rm /mdev/race/oem/log/mptr299_20260702103758.db.log
+ WORKFILE=/mdev/race/oem/tmp/mptr299_oem_job.tmp
+ export WORKFILE
cat ${WORKFILE}                   | cut -f1  -d","
+ cut -f1 -d,
+ cat /mdev/race/oem/tmp/mptr299_oem_job.tmp
+ REFORMATJOB=mptr299
+ export REFORMATJOB
+ [ -z mptr299 ]
cat ${WORKFILE}                     | cut -f2  -d","
+ cut -f2 -d,
+ cat /mdev/race/oem/tmp/mptr299_oem_job.tmp
+ UPDATEJOB=mptr299
+ export UPDATEJOB
cat ${WORKFILE}                        | cut -f3  -d","
+ cut -f3 -d,
+ cat /mdev/race/oem/tmp/mptr299_oem_job.tmp
+ JOBOEM=090
+ export JOBOEM
cat ${WORKFILE}                       | cut -f4  -d","
+ cut -f4 -d,
+ cat /mdev/race/oem/tmp/mptr299_oem_job.tmp
+ JOBCTRY=US
+ export JOBCTRY
cat ${WORKFILE}                    | cut -f5  -d","
+ cut -f5 -d,
+ cat /mdev/race/oem/tmp/mptr299_oem_job.tmp
+ JOBOEMNAME=TES
+ export JOBOEMNAME
cat ${WORKFILE}                  | cut -f6  -d","
+ cut -f6 -d,
+ cat /mdev/race/oem/tmp/mptr299_oem_job.tmp
+ OEMABBRLOWER=tes
+ export OEMABBRLOWER
cat ${WORKFILE}                       | cut -f7  -d","
+ cut -f7 -d,
+ cat /mdev/race/oem/tmp/mptr299_oem_job.tmp
+ JOBPARM=''
+ export JOBPARM
cat ${WORKFILE}                     | cut -f8  -d","
+ cat /mdev/race/oem/tmp/mptr299_oem_job.tmp
+ cut -f8 -d,
+ FORMATOEM=090
+ export FORMATOEM
cat ${WORKFILE}                    | cut -f9  -d","
+ cut -f9 -d,
+ cat /mdev/race/oem/tmp/mptr299_oem_job.tmp
+ FORMATCTRY=US
+ export FORMATCTRY
cat ${WORKFILE}               | cut -f10 -d","
+ cut -f10 -d,
+ cat /mdev/race/oem/tmp/mptr299_oem_job.tmp
+ JOBFILE_OEMCTRY=tes_us
+ export JOBFILE_OEMCTRY
cat ${WORKFILE}                  | cut -f11 -d","
+ cut -f11 -d,
+ cat /mdev/race/oem/tmp/mptr299_oem_job.tmp
+ REPORTSUFFIX=tesus
+ export REPORTSUFFIX
cat ${WORKFILE}         | cut -f12 -d","
+ cut -f12 -d,
+ cat /mdev/race/oem/tmp/mptr299_oem_job.tmp
+ REVERSE_SUPER_JOBPARM=''
+ export REVERSE_SUPER_JOBPARM
cat ${WORKFILE}                | cut -f13 -d","
+ cat /mdev/race/oem/tmp/mptr299_oem_job.tmp
+ cut -f13 -d,
+ PACKAGE_NAME_1='FTP Files for mptr300 setup'
+ export PACKAGE_NAME_1
cat ${WORKFILE}                | cut -f14 -d","
+ cut -f14 -d,
+ cat /mdev/race/oem/tmp/mptr299_oem_job.tmp
+ PACKAGE_NAME_2=''
+ export PACKAGE_NAME_2
cat ${WORKFILE} | cut -f15 -d","
+ cut -f15 -d,
+ cat /mdev/race/oem/tmp/mptr299_oem_job.tmp
+ DUPLICATE_PARTS_EXPECTED_FLAG=Y
+ export DUPLICATE_PARTS_EXPECTED_FLAG
cat ${WORKFILE}   | cut -f16 -d","
+ cut -f16 -d,
+ cat /mdev/race/oem/tmp/mptr299_oem_job.tmp
+ REFORMAT_BUILDS_RTRANS_FLAG=N
+ export REFORMAT_BUILDS_RTRANS_FLAG
cat ${WORKFILE}             | cut -f17 -d","
+ cut -f17 -d,
+ cat /mdev/race/oem/tmp/mptr299_oem_job.tmp
+ OBSOLETE_JOB_FLAG=N
+ export OBSOLETE_JOB_FLAG
cat ${WORKFILE}        | cut -f18 -d","
+ cut -f18 -d,
+ cat /mdev/race/oem/tmp/mptr299_oem_job.tmp
+ PREPROCESS_SCRIPT_NAME=''
+ export PREPROCESS_SCRIPT_NAME
+ sqlplus -s
+ 0<< \%
racejob/q1w2e3r4
SET VERIFY OFF
SET FEEDBACK OFF
SET TAB OFF
SET LINESIZE 100
SET PAGES 0
SET TRIMSPOOL ON
SET SERVEROUTPUT ON SIZE 1000000
whenever sqlerror exit sql.sqlcode
    exec pkg_oem_ref_utilities.p_check_gtmp_indexes(p_jobname       => 'mptr299',                                                           p_log_directory => 'RACE_OEM_LOG_DIR',                                                        p_log_filename  => 'mptr299_20260702103758.db.log',                                                           p_debug_level   => '0');
QUIT;
%
2>& 1
+ DB_LOG=/mdev/race/oem/log/mptr299_20260702103758.db.log
+ [ -s /mdev/race/oem/log/mptr299_20260702103758.db.log ]
+ cat /mdev/race/oem/log/mptr299_20260702103758.db.log
+ 1>> /mdev/race/oem/log/mptr299_20260702103758.log

Start mptr299 pkg_oem_ref_utilities.p_check_gtmp_indexes


 End  mptr299 pkg_oem_ref_utilities.p_check_gtmp_indexes
+ rm /mdev/race/oem/log/mptr299_20260702103758.db.log
. oem_job_notify.ksh
+ . oem_job_notify.ksh
#!/bin/ksh
echo "RCS $Id: oem_job_notify.ksh,v 1.2 2008/10/09 22:17:44 jw97143 Exp $"
#*****************************************************************************************
# PROCNAME oem_job_notify.ksh
# PURPOSE  Check oem_job_notify table to see an email should be sent
#          and update/reset values when an email is sent
#*****************************************************************************************
trap 'oem_abndalrt.ksh $?' err
MPTUSERID=`cat ${RACE}/prm/zmptpass.prm`
LOGFILE=$(basename ${JOBLOGNAME})
#*****************************************************************************************

WORKFILE=${JOBNAME}_oem_job_notify.tmp
#-----------------------------------------------------------------------------------------
(sqlplus -s << % 2>&1)
${MPTUSERID}
SET VERIFY OFF
SET FEEDBACK OFF
SET TAB OFF
SET LINESIZE 100
SET PAGES 0
SET TRIMSPOOL ON
whenever sqlerror exit sql.sqlcode
    exec pkg_oem_job_notify.p_oem_job_notify_sel_01(p_job  =>          '${JOBNAME}',    \
                                                    p_tmp_directory => '${OBJ_TMPDIR}', \
                                                    p_tmp_filename  => '${WORKFILE}',   \
                                                    p_log_directory => '${OBJ_LOGDIR}', \
                                                    p_log_filename  => '${LOGFILE}');
QUIT;
%
#-----------------------------------------------------------------------------------------
WORKFILE=${RACE}/tmp/${WORKFILE}

SEND_EMAIL_FLAG=`cat ${WORKFILE}       | cut -f2  -d"^"`
EMAIL_ADDRESS_LIST=`cat ${WORKFILE}    | cut -f3  -d"^"`
EMAIL_BODY=`cat ${WORKFILE}            | cut -f4  -d"^"`
RESET_SEND_EMAIL_FLAG=`cat ${WORKFILE} | cut -f5  -d"^"`

# Is notification required?
if [ -z "${SEND_EMAIL_FLAG}" ]
then
  echo "Notification NOT Required"
  echo " "
else
  if [ "${SEND_EMAIL_FLAG}" = "Y" ]
  then
    #************************************************************************************
    # Send email notification
    #************************************************************************************
    MAIL_SUBJECT="Notification that Job: ${JOBNAME} is Running" 
    EMAIL_BODY_FILE=${RACE}/tmp/${JOBNAME}_email_body.tmp    
    echo ${JOBNAME} ": " ${EMAIL_BODY} > ${EMAIL_BODY_FILE}
      
    # Build the list of email addresses 
    EMAIL_ADDRESS_LIST="${EMAIL_ADDRESS_LIST} NOMORE"
    EMAIL_ADDRESS_PTR=1
    # Extract the email address based on EMAIL_ADDRESS_PTR value - delimited by a space. 
    # -f flag points to the field number
    # -d flag is the delimiter
    EMAIL_ADDRESS=`echo ${EMAIL_ADDRESS_LIST} | cut -f${EMAIL_ADDRESS_PTR} -d" "`
    while [ ! -z "${EMAIL_ADDRESS}" ]
    do
      if [ "${EMAIL_ADDRESS}" = "NOMORE" ]
      then
         break
      fi
      if [ ${THISHOST} = ${TESTHOST} ]
      then
         mailx -s "TEST - ${MAIL_SUBJECT}" "${EMAIL_ADDRESS}" < "${EMAIL_BODY_FILE}"
      else
         mailx -s "${MAIL_SUBJECT}" "${EMAIL_ADDRESS}" < "${EMAIL_BODY_FILE}"
      fi          
      EMAIL_ADDRESS_PTR=`expr $EMAIL_ADDRESS_PTR + 1`
      EMAIL_ADDRESS=`echo ${EMAIL_ADDRESS_LIST} | cut -f${EMAIL_ADDRESS_PTR} -d" "`
    done

#----------------------------------------------------------------------------------------
# Set the email sent date AND reset the send email flag if it needs to be reset
(sqlplus -s << % 2>&1)
${MPTUSERID}
SET VERIFY OFF
SET FEEDBACK OFF
SET TAB OFF
SET LINESIZE 100
SET PAGES 0
SET TRIMSPOOL ON
whenever sqlerror exit sql.sqlcode
    exec pkg_oem_job_notify.p_oem_job_notify_upd_01(p_job           => '${JOBNAME}',    \
                                                    p_log_directory => '${OBJ_LOGDIR}', \
                                                    p_log_filename  => '${LOGFILE}');
QUIT;
%
#----------------------------------------------------------------------------------------

  fi
fi

#*****************************************************************************************
# END oem_job_notify.ksh
#*****************************************************************************************
+ echo 'RCS : oem_job_notify.ksh,v 1.2 2008/10/09 22:17:44 jw97143 Exp $'
RCS : oem_job_notify.ksh,v 1.2 2008/10/09 22:17:44 jw97143 Exp $
+ trap 'oem_abndalrt.ksh $?' err
cat ${RACE}/prm/zmptpass.prm
+ cat /mdev/race/oem/prm/zmptpass.prm
+ MPTUSERID=racejob/q1w2e3r4
+ basename /mdev/race/oem/log/mptr299_20260702103758.log
+ LOGFILE=mptr299_20260702103758.log
+ WORKFILE=mptr299_oem_job_notify.tmp
+ sqlplus -s
+ 0<< \%
racejob/q1w2e3r4
SET VERIFY OFF
SET FEEDBACK OFF
SET TAB OFF
SET LINESIZE 100
SET PAGES 0
SET TRIMSPOOL ON
whenever sqlerror exit sql.sqlcode
    exec pkg_oem_job_notify.p_oem_job_notify_sel_01(p_job  =>          'mptr299',                                                        p_tmp_directory => 'RACE_OEM_TMP_DIR',                                                     p_tmp_filename  => 'mptr299_oem_job_notify.tmp',                                                       p_log_directory => 'RACE_OEM_LOG_DIR',                                                     p_log_filename  => 'mptr299_20260702103758.log');
QUIT;
%
2>& 1
+ WORKFILE=/mdev/race/oem/tmp/mptr299_oem_job_notify.tmp
cat ${WORKFILE}       | cut -f2  -d"^"
+ cut -f2 -d^
+ cat /mdev/race/oem/tmp/mptr299_oem_job_notify.tmp
+ SEND_EMAIL_FLAG=''
cat ${WORKFILE}    | cut -f3  -d"^"
+ cut -f3 -d^
+ cat /mdev/race/oem/tmp/mptr299_oem_job_notify.tmp
+ EMAIL_ADDRESS_LIST=''
cat ${WORKFILE}            | cut -f4  -d"^"
+ cut -f4 -d^
+ cat /mdev/race/oem/tmp/mptr299_oem_job_notify.tmp
+ EMAIL_BODY=''
cat ${WORKFILE} | cut -f5  -d"^"
+ cut -f5 -d^
+ cat /mdev/race/oem/tmp/mptr299_oem_job_notify.tmp
+ RESET_SEND_EMAIL_FLAG=''
+ [ -z '' ]
+ echo 'Notification NOT Required'
Notification NOT Required
+ echo ' '
 
. oem_job_datafile.ksh

+ . oem_job_datafile.ksh
#!/bin/ksh
print "RCS $Id: oem_job_datafile.ksh,v 1.7 2008/10/09 22:16:34 jw97143 Exp $"
#*****************************************************************************************
# PROCNAME oem_job_datafile.ksh
# PURPOSE  Retreive and build UNIX Environment Variables from Oracle Tables
#*****************************************************************************************
trap 'oem_abndalrt.ksh $?' err
MPTUSERID=`cat ${RACE}/prm/zmptpass.prm`
LOGFILE=$(basename ${JOBLOGNAME})
#*****************************************************************************************
WORKFILE=${JOBNAME}_oem_job_datafile.tmp
#-----------------------------------------------------------------------------------------
(sqlplus -s << % 2>&1)
${MPTUSERID}
SET VERIFY OFF
SET FEEDBACK OFF
SET TAB OFF
SET LINESIZE 100
SET PAGES 0
SET TRIMSPOOL ON
whenever sqlerror exit sql.sqlcode
    exec pkg_oem_job_datafile.p_oem_job_datafile_sel_04(p_reformat_job  => '${REFORMATJOB}', \
                                                        p_tmp_directory => '${OBJ_TMPDIR}',  \
                                                        p_tmp_filename  => '${WORKFILE}',    \
                                                        p_log_directory => '${OBJ_LOGDIR}',  \
                                                        p_log_filename  => '${LOGFILE%.log}.db.log');
QUIT;
%

# rj132422 - This code was added to avoid race condition between db and shell due the nfs
DB_LOG=${LOGDIR}/${LOGFILE%.log}.db.log
if [ -s "$DB_LOG" ]; then
    cat "$DB_LOG" >> "${LOGDIR}/${LOGFILE}"
    rm  "$DB_LOG"
fi

#-----------------------------------------------------------------------------------------
export WORKFILE=${RACE}/tmp/${WORKFILE}
#*****************************************************************************************
# END oem_job_datafile.ksh
#*****************************************************************************************
+ print 'RCS : oem_job_datafile.ksh,v 1.7 2008/10/09 22:16:34 jw97143 Exp $'
RCS : oem_job_datafile.ksh,v 1.7 2008/10/09 22:16:34 jw97143 Exp $
+ trap 'oem_abndalrt.ksh $?' err
cat ${RACE}/prm/zmptpass.prm
+ cat /mdev/race/oem/prm/zmptpass.prm
+ MPTUSERID=racejob/q1w2e3r4
+ basename /mdev/race/oem/log/mptr299_20260702103758.log
+ LOGFILE=mptr299_20260702103758.log
+ WORKFILE=mptr299_oem_job_datafile.tmp
+ sqlplus -s
+ 0<< \%
racejob/q1w2e3r4
SET VERIFY OFF
SET FEEDBACK OFF
SET TAB OFF
SET LINESIZE 100
SET PAGES 0
SET TRIMSPOOL ON
whenever sqlerror exit sql.sqlcode
    exec pkg_oem_job_datafile.p_oem_job_datafile_sel_04(p_reformat_job  => 'mptr299',                                                         p_tmp_directory => 'RACE_OEM_TMP_DIR',                                                          p_tmp_filename  => 'mptr299_oem_job_datafile.tmp',                                                            p_log_directory => 'RACE_OEM_LOG_DIR',                                                          p_log_filename  => 'mptr299_20260702103758.db.log');
QUIT;
%
2>& 1
+ DB_LOG=/mdev/race/oem/log/mptr299_20260702103758.db.log
+ [ -s /mdev/race/oem/log/mptr299_20260702103758.db.log ]
+ cat /mdev/race/oem/log/mptr299_20260702103758.db.log
+ 1>> /mdev/race/oem/log/mptr299_20260702103758.log

1^mptr299_xftp_tesla.zipped^^^^X^A^^^mptr299_araw_tesla.zip^TeslaData.zip^1^^mptr299_ftp_tes_us.prm^^^

+ rm /mdev/race/oem/log/mptr299_20260702103758.db.log
+ WORKFILE=/mdev/race/oem/tmp/mptr299_oem_job_datafile.tmp
+ export WORKFILE
OEM_JOB_DATAFILE_INFO=${RACE}/tmp/${JOBNAME}_oem_job_datafile.tmp
+ OEM_JOB_DATAFILE_INFO=/mdev/race/oem/tmp/mptr299_oem_job_datafile.tmp
#XTAB_FILE_NAME=`sed -n -e "1p"          < ${OEM_JOB_DATAFILE_INFO}| cut -f3  -d"^"`
#XTAB_TABLE_NAME=`sed -n -e "1p"         < ${OEM_JOB_DATAFILE_INFO}| cut -f4  -d"^"`
#FORMAT_INDICATOR=`sed -n -e "1p"        < ${OEM_JOB_DATAFILE_INFO}| cut -f7  -d"^"`
#SOURCE_FIELD_DELIMITER=`sed -n -e "1p"  < ${OEM_JOB_DATAFILE_INFO}| cut -f8  -d"^"`
#TARGET_FIELD_SIZE=`sed -n -e "1p"       < ${OEM_JOB_DATAFILE_INFO}| cut -f9  -d"^"`         
INPUT_FILE_NAME=`sed -n -e "1p"         < ${OEM_JOB_DATAFILE_INFO}| cut -f2  -d"^"`
sed -n -e "1p"         < ${OEM_JOB_DATAFILE_INFO}| cut -f2  -d"^"
+ sed -n -e 1p
+ cut -f2 -d^
+ 0< /mdev/race/oem/tmp/mptr299_oem_job_datafile.tmp
+ INPUT_FILE_NAME=mptr299_xftp_tesla.zipped
FTP_PROGRAM_NAME=`sed -n -e "1p"        < ${OEM_JOB_DATAFILE_INFO}| cut -f5  -d"^"`
sed -n -e "1p"        < ${OEM_JOB_DATAFILE_INFO}| cut -f5  -d"^"
+ sed -n -e 1p
+ cut -f5 -d^
+ 0< /mdev/race/oem/tmp/mptr299_oem_job_datafile.tmp
+ FTP_PROGRAM_NAME=''
FTP_LOCATION_CODE=`sed -n -e "1p"       < ${OEM_JOB_DATAFILE_INFO}| cut -f6  -d"^"`
sed -n -e "1p"       < ${OEM_JOB_DATAFILE_INFO}| cut -f6  -d"^"
+ sed -n -e 1p
+ cut -f6 -d^
+ 0< /mdev/race/oem/tmp/mptr299_oem_job_datafile.tmp
+ FTP_LOCATION_CODE=X
BACKUP_SOURCE_FILE_NAME=`sed -n -e "1p" < ${OEM_JOB_DATAFILE_INFO}| cut -f10 -d"^"`
sed -n -e "1p" < ${OEM_JOB_DATAFILE_INFO}| cut -f10 -d"^"
+ sed -n -e 1p
+ cut -f10 -d^
+ 0< /mdev/race/oem/tmp/mptr299_oem_job_datafile.tmp
+ BACKUP_SOURCE_FILE_NAME=mptr299_araw_tesla.zip
SOURCE_FILE=${RACE}/dat/${BACKUP_SOURCE_FILE_NAME}
+ SOURCE_FILE=/mdev/race/oem/dat/mptr299_araw_tesla.zip
FTP_SOURCE_FILE_NAME=`sed -n -e "1p"    < ${OEM_JOB_DATAFILE_INFO}| cut -f11 -d"^"`
sed -n -e "1p"    < ${OEM_JOB_DATAFILE_INFO}| cut -f11 -d"^"
+ sed -n -e 1p
+ cut -f11 -d^
+ 0< /mdev/race/oem/tmp/mptr299_oem_job_datafile.tmp
+ FTP_SOURCE_FILE_NAME=TeslaData.zip
# Some file names contain executable commands -- flush them out
eval FTP_SOURCE_FILE_NAME=${FTP_SOURCE_FILE_NAME} 
+ eval FTP_SOURCE_FILE_NAME=TeslaData.zip
FTP_SOURCE_FILE_NAME=TeslaData.zip+ FTP_SOURCE_FILE_NAME=TeslaData.zip
FTP_PARM_FILE_NAME=`sed -n -e "1p"      < ${OEM_JOB_DATAFILE_INFO}| cut -f14  -d"^"`         
sed -n -e "1p"      < ${OEM_JOB_DATAFILE_INFO}| cut -f14  -d"^"
+ sed -n -e 1p
+ cut -f14 -d^
+ 0< /mdev/race/oem/tmp/mptr299_oem_job_datafile.tmp
+ FTP_PARM_FILE_NAME=mptr299_ftp_tes_us.prm
#*****************************************************************************************

#STEP Step010R
  export STEPNAME=Step010R
+ STEPNAME=Step010R
+ export STEPNAME
  echo "\n\nSTART ---> ${PROCNAME} ${STEPNAME}" $(date +'%m/%d/%y %H:%M:%S')  " <--- START\n\n"
+ date '+%m/%d/%y %H:%M:%S'
+ echo '\n\nSTART ---> mptr299_oem_ref_mptr299_ftp_tesla_source_file Step010R' 07/02/26 10:37:59 ' <--- START\n\n'
\n\nSTART ---> mptr299_oem_ref_mptr299_ftp_tesla_source_file Step010R 07/02/26 10:37:59  <--- START\n\n
  oem_job_status_update.ksh "R" "${STEPNAME} oem_ref_mptr299_ftp_tesla_source_file"
+ oem_job_status_update.ksh R 'Step010R oem_ref_mptr299_ftp_tesla_source_file'
  #**************************************************************************************
  #  Transfer the file(s) defined in the oem_job_datafile table
  #**************************************************************************************
  . oem_job_datafile_prep.ksh                 


+ . oem_job_datafile_prep.ksh
#!/bin/ksh
#$Id: oem_job_datafile_prep.ksh,v 1.12 2014/11/26 19:09:27 pg2697 Exp $
#**************************************************************************************************
#     oem_job_datafile_prep.ksh
#**************************************************************************************************
## from Wikipedia: When a child process is created, it inherits all the environment variables
##                 and their values from the parent process. e.g. from oem_ref.ksh set -vx

echo "\n*** Begin oem_job_datafile_prep.ksh ${INPUT_FILE_NAME} ***\n"
trap 'oem_abndalrt.ksh $?' err

###################################################################################################
# Determine where the Input File is located and transfer it to Unix
#   Option 1 Input File is on external FTP site and a special program has been written
#   Option 2 Input File found in the RACE data directory
#   Option 3 Input File is on the Mitchell FTP Site
#   Option 4 None of the above?  Then Input File HAS TO BE on the Novell directory.
###################################################################################################

STEP010_FILEOUT=${RACE}/dat/${BACKUP_SOURCE_FILE_NAME}

if [ ! -z "${FTP_PROGRAM_NAME}" ]
then
		  #################################################################################################
		  #
		  #         Option 1 Input File is on external FTP site and a special program has been written

  echo "\n*** Option 1 Input File is on external FTP site and a special program has been written\n"

  FTP_PULL_TARGET=${RACE}/tmp/${INPUT_FILE_NAME}
  rm -f ${FTP_PULL_TARGET}

		  #  Run the customized program parameters to logon to OEM's FTP site and retrieve file
		  #  This information is maintained in oem_job_datafile.ftp_program_name
		  #                             and in oem_job_datafile.ftp_parm_file_name

                     #set up MAIL_TEXT to capture any error msgs in the subscript that gets the file from the External Site
    export MAIL_TEXT=${RACE}/tmp/${JOBNAME}_email_text.tmp
    rm -f ${MAIL_TEXT}

                     ## Log sftp processing
   export SFTP_LOG=${RACE}/tmp/${JOBNAME}_sftp_${FILE_SEQUENCE}_log_$(date +'%Y%m%d%H%M%S').tmp
   ${FTP_PROGRAM_NAME} ${RACE}/prm/${FTP_PARM_FILE_NAME} ${FTP_SOURCE_FILE_NAME} ${FTP_PULL_TARGET}

		     # Verify that the file copied exists and that it contains data
  if [ ! -s ${FTP_PULL_TARGET} ]
  then

	 	     #**********************************************************************************************
		     # Send email notification
		     #**********************************************************************************************
    MAIL_RECIP="$(awk '{print $1}' ${RACE}/prm/oem_job_datafile_prep_xftp_email_address.prm)"
    MAIL_SUBJECT="Error in job ${JOBNAME} ${JOBOEMNAME} ${JOBOEM} ${JOBCTRY}: An external FTP file was NOT retrieved"
    echo "\nThis file ${FTP_PULL_TARGET} was NOT retrieved from the External FTP Site:\n"                >> ${MAIL_TEXT}
    echo "      ${FTP_SOURCE_FILE_NAME}\n"                                            >> ${MAIL_TEXT}
    echo "What to do?\n"                                                              >> ${MAIL_TEXT}
    echo "   1. Has the data provider placed their input file on the FTP site?"       >> ${MAIL_TEXT}
    echo "      Yes - Determine if the filename is correct (case matters in Unix)"    >> ${MAIL_TEXT}
    echo "       No - Request that the data provider update their FTP site.\n"        >> ${MAIL_TEXT}
    echo "   2. Did the filename change?"                                             >> ${MAIL_TEXT}
    echo "      Yes - Request update to Oracle table: oem_job.ftp_program_name"       >> ${MAIL_TEXT}
    echo "       No - Forward this email to Rpt.OEM.Developers for programming support!\n" >> ${MAIL_TEXT}
    echo "When ready, it is OK to restart this job: ${JOBNAME} ${STEPNAME}"           >> ${MAIL_TEXT}

    if [ ${THISHOST} = ${TESTHOST} ]
    then
      mailx -s "TEST - $MAIL_SUBJECT" "Gail.Walder@Mitchell.com" < ${MAIL_TEXT}
    else
      mailx -s "$MAIL_SUBJECT" ${MAIL_RECIP} < ${MAIL_TEXT}
    fi
    $(oem_abndalrt.ksh FTP.file.error)
  else
      if [ -s ${SFTP_LOG} ]
      then
         cat ${SFTP_LOG}
      fi
      echo "\nSource File Successfully Pulled to ${FTP_PULL_TARGET}\n"
  fi

		    # Determine if the FTP'd file is zipped (or ZIPped)
  export FILE_SUFFIX=`echo ${INPUT_FILE_NAME} | cut -f2  -d"."`
  if [[ "${FILE_SUFFIX}" = "zip" || "${FILE_SUFFIX}" = "ZIP" ]]
  then
     gunzip -c ${FTP_PULL_TARGET} > ${STEP010_FILEOUT}
  else
    cp ${FTP_PULL_TARGET} ${STEP010_FILEOUT}
  fi

  RECCNT1=$(wc -c ${STEP010_FILEOUT} | awk ' {print $1}' )
  if [ "${RECCNT1}" = "0" ]
  then
    echo "\n*****************************************************************"
    echo "Copied or gunzip'd file ${STEP010_FILEOUT} is bad. Record Count = 0"
    echo "********************************************************************\n"
    $(oem_abndalrt.ksh 911)
  else
    echo "\nCopied or gunzip'd file ${STEP010_FILEOUT} is good\n"
  fi

  rm -f ${FTP_PULL_TARGET}

                    # End Option 1
		    #################################################################################################
else
   if [[ $(echo ${INPUT_FILE_NAME} | awk -F "." '{ print $NF }') = "dat(0)" ]]
   then
     export INPUT_FILE_NAME_EXPANDED=$(setgdg.ksh "${RACE}/dat/${INPUT_FILE_NAME}")
   else
     export INPUT_FILE_NAME_EXPANDED=${RACE}/dat/${INPUT_FILE_NAME}
   fi


  if [ -s ${INPUT_FILE_NAME_EXPANDED} ]
  then
		      ###############################################################################################
 		      #
		      #           Option 2 Input File found in the RACE data directory

    echo "\n*** Option 2 Input File ${INPUT_FILE_NAME_EXPANDED} found in the RACE data directory.\n"

    cp ${INPUT_FILE_NAME_EXPANDED} ${STEP010_FILEOUT}

                      # End Option 2
		      ###############################################################################################
  else
    if [ "${FTP_LOCATION_CODE}" = "M" ]
    then
		      #############################################################################################
		      #
		      #           Option 3 Input File is on the Mitchell FTP Site

      echo "\n*** Option 3 Input File ${INPUT_FILE_NAME_EXPANDED} is on the Mitchell FTP Site.\n"

      . oem_job_process_mitchell_ftp_file.ksh "GETIT"

                      # End Option 3
		      #############################################################################################
    else
		      #############################################################################################
		      #
		      #           Option 4 None of the above?  Then Input File HAS TO BE on the Novell directory.

      echo "\n*** Option 4 None of the above?  Then Input File ${INPUT_FILE_NAME_EXPANDED} HAS TO BE on the Novell directory."

      . oem_job_process_mitchell_ftp_file.ksh "GETMIT" # Change rj132422 20251023

                      # End OPtion 4
		      #############################################################################################
    fi
  fi
fi

#**************************************************************************************************
# END oem_job_datafile_prep.ksh
#**************************************************************************************************
+ echo '\n*** Begin oem_job_datafile_prep.ksh mptr299_xftp_tesla.zipped ***\n'
\n*** Begin oem_job_datafile_prep.ksh mptr299_xftp_tesla.zipped ***\n
+ trap 'oem_abndalrt.ksh $?' err
+ STEP010_FILEOUT=/mdev/race/oem/dat/mptr299_araw_tesla.zip
+ [ ! -z '' ]
+ echo mptr299_xftp_tesla.zipped
+ awk -F . '{ print $NF }'
+ [[ zipped = 'dat(0)' ]]
+ INPUT_FILE_NAME_EXPANDED=/mdev/race/oem/dat/mptr299_xftp_tesla.zipped
+ export INPUT_FILE_NAME_EXPANDED
+ [ -s /mdev/race/oem/dat/mptr299_xftp_tesla.zipped ]
+ [ X '=' M ]
+ echo '\n*** Option 4 None of the above?  Then Input File /mdev/race/oem/dat/mptr299_xftp_tesla.zipped HAS TO BE on the Novell directory.'
\n*** Option 4 None of the above?  Then Input File /mdev/race/oem/dat/mptr299_xftp_tesla.zipped HAS TO BE on the Novell directory.
+ . oem_job_process_mitchell_ftp_file.ksh GETMIT
#!/bin/ksh
#Id: oem_job_process_mitchell_ftp_file.ksh,v 1.3 2007/08/17 22:55:29 jw97143 Exp jw97143 $
#**************************************************************************************************
#    oem_job_process_mitchell_ftp_file.ksh
#**************************************************************************************************
echo "\n\n*** Begin oem_job_process_mitchell_ftp_file.ksh ${INPUT_FILE_NAME} ***\n\n"
trap 'oem_abndalrt.ksh $?' err
FILE_ACTION=$1
if [ $# -lt 1 ]
then
  echo "oem_job_process_mitchell_ftp_file.ksh requires input parameters"
  echo "   1. FILE_ACTION (GETIT or BACKUP)"
  oem_abndalrt.ksh oem_job_process_mitchell_ftp_file.ksh.parm.missing
fi
#**************************************************************************************************

if [ "${JOBCTRY}" = "PR" ]
then
   FTPSITE_DIRECTORY=${FTP_BUSINESS_PATH}/puerto_rico/${ACT_LVL}/incoming
else
   FTPSITE_DIRECTORY=${FTP_BUSINESS_PATH}/${JOBFILE_OEMCTRY}/${ACT_LVL}/incoming
fi

#**************************************************************************************************
# Retrieving files migrated from Novell process - rj132422 - 20251022 
if [ "${FILE_ACTION}" = "GETMIT" ]
then
    echo "Using Fixed Folder for Novell/NT to Mitchell FTP."

    export FTP_BUSINESS_PATH=${FTP_MITCHELL_BUSINESS_PATH}/${ACT_LVL}/oem/incoming

    FTPSITE_DIRECTORY=${FTP_BUSINESS_PATH}
	FILE_ACTION="GETIT"
    
fi
# **************************************************************************************************

###################################################################################################
#  Determine if the input file is using any wildcards, if so don't worry about the search
#  for UPPER and/or lower case filenames.
echo "\nDoes the input file name contain a wildcard?\n"
if expr "${INPUT_FILE_NAME}" : '.*[?*]'
then
  echo "${INPUT_FILE_NAME} contains wildcard."
  WORK_FTP_XFR_FILE_NAME=${INPUT_FILE_NAME}
else
  #  Build a temporary file containing all of the directory/filenames found in the OEM's incoming directory
  FTP_FILELIST=${RACE}/tmp/${JOBNAME}_${INPUT_FILE_NAME}_ftplist.tmp
  ssh -nq ${FTP_SITE} "ls -1 ${FTPSITE_DIRECTORY}/*.*" > ${FTP_FILELIST}
  #  Point to the 1st record in the temporary file
  RECORD_NUMBER=1
  while true
  do
    #  Determine the directory/filename contained in the current record
    WORK_FTP_DIR_FILE_NAME=`sed -n -e "${RECORD_NUMBER}p" < ${FTP_FILELIST} | cut -f1`
    # If WORK_FTP_DIR_FILE_NAME has no length,
    # then the value of RECORD_NUMBER exceeds the number of records in the file ... get out!
    if [ -z "${WORK_FTP_DIR_FILE_NAME}" ]
    then
      break
    fi
    WORK_FTP_XFR_FILE_NAME=$(basename ${WORK_FTP_DIR_FILE_NAME})
    WORK_FTP_XFR_FILE_NAME_LOWER="`echo ${WORK_FTP_XFR_FILE_NAME} | sed \
    "/.*/y/ABCDEFGHIJKLMNOPQRSTUVWXYZ/abcdefghijklmnopqrstuvwxyz/"`"
    WORK_INP_FILE_NAME=${INPUT_FILE_NAME}
    WORK_INP_FILE_NAME_LOWER="`echo ${WORK_INP_FILE_NAME} | sed \
    "/.*/y/ABCDEFGHIJKLMNOPQRSTUVWXYZ/abcdefghijklmnopqrstuvwxyz/"`"

    if [ "${WORK_FTP_XFR_FILE_NAME_LOWER}" = "${WORK_INP_FILE_NAME_LOWER}" ]
    then
      export INPUT_FILE_NAME=${WORK_FTP_XFR_FILE_NAME}
      break
    fi
    
    echo "\nFile names do not match . . . increment record number"
    RECORD_NUMBER=`expr ${RECORD_NUMBER} + 1`
  done
fi
###################################################################################################

###################################################################################################
if [ "${FILE_ACTION}" = "GETIT" ]
then
  if [ "${INPUT_FILE_NAME}" = "${WORK_FTP_XFR_FILE_NAME}" ]
  then
    FTP_XFR_FILE_NAME=${RACE}/tmp/${JOBNAME}_${INPUT_FILE_NAME}
    # If the file to be transferred already exists, remove it
    rm -f ${FTP_XFR_FILE_NAME}
    echo "\nPreparing to scp file to ${FTP_XFR_FILE_NAME}\n"
    scp ${FTP_SITE}:${FTPSITE_DIRECTORY}/${INPUT_FILE_NAME} ${FTP_XFR_FILE_NAME}
    # Verify that the file copied exists and that it contains data
    if [ ! -s ${FTP_XFR_FILE_NAME} ]
    then
      echo "\n*********************************************************************************"
      echo "File that was copied is empty or it does not exist!"
      echo "Source: ${FTP_SITE}:${FTPSITE_DIRECTORY}/${INPUT_FILE_NAME}"
      echo "Target: ${FTP_XFR_FILE_NAME}"
      echo "*********************************************************************************\n"
      $(abndalrt.ksh 911)
    else
      echo "\nInput file pulled from Mitchell FTP Site is good\n"
    fi

    # Determine if the FTP'd file is zipped (or ZIPped)
    if [[ $( echo $INPUT_FILE_NAME | awk -F "." '{ print $NF }' ) = "g01" ]]
    then
       exit 0                           # exit if first g01
    fi
      
    export FILE_SUFFIX="."$( echo ${INPUT_FILE_NAME} | awk -F "." '{ print $NF }' )
    echo "\nFILE_SUFFIX: ${FILE_SUFFIX}\n"
    if [[ "${FILE_SUFFIX}" = ".zip" || "${FILE_SUFFIX}" = ".ZIP" ]]
    then
      echo "gunzip -c ${FTP_XFR_FILE_NAME} > ${STEP010_FILEOUT}"
      gunzip -c ${FTP_XFR_FILE_NAME} > ${STEP010_FILEOUT}
    else
      cp ${FTP_XFR_FILE_NAME} ${STEP010_FILEOUT}
    fi

    RECCNT1=$(wc -c ${STEP010_FILEOUT} | awk ' {print $1}' )
    if [ "${RECCNT1}" = "0" ]
    then
      echo "\n*************************************************"
      echo "copied or gunzip'd file ${STEP010_FILEOUT} is bad"
      echo "*************************************************\n"
      $(oem_abndalrt.ksh 911)
    else
      echo "\nCopied or gunzip'd file ${STEP010_FILEOUT} is good\n"
    fi
  else
    echo "\n************************************************************************"
    echo "Requested FTP File NOT Found: ${FTPSITE_DIRECTORY}/${INPUT_FILE_NAME}"
    echo "************************************************************************\n"
    $(oem_abndalrt.ksh ftp_file_not_found)
  fi
fi
###################################################################################################


###################################################################################################
# Remove the Production File
if [ "${FILE_ACTION}" = "BACKUP" ]
then
  if [ "${INPUT_FILE_NAME}" = "${WORK_FTP_XFR_FILE_NAME}" ]
  then
    export FTP_SITE_FILE_NAME=${FTPSITE_DIRECTORY}/${INPUT_FILE_NAME}
    if [ ${THISHOST} = ${PRODHOST} ]
    then
      echo "\nPreparing to remove file: ${FTP_SITE_FILE_NAME}\n"
      ssh -nq ${FTP_SITE} rm -f ${FTP_SITE_FILE_NAME}
    fi
  else
    echo "\n************************************************************************"
    echo "Requested Site FTP File NOT Found: ${FTP_SITE_FILE_NAME}"
    echo "************************************************************************\n"
  fi
  ###################################################################################################
  # At this point, a transferred FTP file is sitting in /tmp
  # Back it up to /dat (WITHOUT the '*' because Novell backup fails with the '*')
  # Remove the Mitchell FTP Site files
  # - - - - - - - - - - - - - - - - - - - - - - - - - - - - - - - - - - - - - - - - - - - - - - - -
  # Make the file name lower case   
  INPUT_FILE_NAME_LOWER="`echo ${INPUT_FILE_NAME} | sed \
  "/.*/y/ABCDEFGHIJKLMNOPQRSTUVWXYZ/abcdefghijklmnopqrstuvwxyz/"`"
  # Remove the '*' 
  WORK_FTP_FILE_NAME="`echo ${JOBNAME}_${INPUT_FILE_NAME_LOWER} | sed s/*/./`"

  BACKUP_FTP_FILE=${RACE}/dat/${WORK_FTP_FILE_NAME}  
  EXISTING_FTP_FILE=$( setgdg.ksh "${BACKUP_FTP_FILE}(0)" )
  NEW_XFR_FTP_FILE=$( setgdg.ksh "${BACKUP_FTP_FILE}(+1)" NEW 2)
  # - - - - - - - - - - - - - - - - - - - - - - - - - - - - - - - - - - - - - - - - - - - - - - - -
  # - - - - - - - - - - - - - - - - - - - - - - - - - - - - - - - - - - - - - - - - - - - - - - - -
  # Backup the existing FTP'd file
  if [ -e ${EXISTING_FTP_FILE} ]
  then
    # Copy to ftp_data on 'Prod3nt\Cdprod02' bkup directory 
    FTP_LOGFILE=$RACE/tmp/${JOBNAME}_ftp_transfer_log.tmp
    fileput.exp ${EXISTING_FTP_FILE} ${WORK_FTP_FILE_NAME} ${NOVELL}oem/bkup | tee ${FTP_LOGFILE}
    # Verify the copy      
    GOODBYTECOUNT="$(wc -c ${EXISTING_FTP_FILE} | awk '{print $1}')"
    FTPBYTECOUNT="$(cat ${FTP_LOGFILE} | grep 'Information returned by' | awk '{print $1}')"   
    if [ ${GOODBYTECOUNT} -eq ${FTPBYTECOUNT} ]
    then
      echo "Successful ftp ${EXISTING_FTP_FILE}: ftp count = ${GOODBYTECOUNT}"
    else
      echo "ftp ${EXISTING_FTP_FILE} failed: ftp says ${FTPBYTECOUNT}, real count is ${GOODBYTECOUNT}"
      oem_abndalrt.ksh ftp_put
    fi
  fi
  # - - - - - - - - - - - - - - - - - - - - - - - - - - - - - - - - - - - - - - - - - - - - - - - -
  # - - - - - - - - - - - - - - - - - - - - - - - - - - - - - - - - - - - - - - - - - - - - - - - -
  # Backup the newly transferred file from /tmp to /dat
  #P. Becotte added below:
  echo "INPUT_FILE_NAME= ${INPUT_FILE_NAME}"
  echo "FTP_XFR_FILE_NAME before re-valuing= ${FTP_XFR_FILE_NAME}"
  FTP_XFR_FILE_NAME=${RACE}/tmp/${JOBNAME}_${INPUT_FILE_NAME}
  echo "FTP_XFR_FILE_NAME= ${FTP_XFR_FILE_NAME}"
  #P. Becotted end of change
  cp ${FTP_XFR_FILE_NAME} ${NEW_XFR_FTP_FILE}
  # Copy to ftp_data on 'Prod3nt\Cdprod02' bkup directory 
  FTP_LOGFILE=$RACE/tmp/${JOBNAME}_ftp_transfer_log_new.tmp   
  fileput.exp ${NEW_XFR_FTP_FILE} ${WORK_FTP_FILE_NAME} ${NOVELL}oem | tee ${FTP_LOGFILE}
  GOODBYTECOUNT="$(wc -c ${NEW_XFR_FTP_FILE} | awk '{print $1}')"
  FTPBYTECOUNT="$(cat ${FTP_LOGFILE} | grep 'Information returned by' | awk '{print $1}')" 
  if [ ${GOODBYTECOUNT} -eq ${FTPBYTECOUNT} ]
  then
    echo "Successful ftp ${NEW_XFR_FTP_FILE}: ftp count = ${GOODBYTECOUNT}"
  else
    echo "ftp ${NEW_XFR_FTP_FILE} failed: ftp says ${FTPBYTECOUNT}, real count is ${GOODBYTECOUNT}"
    oem_abndalrt.ksh ftp_put
  fi
  # - - - - - - - - - - - - - - - - - - - - - - - - - - - - - - - - - - - - - - - - - - - - - - - -   
fi
###################################################################################################   

#**************************************************************************************************
# END oem_job_process_mitchell_ftp_file.ksh
#**************************************************************************************************
+ echo '\n\n*** Begin oem_job_process_mitchell_ftp_file.ksh mptr299_xftp_tesla.zipped ***\n\n'
\n\n*** Begin oem_job_process_mitchell_ftp_file.ksh mptr299_xftp_tesla.zipped ***\n\n
+ trap 'oem_abndalrt.ksh $?' err
+ FILE_ACTION=GETMIT
+ [ 1 -lt 1 ]
+ [ US '=' PR ]
+ FTPSITE_DIRECTORY=/ftp1/Business_Partners/tes_us/mdev/incoming
+ [ GETMIT '=' GETMIT ]
+ echo 'Using Fixed Folder for Novell/NT to Mitchell FTP.'
Using Fixed Folder for Novell/NT to Mitchell FTP.
+ FTP_BUSINESS_PATH=/prod/data/ftp/Business_Partners/mitchell/mdev/oem/incoming
+ export FTP_BUSINESS_PATH
+ FTPSITE_DIRECTORY=/prod/data/ftp/Business_Partners/mitchell/mdev/oem/incoming
+ FILE_ACTION=GETIT
+ echo '\nDoes the input file name contain a wildcard?\n'
\nDoes the input file name contain a wildcard?\n
+ expr mptr299_xftp_tesla.zipped : '.*[?*]'
0
+ FTP_FILELIST=/mdev/race/oem/tmp/mptr299_mptr299_xftp_tesla.zipped_ftplist.tmp
+ ssh -nq ftp-ssh.mitchell.com 'ls -1 /prod/data/ftp/Business_Partners/mitchell/mdev/oem/incoming/*.*'
+ 1> /mdev/race/oem/tmp/mptr299_mptr299_xftp_tesla.zipped_ftplist.tmp
+ RECORD_NUMBER=1
+ true
sed -n -e "${RECORD_NUMBER}p" < ${FTP_FILELIST} | cut -f1
+ sed -n -e 1p
+ cut -f1
+ 0< /mdev/race/oem/tmp/mptr299_mptr299_xftp_tesla.zipped_ftplist.tmp
+ WORK_FTP_DIR_FILE_NAME=/prod/data/ftp/Business_Partners/mitchell/mdev/oem/incoming/2026-06-26_TeslaData.epcsemiestimate.zip
+ [ -z /prod/data/ftp/Business_Partners/mitchell/mdev/oem/incoming/2026-06-26_TeslaData.epcsemiestimate.zip ]
+ basename /prod/data/ftp/Business_Partners/mitchell/mdev/oem/incoming/2026-06-26_TeslaData.epcsemiestimate.zip
+ WORK_FTP_XFR_FILE_NAME=2026-06-26_TeslaData.epcsemiestimate.zip
echo ${WORK_FTP_XFR_FILE_NAME} | sed     "/.*/y/ABCDEFGHIJKLMNOPQRSTUVWXYZ/abcdefghijklmnopqrstuvwxyz/"
+ echo 2026-06-26_TeslaData.epcsemiestimate.zip
+ sed '/.*/y/ABCDEFGHIJKLMNOPQRSTUVWXYZ/abcdefghijklmnopqrstuvwxyz/'
+ WORK_FTP_XFR_FILE_NAME_LOWER=2026-06-26_tesladata.epcsemiestimate.zip
+ WORK_INP_FILE_NAME=mptr299_xftp_tesla.zipped
echo ${WORK_INP_FILE_NAME} | sed     "/.*/y/ABCDEFGHIJKLMNOPQRSTUVWXYZ/abcdefghijklmnopqrstuvwxyz/"
+ sed '/.*/y/ABCDEFGHIJKLMNOPQRSTUVWXYZ/abcdefghijklmnopqrstuvwxyz/'
+ echo mptr299_xftp_tesla.zipped
+ WORK_INP_FILE_NAME_LOWER=mptr299_xftp_tesla.zipped
+ [ 2026-06-26_tesladata.epcsemiestimate.zip '=' mptr299_xftp_tesla.zipped ]
+ echo '\nFile names do not match . . . increment record number'
\nFile names do not match . . . increment record number
expr ${RECORD_NUMBER} + 1
+ expr 1 + 1
+ RECORD_NUMBER=2
+ true
sed -n -e "${RECORD_NUMBER}p" < ${FTP_FILELIST} | cut -f1
+ sed -n -e 2p
+ cut -f1
+ 0< /mdev/race/oem/tmp/mptr299_mptr299_xftp_tesla.zipped_ftplist.tmp
+ WORK_FTP_DIR_FILE_NAME=/prod/data/ftp/Business_Partners/mitchell/mdev/oem/incoming/2026-06-26_TeslaData.zip
+ [ -z /prod/data/ftp/Business_Partners/mitchell/mdev/oem/incoming/2026-06-26_TeslaData.zip ]
+ basename /prod/data/ftp/Business_Partners/mitchell/mdev/oem/incoming/2026-06-26_TeslaData.zip
+ WORK_FTP_XFR_FILE_NAME=2026-06-26_TeslaData.zip
echo ${WORK_FTP_XFR_FILE_NAME} | sed     "/.*/y/ABCDEFGHIJKLMNOPQRSTUVWXYZ/abcdefghijklmnopqrstuvwxyz/"
+ echo 2026-06-26_TeslaData.zip
+ sed '/.*/y/ABCDEFGHIJKLMNOPQRSTUVWXYZ/abcdefghijklmnopqrstuvwxyz/'
+ WORK_FTP_XFR_FILE_NAME_LOWER=2026-06-26_tesladata.zip
+ WORK_INP_FILE_NAME=mptr299_xftp_tesla.zipped
echo ${WORK_INP_FILE_NAME} | sed     "/.*/y/ABCDEFGHIJKLMNOPQRSTUVWXYZ/abcdefghijklmnopqrstuvwxyz/"
+ echo mptr299_xftp_tesla.zipped
+ sed '/.*/y/ABCDEFGHIJKLMNOPQRSTUVWXYZ/abcdefghijklmnopqrstuvwxyz/'
+ WORK_INP_FILE_NAME_LOWER=mptr299_xftp_tesla.zipped
+ [ 2026-06-26_tesladata.zip '=' mptr299_xftp_tesla.zipped ]
+ echo '\nFile names do not match . . . increment record number'
\nFile names do not match . . . increment record number
expr ${RECORD_NUMBER} + 1
+ expr 2 + 1
+ RECORD_NUMBER=3
+ true
sed -n -e "${RECORD_NUMBER}p" < ${FTP_FILELIST} | cut -f1
+ sed -n -e 3p
+ cut -f1
+ 0< /mdev/race/oem/tmp/mptr299_mptr299_xftp_tesla.zipped_ftplist.tmp
+ WORK_FTP_DIR_FILE_NAME=''
+ [ -z '' ]
+ break
+ [ GETIT '=' GETIT ]
+ [ mptr299_xftp_tesla.zipped '=' 2026-06-26_TeslaData.zip ]
+ echo '\n************************************************************************'
\n************************************************************************
+ echo 'Requested FTP File NOT Found: /prod/data/ftp/Business_Partners/mitchell/mdev/oem/incoming/mptr299_xftp_tesla.zipped'
Requested FTP File NOT Found: /prod/data/ftp/Business_Partners/mitchell/mdev/oem/incoming/mptr299_xftp_tesla.zipped
+ echo '************************************************************************\n'
************************************************************************\n
+ oem_abndalrt.ksh ftp_file_not_found
/stage/race/share/bin/exec_restart.ksh: line 94: 1063192: Killed
