    Start  xexm630   Wed Jul 22 04:35:57 PM PDT 2026
1>> /mdev/race/ext/log/xexm630_20260722163557.log

##################################################################################
#  PROCNAME:   mh_extract.pl                                                     #
#  JOB DESCRIPTION:   MANHEIM UM/Ceg Data Extract                                #
##################################################################################
Start STEP010 Declare Prototypes & Initialize Variables  Wed Jul 22 04:35:58 PM PDT 2026
       race is: /mdev/race/ext
       obj_tmpdir is: RACE_EXT_TMP_DIR
       basedir is: /mdev/race/ext
       tmpdir is: /mdev/race/ext/tmp
       rptdir is: /mdev/race/ext/rpt
       datdir is: /mdev/race/ext/dat
       bindir is: /mdev/race/ext/bin
       logdir is: /mdev/race/ext/log
       prmdir is: /mdev/race/ext/prm
       jobname is: xexm630
       remote_filename: manheim_20260722.zip
       zip_file: /mdev/race/ext/dat/xexm630_manheim.zip

Start STEP020 Get Mailing List  Wed Jul 22 04:35:58 PM PDT 2026
       subr init_message: good open mailing list    Wed Jul 22 04:35:58 PM PDT 2026
       subr init_message: mail to: rafael.deitos@mitchell.com

Start STEP030 Get DB & FTP Login Info  Wed Jul 22 04:35:58 PM PDT 2026
       subr init: good open database info    Wed Jul 22 04:35:58 PM PDT 2026
       subr init: good open ftp info    Wed Jul 22 04:35:58 PM PDT 2026
       subr init: ftp info=site,user,password,path-> sftp-corp.mitchell.com, cegextracts, dryW0ca, test

Start STEP040 Get Restart STEP  Wed Jul 22 04:35:58 PM PDT 2026
       No Restart STEP

Start STEP050R Delete Previous Files  Wed Jul 22 04:35:58 PM PDT 2026
       files to delete
-rwx------. 1 rj132422@corp.int domain users@corp.int   2239343 Dec 30  2025 /mdev/race/ext/dat/xexm630_manheim_chrome_xref.dat
-rwx------. 1 rj132422@corp.int domain users@corp.int 997557978 Dec 30  2025 /mdev/race/ext/dat/xexm630_manheim_master.dat
-rwx------. 1 rj132422@corp.int domain users@corp.int  20724683 Dec 30  2025 /mdev/race/ext/dat/xexm630_manheim_note.dat
-rwx------. 1 rj132422@corp.int domain users@corp.int  31095017 Dec 30  2025 /mdev/race/ext/dat/xexm630_manheim_note_xref.dat
-rwx------. 1 rj132422@corp.int domain users@corp.int     11242 Dec 30  2025 /mdev/race/ext/dat/xexm630_manheim_prtc_body.dat
-rwx------. 1 rj132422@corp.int domain users@corp.int     97591 Dec 30  2025 /mdev/race/ext/dat/xexm630_manheim_ref_detail.dat
-rwx------. 1 rj132422@corp.int domain users@corp.int     42449 Dec 30  2025 /mdev/race/ext/dat/xexm630_manheim_ref_overlap.dat
-rwx------. 1 rj132422@corp.int domain users@corp.int    224639 Dec 30  2025 /mdev/race/ext/dat/xexm630_manheim_service.dat
-rwx------. 1 rj132422@corp.int domain users@corp.int   1486219 Dec 30  2025 /mdev/race/ext/dat/xexm630_manheim_ymm.dat
       Deleted Previous Files: /mdev/race/ext/dat/xexm630_*manheim*.dat Wed Jul 22 04:35:58 PM PDT 2026

Start STEP060R ORA Extract Files    Wed Jul 22 04:35:58 PM PDT 2026
       subr extract files:     Wed Jul 22 04:35:58 PM PDT 2026
       subr extract files: good database connect    Wed Jul 22 04:35:58 PM PDT 2026
       subr extract_files: get the function's dbms_output buffer
          Start function: SF_MANHEIM_EXTRACT 07/22/2026 16:35:58
          Process Thread Job Submission 07/22/2026 16:36:03
          End Job Submission 07/22/2026 16:36:03
          Start Population of Manheim EXT Tales 07/22/2026 16:36:03
          Load manheim_ref_overlap table 07/22/2026 16:36:03
          Load manheim_ref_detail table 07/22/2026 16:36:26
          Load manheim_clearcoat table 07/22/2026 16:36:27
          Load manheim_note table 07/22/2026 16:36:27
          Load manheim_note_xref table 07/22/2026 16:59:53
          Start Output of Data Files 07/22/2026 16:59:57
          Create manheim_service.txt 07/22/2026 16:59:57
          Create manheim_ymm.txt 07/22/2026 16:59:57
          Create manheim_master.txt 07/22/2026 17:00:11
          Create manheim_ref_overlap.txt 07/22/2026 17:01:22
          Create manheim_ref_detail.txt 07/22/2026 17:01:22
          Create manheim_prtc_body.txt 07/22/2026 17:01:23
          Create manheim_note_xref.txt 07/22/2026 17:01:23
          Create manheim_note.txt 07/22/2026 17:01:32
          Create manheim_chrome_xref.txt 07/22/2026 17:01:34
          End Output of Data Files 07/22/2026 17:01:35
       subr extract_files completed  Wed Jul 22 05:01:35 PM PDT 2026
       extracted tmp files
-rwx------. 1 oracle oinstall   2239343 Jul 22 17:01 /mdev/race/ext/tmp/manheim_chrome_xref.txt
-rwx------. 1 oracle oinstall 782861921 Jul 22 17:01 /mdev/race/ext/tmp/manheim_master.txt
-rwx------. 1 oracle oinstall  15940419 Jul 22 17:01 /mdev/race/ext/tmp/manheim_note.txt
-rwx------. 1 oracle oinstall  24658291 Jul 22 17:01 /mdev/race/ext/tmp/manheim_note_xref.txt
-rwx------. 1 oracle oinstall     11242 Jul 22 17:01 /mdev/race/ext/tmp/manheim_prtc_body.txt
-rwx------. 1 oracle oinstall     97591 Jul 22 17:01 /mdev/race/ext/tmp/manheim_ref_detail.txt
-rwx------. 1 oracle oinstall     42449 Jul 22 17:01 /mdev/race/ext/tmp/manheim_ref_overlap.txt
-rwx------. 1 oracle oinstall    178225 Jul 22 16:59 /mdev/race/ext/tmp/manheim_service.txt
-rwx------. 1 oracle oinstall   1486219 Jul 22 16:59 /mdev/race/ext/tmp/manheim_ymm.txt
End  STEP060R ORA Extract Files  Wed Jul 22 05:01:35 PM PDT 2026

Start STEP070R Zip Extracted Files  Wed Jul 22 05:01:35 PM PDT 2026
       changed dir to /mdev/race/ext/tmp
       Created /mdev/race/ext/dat/xexm630_manheim.zip
End  STEP070R Zip Extracted Data Files Wed Jul 22 05:02:32 PM PDT 2026

Start STEP075R Copy Extract Manheim Files    Wed Jul 22 05:02:32 PM PDT 2026
       copied extracted dat files
-rwx------. 1 pb0690@corp.int domain users@corp.int   2239343 Jul 22 17:02 /mdev/race/ext/dat/xexm630_manheim_chrome_xref.dat
-rwx------. 1 pb0690@corp.int domain users@corp.int 782861921 Jul 22 17:02 /mdev/race/ext/dat/xexm630_manheim_master.dat
-rwx------. 1 pb0690@corp.int domain users@corp.int  15940419 Jul 22 17:02 /mdev/race/ext/dat/xexm630_manheim_note.dat
-rwx------. 1 pb0690@corp.int domain users@corp.int  24658291 Jul 22 17:02 /mdev/race/ext/dat/xexm630_manheim_note_xref.dat
-rwx------. 1 pb0690@corp.int domain users@corp.int     11242 Jul 22 17:02 /mdev/race/ext/dat/xexm630_manheim_prtc_body.dat
-rwx------. 1 pb0690@corp.int domain users@corp.int     97591 Jul 22 17:02 /mdev/race/ext/dat/xexm630_manheim_ref_detail.dat
-rwx------. 1 pb0690@corp.int domain users@corp.int     42449 Jul 22 17:02 /mdev/race/ext/dat/xexm630_manheim_ref_overlap.dat
-rwx------. 1 pb0690@corp.int domain users@corp.int    178225 Jul 22 17:02 /mdev/race/ext/dat/xexm630_manheim_service.dat
-rwx------. 1 pb0690@corp.int domain users@corp.int   1486219 Jul 22 17:02 /mdev/race/ext/dat/xexm630_manheim_ymm.dat
End  STEP075R Rename/copy Extract Manheim Files  Wed Jul 22 05:02:35 PM PDT 2026

Start STEP080R  FTP Zip File to FTP Server Wed Jul 22 05:02:35 PM PDT 2026
       ABEND: *** ERROR connecting to sftp-corp.mitchell.com
  -1 Wed Jul 22 07:58:57 PM PDT 2026

 !!  PRODUCTION JOB--CONDITION CODE ERROR  !!
 !!     REPORT TO PRODUCTION CONTROL       !!
   ** xexm630:JOB failed, rc = 255 ** 07/22/26 19:58:57
   ** master script exit status 265
